Archive member included to satisfy reference by file (symbol)

app/libapp.a(main.c.obj)      (--whole-archive)
zephyr/libzephyr.a(validate_libc.c.obj)
                              (--whole-archive)
zephyr/libzephyr.a(heap.c.obj)
                              (--whole-archive)
zephyr/libzephyr.a(cbprintf_packaged.c.obj)
                              (--whole-archive)
zephyr/libzephyr.a(clock.c.obj)
                              (--whole-archive)
zephyr/libzephyr.a(printk.c.obj)
                              (--whole-archive)
zephyr/libzephyr.a(sem.c.obj)
                              (--whole-archive)
zephyr/libzephyr.a(thread_entry.c.obj)
                              (--whole-archive)
zephyr/libzephyr.a(cbprintf_complete.c.obj)
                              (--whole-archive)
zephyr/libzephyr.a(assert.c.obj)
                              (--whole-archive)
zephyr/libzephyr.a(mpsc_pbuf.c.obj)
                              (--whole-archive)
zephyr/libzephyr.a(dec.c.obj)
                              (--whole-archive)
zephyr/libzephyr.a(hex.c.obj)
                              (--whole-archive)
zephyr/libzephyr.a(rb.c.obj)  (--whole-archive)
zephyr/libzephyr.a(timeutil.c.obj)
                              (--whole-archive)
zephyr/libzephyr.a(bitarray.c.obj)
                              (--whole-archive)
zephyr/libzephyr.a(bitmask.c.obj)
                              (--whole-archive)
zephyr/libzephyr.a(onoff.c.obj)
                              (--whole-archive)
zephyr/libzephyr.a(notify.c.obj)
                              (--whole-archive)
zephyr/libzephyr.a(ring_buffer.c.obj)
                              (--whole-archive)
zephyr/libzephyr.a(last_section_id.c.obj)
                              (--whole-archive)
zephyr/libzephyr.a(configs.c.obj)
                              (--whole-archive)
zephyr/libzephyr.a(log_core.c.obj)
                              (--whole-archive)
zephyr/libzephyr.a(log_mgmt.c.obj)
                              (--whole-archive)
zephyr/libzephyr.a(log_cache.c.obj)
                              (--whole-archive)
zephyr/libzephyr.a(log_msg.c.obj)
                              (--whole-archive)
zephyr/libzephyr.a(log_output.c.obj)
                              (--whole-archive)
zephyr/libzephyr.a(mem_attr.c.obj)
                              (--whole-archive)
zephyr/libzephyr.a(tracing_none.c.obj)
                              (--whole-archive)
zephyr/libzephyr.a(cdc_acm_serial.c.obj)
                              (--whole-archive)
zephyr/libzephyr.a(kernel_shell.c.obj)
                              (--whole-archive)
zephyr/libzephyr.a(cycles.c.obj)
                              (--whole-archive)
zephyr/libzephyr.a(sleep.c.obj)
                              (--whole-archive)
zephyr/libzephyr.a(uptime.c.obj)
                              (--whole-archive)
zephyr/libzephyr.a(version.c.obj)
                              (--whole-archive)
zephyr/libzephyr.a(log-level.c.obj)
                              (--whole-archive)
zephyr/libzephyr.a(thread.c.obj)
                              (--whole-archive)
zephyr/libzephyr.a(list.c.obj)
                              (--whole-archive)
zephyr/libzephyr.a(stacks.c.obj)
                              (--whole-archive)
zephyr/libzephyr.a(suspend.c.obj)
                              (--whole-archive)
zephyr/libzephyr.a(resume.c.obj)
                              (--whole-archive)
zephyr/libzephyr.a(kill.c.obj)
                              (--whole-archive)
zephyr/libzephyr.a(device_service.c.obj)
                              (--whole-archive)
zephyr/libzephyr.a(date_service.c.obj)
                              (--whole-archive)
zephyr/libzephyr.a(devmem_service.c.obj)
                              (--whole-archive)
zephyr/libzephyr.a(shell_uart.c.obj)
                              (--whole-archive)
zephyr/libzephyr.a(shell.c.obj)
                              (--whole-archive)
zephyr/libzephyr.a(shell_fprintf.c.obj)
                              (--whole-archive)
zephyr/libzephyr.a(shell_utils.c.obj)
                              (--whole-archive)
zephyr/libzephyr.a(shell_ops.c.obj)
                              (--whole-archive)
zephyr/libzephyr.a(shell_log_backend.c.obj)
                              (--whole-archive)
zephyr/libzephyr.a(shell_help.c.obj)
                              (--whole-archive)
zephyr/libzephyr.a(shell_cmds.c.obj)
                              (--whole-archive)
zephyr/libzephyr.a(shell_history.c.obj)
                              (--whole-archive)
zephyr/libzephyr.a(shell_wildcard.c.obj)
                              (--whole-archive)
zephyr/arch/common/libarch__common.a(sw_isr_common.c.obj)
                              (--whole-archive)
zephyr/arch/common/libarch__common.a(init.c.obj)
                              (--whole-archive)
zephyr/arch/common/libarch__common.a(xip.c.obj)
                              (--whole-archive)
zephyr/arch/arch/arm/core/libarch__arm__core.a(fatal.c.obj)
[...]
Memory Configuration

Name             Origin             Length             Attributes
FLASH            0x0000000000027000 0x00000000000c5000 xr
RAM              0x0000000020000000 0x0000000000040000 xw
IDT_LIST         0x00000000ffff7fff 0x0000000000008000 xw
*default*        0x0000000000000000 0xffffffffffffffff

Linker script and memory map

                0x0000000000039730                vfprintf = __l_vfprintf
                0x0000000000000000                vfscanf = __l_vfscanf
LOAD zephyr/CMakeFiles/zephyr_pre0.dir/misc/empty_file.c.obj
LOAD zephyr/CMakeFiles/offsets.dir/./arch/arm/core/offsets/offsets.c.obj
LOAD app/libapp.a
LOAD zephyr/libzephyr.a
LOAD zephyr/arch/common/libarch__common.a
LOAD zephyr/arch/arch/arm/core/libarch__arm__core.a
LOAD zephyr/arch/arch/arm/core/cortex_m/libarch__arm__core__cortex_m.a
LOAD zephyr/arch/arch/arm/core/mpu/libarch__arm__core__mpu.a
LOAD zephyr/lib/libc/picolibc/liblib__libc__picolibc.a
LOAD zephyr/lib/libc/common/liblib__libc__common.a
LOAD zephyr/lib/posix/c_lib_ext/liblib__posix__c_lib_ext.a
LOAD zephyr/lib/net_buf/liblib__net_buf.a
LOAD zephyr/soc/soc/nrf52840/libsoc__nordic.a
LOAD zephyr/subsys/random/libsubsys__random.a
LOAD zephyr/subsys/usb/device_next/libsubsys__usb__device_next.a
LOAD zephyr/subsys/bluetooth/common/libsubsys__bluetooth__common.a
LOAD zephyr/subsys/bluetooth/host/libsubsys__bluetooth__host.a
LOAD zephyr/subsys/bluetooth/controller/libsubsys__bluetooth__controller.a
LOAD zephyr/subsys/bluetooth/controller/ll_sw/nordic/libsubsys__bluetooth__controller__ll_sw__nordic.a
LOAD zephyr/drivers/usb/udc/libdrivers__usb__udc.a
LOAD zephyr/drivers/usb/common/nrf_usbd_common/libdrivers__usb__common__nrf_usbd_common.a
LOAD zephyr/drivers/clock_control/libdrivers__clock_control.a
LOAD zephyr/drivers/console/libdrivers__console.a
LOAD zephyr/drivers/entropy/libdrivers__entropy.a
LOAD zephyr/drivers/gpio/libdrivers__gpio.a
LOAD zephyr/drivers/hwinfo/libdrivers__hwinfo.a
LOAD zephyr/drivers/pinctrl/libdrivers__pinctrl.a
LOAD zephyr/drivers/regulator/libdrivers__regulator.a
LOAD zephyr/drivers/serial/libdrivers__serial.a
LOAD zephyr/drivers/timer/libdrivers__timer.a
LOAD zephyr/drivers/watchdog/libdrivers__watchdog.a
LOAD modules/hal_nordic/nrfx/libnrfx.a
LOAD zephyr/kernel/libkernel.a
LOAD zephyr/arch/common/libisr_tables.a
LOAD /home/dayang/zephyr-sdk-0.17.4/arm-zephyr-eabi/bin/../lib/gcc/../../picolibc/arm-zephyr-eabi/lib/thumb/v7e-m/nofp/libc.a
LOAD /home/dayang/zephyr-sdk-0.17.4/arm-zephyr-eabi/bin/../lib/gcc/arm-zephyr-eabi/12.2.0/thumb/v7e-m/nofp/libgcc.a
                0x0000000000000020                _region_min_align = 0x20

.rel.plt        0x0000000000027000        0x0
 *(SORT_BY_ALIGNMENT(.rel.plt))
                [!provide]                        PROVIDE (__rel_iplt_start = .)
 *(SORT_BY_ALIGNMENT(.rel.iplt))
 .rel.iplt      0x0000000000027000        0x0 app/libapp.a(main.c.obj)
                [!provide]                        PROVIDE (__rel_iplt_end = .)

.rela.plt       0x0000000000000000        0x0
 *(SORT_BY_ALIGNMENT(.rela.plt))
                [!provide]                        PROVIDE (__rela_iplt_start = .)
 *(SORT_BY_ALIGNMENT(.rela.iplt))
                [!provide]                        PROVIDE (__rela_iplt_end = .)

.rel.dyn
 *(SORT_BY_ALIGNMENT(.rel.*))

.rela.dyn
 *(SORT_BY_ALIGNMENT(.rela.*))

/DISCARD/
 *(SORT_BY_ALIGNMENT(.plt))

/DISCARD/
 *(SORT_BY_ALIGNMENT(.iplt))
                0x0000000000027000                __rom_region_start = 0x27000

rom_start       0x0000000000027000      0x100
                0x0000000000027000                __rom_start_address = .
 FILL mask 0x00
                0x0000000000027000                . = (. + (0x0 - (. - __rom_start_address)))
                0x0000000000027000                . = ALIGN (0x4)
                0x0000000000027000                . = ALIGN (0x80)
                0x0000000000027000                . = ALIGN (0x100)
                0x0000000000027000                _vector_start = .
 *(SORT_BY_ALIGNMENT(.exc_vector_table))
 *(SORT_BY_ALIGNMENT(.exc_vector_table.*))
 .exc_vector_table._vector_table_section
                0x0000000000027000       0x40 zephyr/arch/arch/arm/core/cortex_m/libarch__arm__core__cortex_m.a(vector_table.S.obj)
                0x0000000000027000                _vector_table
 *(SORT_BY_ALIGNMENT(.vectors))
                0x0000000000027100                _vector_end = .
                0x0000000000027040                . = ALIGN (0x4)
 *(SORT_BY_ALIGNMENT(.gnu.linkonce.irq_vector_table*))
 .gnu.linkonce.irq_vector_table
                0x0000000000027040       0xc0 zephyr/arch/common/libisr_tables.a(isr_tables.c.obj)
                0x0000000000027040                _irq_vector_table
                0x0000000000027100                _vector_end = .

text            0x0000000000027100    0x187d0
                0x0000000000027100                __text_region_start = .
 *(SORT_BY_ALIGNMENT(.text))
 .text          0x0000000000027100       0xa0 /home/dayang/zephyr-sdk-0.17.4/arm-zephyr-eabi/bin/../lib/gcc/arm-zephyr-eabi/12.2.0/thumb/v7e-m/nofp/libgcc.a(_aeabi_ldivmod.o)
                0x0000000000027100                __aeabi_ldivmod
 .text          0x00000000000271a0       0x30 /home/dayang/zephyr-sdk-0.17.4/arm-zephyr-eabi/bin/../lib/gcc/arm-zephyr-eabi/12.2.0/thumb/v7e-m/nofp/libgcc.a(_aeabi_uldivmod.o)
                0x00000000000271a0                __aeabi_uldivmod
 .text          0x00000000000271d0        0x4 /home/dayang/zephyr-sdk-0.17.4/arm-zephyr-eabi/bin/../lib/gcc/arm-zephyr-eabi/12.2.0/thumb/v7e-m/nofp/libgcc.a(_dvmd_tls.o)
                0x00000000000271d0                __aeabi_ldiv0
                0x00000000000271d0                __aeabi_idiv0
 .text          0x00000000000271d4       0x14 /home/dayang/zephyr-sdk-0.17.4/arm-zephyr-eabi/bin/../lib/gcc/../../picolibc/arm-zephyr-eabi/lib/thumb/v7e-m/nofp/libc.a(strcmp.S.o)
                0x00000000000271d4                strcmp
 .text          0x00000000000271e8       0x10 /home/dayang/zephyr-sdk-0.17.4/arm-zephyr-eabi/bin/../lib/gcc/../../picolibc/arm-zephyr-eabi/lib/thumb/v7e-m/nofp/libc.a(strcpy.S.o)
                0x00000000000271e8                strcpy
 .text          0x00000000000271f8       0x10 /home/dayang/zephyr-sdk-0.17.4/arm-zephyr-eabi/bin/../lib/gcc/../../picolibc/arm-zephyr-eabi/lib/thumb/v7e-m/nofp/libc.a(strlen.S.o)
                0x00000000000271f8                strlen
 .text          0x0000000000027208      0x2a0 /home/dayang/zephyr-sdk-0.17.4/arm-zephyr-eabi/bin/../lib/gcc/arm-zephyr-eabi/12.2.0/thumb/v7e-m/nofp/libgcc.a(_udivmoddi4.o)
                0x0000000000027208                __udivmoddi4
 *(SORT_BY_ALIGNMENT(.text.*))
 .text.cmd_kernel_uptime
                0x00000000000274a8       0xe8 zephyr/libzephyr.a(uptime.c.obj)
 .text.ll_adv_enable
                0x0000000000027590      0x1c8 zephyr/subsys/bluetooth/controller/libsubsys__bluetooth__controller.a(ull_adv.c.obj)
                0x0000000000027590                ll_adv_enable
 .text.ull_adv_time_update
                0x0000000000027758       0xbc zephyr/subsys/bluetooth/controller/libsubsys__bluetooth__controller.a(ull_adv.c.obj)
                0x0000000000027758                ull_adv_time_update
 *fill*         0x0000000000027814        0x4 
 .text.prepare_cb
                0x0000000000027818      0x10c zephyr/subsys/bluetooth/controller/ll_sw/nordic/libsubsys__bluetooth__controller__ll_sw__nordic.a(lll_adv.c.obj)
 .text.watchdog_feed_thread
                0x0000000000027924       0x58 app/libapp.a(main.c.obj)
 .text.adv_start
                0x000000000002797c       0x70 app/libapp.a(main.c.obj)
 .text.adv_stop
                0x00000000000279ec       0x38 app/libapp.a(main.c.obj)
 .text.cmd_color
                0x0000000000027a24      0x11c app/libapp.a(main.c.obj)
 .text.cmd_adv  0x0000000000027b40       0x80 app/libapp.a(main.c.obj)
 .text.main     0x0000000000027bc0      0x1f4 app/libapp.a(main.c.obj)
                0x0000000000027bc0                main
 .text.cbvprintf_package
                0x0000000000027db4      0x3a4 zephyr/libzephyr.a(cbprintf_packaged.c.obj)
                0x0000000000027db4                cbvprintf_package
 .text.cbprintf_package_convert
                0x0000000000028158      0x3d4 zephyr/libzephyr.a(cbprintf_packaged.c.obj)
                0x0000000000028158                cbprintf_package_convert
 .text.z_impl_sys_clock_getrtoffset
                0x000000000002852c       0x28 zephyr/libzephyr.a(clock.c.obj)
                0x000000000002852c                z_impl_sys_clock_getrtoffset
 .text.sys_clock_gettime
                0x0000000000028554       0x80 zephyr/libzephyr.a(clock.c.obj)
                0x0000000000028554                sys_clock_gettime
 .text.z_impl_sys_clock_settime
                0x00000000000285d4       0x84 zephyr/libzephyr.a(clock.c.obj)
                0x00000000000285d4                z_impl_sys_clock_settime
 .text.__printk_hook_install
                0x0000000000028658        0xc zephyr/libzephyr.a(printk.c.obj)
                0x0000000000028658                __printk_hook_install
 .text.z_thread_entry
                0x0000000000028664       0x34 zephyr/libzephyr.a(thread_entry.c.obj)
                0x0000000000028664                z_thread_entry
 .text.timeutil_timegm64
                0x0000000000028698       0xf0 zephyr/libzephyr.a(timeutil.c.obj)
                0x0000000000028698                timeutil_timegm64
 .text.timeutil_timegm
                0x0000000000028788       0x20 zephyr/libzephyr.a(timeutil.c.obj)
                0x0000000000028788                timeutil_timegm
 .text.timespec_normalize
                0x00000000000287a8       0x90 zephyr/libzephyr.a(timeutil.c.obj)
                0x00000000000287a8                timespec_normalize
 .text.process_event
                0x0000000000028838      0x21c zephyr/libzephyr.a(onoff.c.obj)
 .text.activate_foreach_backend
                0x0000000000028a54       0x64 zephyr/libzephyr.a(log_core.c.obj)
 .text.enable_logger
                0x0000000000028ab8       0x5c zephyr/libzephyr.a(log_core.c.obj)
 .text.log_process_thread_timer_expiry_fn
                0x0000000000028b14        0xc zephyr/libzephyr.a(log_core.c.obj)
 .text.z_log_init
                0x0000000000028b20       0x98 zephyr/libzephyr.a(log_core.c.obj)
 .text.log_set_timestamp_func
                0x0000000000028bb8       0x20 zephyr/libzephyr.a(log_core.c.obj)
                0x0000000000028bb8                log_set_timestamp_func
 .text.z_log_notify_backend_enabled
                0x0000000000028bd8       0x1c zephyr/libzephyr.a(log_core.c.obj)
                0x0000000000028bd8                z_log_notify_backend_enabled
 .text.z_log_dropped
                0x0000000000028bf4       0x44 zephyr/libzephyr.a(log_core.c.obj)
                0x0000000000028bf4                z_log_dropped
 .text.z_log_dropped_read_and_clear
                0x0000000000028c38       0x20 zephyr/libzephyr.a(log_core.c.obj)
                0x0000000000028c38                z_log_dropped_read_and_clear
 .text.dropped_notify
                0x0000000000028c58       0x30 zephyr/libzephyr.a(log_core.c.obj)
                0x0000000000028c58                dropped_notify
 .text.z_log_msg_init
                0x0000000000028c88       0x20 zephyr/libzephyr.a(log_core.c.obj)
                0x0000000000028c88                z_log_msg_init
 .text.log_core_init
                0x0000000000028ca8       0x54 zephyr/libzephyr.a(log_core.c.obj)
                0x0000000000028ca8                log_core_init
 .text.z_log_msg_alloc
                0x0000000000028cfc       0x10 zephyr/libzephyr.a(log_core.c.obj)
                0x0000000000028cfc                z_log_msg_alloc
 .text.z_log_msg_local_claim
                0x0000000000028d0c        0xc zephyr/libzephyr.a(log_core.c.obj)
                0x0000000000028d0c                z_log_msg_local_claim
 .text.z_log_msg_free
                0x0000000000028d18       0x10 zephyr/libzephyr.a(log_core.c.obj)
                0x0000000000028d18                z_log_msg_free
 .text.z_log_msg_pending
                0x0000000000028d28        0xc zephyr/libzephyr.a(log_core.c.obj)
                0x0000000000028d28                z_log_msg_pending
 .text.z_impl_log_process
                0x0000000000028d34       0xf8 zephyr/libzephyr.a(log_core.c.obj)
                0x0000000000028d34                z_impl_log_process
 .text.z_impl_log_panic
                0x0000000000028e2c       0x44 zephyr/libzephyr.a(log_core.c.obj)
                0x0000000000028e2c                z_impl_log_panic
 .text.log_process_thread_func
                0x0000000000028e70       0xa4 zephyr/libzephyr.a(log_core.c.obj)
 .text.z_log_msg_post_finalize
                0x0000000000028f14       0x78 zephyr/libzephyr.a(log_core.c.obj)
 .text.z_log_msg_commit
                0x0000000000028f8c       0x24 zephyr/libzephyr.a(log_core.c.obj)
                0x0000000000028f8c                z_log_msg_commit
 .text.log_source_name_get
                0x0000000000028fb0       0x1c zephyr/libzephyr.a(log_mgmt.c.obj)
                0x0000000000028fb0                log_source_name_get
 .text.z_log_runtime_filters_init
                0x0000000000028fcc       0x3c zephyr/libzephyr.a(log_mgmt.c.obj)
                0x0000000000028fcc                z_log_runtime_filters_init
 .text.log_source_id_get
                0x0000000000029008       0x38 zephyr/libzephyr.a(log_mgmt.c.obj)
                0x0000000000029008                log_source_id_get
 .text.filter_set
                0x0000000000029040       0xbc zephyr/libzephyr.a(log_mgmt.c.obj)
                0x0000000000029040                filter_set
 .text.backend_filter_set
                0x00000000000290fc       0x30 zephyr/libzephyr.a(log_mgmt.c.obj)
 .text.log_filter_get
                0x000000000002912c       0x4c zephyr/libzephyr.a(log_mgmt.c.obj)
                0x000000000002912c                log_filter_get
 .text.z_impl_z_log_msg_static_create
                0x0000000000029178      0x110 zephyr/libzephyr.a(log_msg.c.obj)
                0x0000000000029178                z_impl_z_log_msg_static_create
 .text.z_log_msg_runtime_vcreate
                0x0000000000029288       0xb0 zephyr/libzephyr.a(log_msg.c.obj)
                0x0000000000029288                z_log_msg_runtime_vcreate
 .text.log_msg_get_source_id
                0x0000000000029338       0x18 zephyr/libzephyr.a(log_msg.c.obj)
                0x0000000000029338                log_msg_get_source_id
 .text.print_formatted
                0x0000000000029350       0x24 zephyr/libzephyr.a(log_output.c.obj)
 .text.newline_print
                0x0000000000029374       0x1c zephyr/libzephyr.a(log_output.c.obj)
 .text.log_output_process
                0x0000000000029390      0x2d4 zephyr/libzephyr.a(log_output.c.obj)
                0x0000000000029390                log_output_process
 .text.log_output_dropped_process
                0x0000000000029664       0x58 zephyr/libzephyr.a(log_output.c.obj)
                0x0000000000029664                log_output_dropped_process
 .text.log_output_timestamp_freq_set
                0x00000000000296bc       0x2c zephyr/libzephyr.a(log_output.c.obj)
                0x00000000000296bc                log_output_timestamp_freq_set
 .text.mem_attr_get_regions
                0x00000000000296e8        0xc zephyr/libzephyr.a(mem_attr.c.obj)
                0x00000000000296e8                mem_attr_get_regions
 .text.cdc_acm_serial_init_device
                0x00000000000296f4       0x8c zephyr/libzephyr.a(cdc_acm_serial.c.obj)
 .text.cmd_kernel_cycles
                0x0000000000029780       0x1c zephyr/libzephyr.a(cycles.c.obj)
 .text.cmd_kernel_sleep
                0x000000000002979c       0x50 zephyr/libzephyr.a(sleep.c.obj)
 .text.cmd_kernel_version
                0x00000000000297ec       0x18 zephyr/libzephyr.a(version.c.obj)
 .text.cmd_kernel_log_level_set
                0x0000000000029804       0x84 zephyr/libzephyr.a(log-level.c.obj)
 .text.z_thread_is_valid
                0x0000000000029888       0x20 zephyr/libzephyr.a(thread.c.obj)
                0x0000000000029888                z_thread_is_valid
 .text.cmd_kernel_thread_list
                0x00000000000298a8       0x34 zephyr/libzephyr.a(list.c.obj)
 .text.shell_tdata_dump
                0x00000000000298dc       0xc0 zephyr/libzephyr.a(list.c.obj)
 .text.cmd_kernel_thread_stacks
                0x000000000002999c       0x70 zephyr/libzephyr.a(stacks.c.obj)
 .text.shell_stack_dump
                0x0000000000029a0c       0x60 zephyr/libzephyr.a(stacks.c.obj)
 .text.cmd_kernel_thread_suspend
                0x0000000000029a6c       0x64 zephyr/libzephyr.a(suspend.c.obj)
 .text.cmd_kernel_thread_resume
                0x0000000000029ad0       0x64 zephyr/libzephyr.a(resume.c.obj)
 .text.cmd_kernel_thread_kill
                0x0000000000029b34       0x64 zephyr/libzephyr.a(kill.c.obj)
 .text.device_name_lookup
                0x0000000000029b98       0x20 zephyr/libzephyr.a(device_service.c.obj)
 .text.device_name_get_non_ready
                0x0000000000029bb8       0x20 zephyr/libzephyr.a(device_service.c.obj)
 .text.cmd_device_init
                0x0000000000029bd8       0x64 zephyr/libzephyr.a(device_service.c.obj)
 .text.cmd_device_list
                0x0000000000029c3c       0xf0 zephyr/libzephyr.a(device_service.c.obj)
 .text.date_print
                0x0000000000029d2c       0x2c zephyr/libzephyr.a(date_service.c.obj)
 .text.get_h_m_s
                0x0000000000029d58       0x98 zephyr/libzephyr.a(date_service.c.obj)
 .text.cmd_date_set
                0x0000000000029df0      0x10c zephyr/libzephyr.a(date_service.c.obj)
 .text.cmd_devmem
                0x0000000000029efc       0xd0 zephyr/libzephyr.a(devmem_service.c.obj)
 .text.cmd_dump
                0x0000000000029fcc      0x178 zephyr/libzephyr.a(devmem_service.c.obj)
 .text.set_bypass.isra.0
                0x000000000002a144       0x4c zephyr/libzephyr.a(devmem_service.c.obj)
 .text.bypass_cb
                0x000000000002a190      0x118 zephyr/libzephyr.a(devmem_service.c.obj)
 .text.cmd_load
                0x000000000002a2a8       0xd8 zephyr/libzephyr.a(devmem_service.c.obj)
 .text.enable_shell_uart
                0x000000000002a380       0x38 zephyr/libzephyr.a(shell_uart.c.obj)
 .text.init     0x000000000002a3b8       0x54 zephyr/libzephyr.a(shell_uart.c.obj)
 .text.uart_callback
                0x000000000002a40c      0x134 zephyr/libzephyr.a(shell_uart.c.obj)
 .text.shell_internal_help_print
                0x000000000002a540       0x20 zephyr/libzephyr.a(shell.c.obj)
 .text.kill_handler
                0x000000000002a560       0x54 zephyr/libzephyr.a(shell.c.obj)
 .text.z_cursor_next_line_move.isra.0
                0x000000000002a5b4        0xc zephyr/libzephyr.a(shell.c.obj)
 .text.execute  0x000000000002a5c0      0x2b8 zephyr/libzephyr.a(shell.c.obj)
 .text.history_handle
                0x000000000002a878       0xac zephyr/libzephyr.a(shell.c.obj)
 .text.state_set.constprop.0
                0x000000000002a924       0x4c zephyr/libzephyr.a(shell.c.obj)
 .text.shell_process
                0x000000000002a970      0x6c8 zephyr/libzephyr.a(shell.c.obj)
                0x000000000002a970                shell_process
 .text.shell_thread
                0x000000000002b038       0xa4 zephyr/libzephyr.a(shell.c.obj)
                0x000000000002b038                shell_thread
 .text.cmd_help
                0x000000000002b0dc       0x44 zephyr/libzephyr.a(shell.c.obj)
 .text.shell_hexdump_line
                0x000000000002b120       0xcc zephyr/libzephyr.a(shell.c.obj)
                0x000000000002b120                shell_hexdump_line
 .text.shell_init
                0x000000000002b1ec       0xc8 zephyr/libzephyr.a(shell.c.obj)
                0x000000000002b1ec                shell_init
 .text.z_shell_fprintf_fmt
                0x000000000002b2b4       0x28 zephyr/libzephyr.a(shell_fprintf.c.obj)
                0x000000000002b2b4                z_shell_fprintf_fmt
 .text.z_shell_cmd_get
                0x000000000002b2dc       0x74 zephyr/libzephyr.a(shell_utils.c.obj)
                0x000000000002b2dc                z_shell_cmd_get
 .text.shell_strtoul
                0x000000000002b350       0x50 zephyr/libzephyr.a(shell_utils.c.obj)
                0x000000000002b350                shell_strtoul
 .text.z_clear_eos
                0x000000000002b3a0       0x18 zephyr/libzephyr.a(shell_ops.c.obj)
 .text.z_cursor_next_line_move.isra.0
                0x000000000002b3b8        0xc zephyr/libzephyr.a(shell_ops.c.obj)
 .text.z_shell_op_cursor_vert_move
                0x000000000002b3c4       0x2c zephyr/libzephyr.a(shell_ops.c.obj)
                0x000000000002b3c4                z_shell_op_cursor_vert_move
 .text.z_shell_op_cursor_horiz_move
                0x000000000002b3f0       0x2c zephyr/libzephyr.a(shell_ops.c.obj)
                0x000000000002b3f0                z_shell_op_cursor_horiz_move
 .text.z_shell_print_cmd
                0x000000000002b41c       0x78 zephyr/libzephyr.a(shell_ops.c.obj)
                0x000000000002b41c                z_shell_print_cmd
 .text.z_shell_vt100_color_set
                0x000000000002b494       0x40 zephyr/libzephyr.a(shell_ops.c.obj)
                0x000000000002b494                z_shell_vt100_color_set
 .text.z_shell_vt100_colors_restore
                0x000000000002b4d4       0x3c zephyr/libzephyr.a(shell_ops.c.obj)
                0x000000000002b4d4                z_shell_vt100_colors_restore
 .text.z_shell_op_word_remove
                0x000000000002b510       0xc8 zephyr/libzephyr.a(shell_ops.c.obj)
                0x000000000002b510                z_shell_op_word_remove
 .text.reprint_from_cursor
                0x000000000002b5d8       0xe0 zephyr/libzephyr.a(shell_ops.c.obj)
 .text.z_shell_op_char_insert
                0x000000000002b6b8       0x70 zephyr/libzephyr.a(shell_ops.c.obj)
                0x000000000002b6b8                z_shell_op_char_insert
 .text.z_shell_print_prompt_and_cmd
                0x000000000002b728       0x30 zephyr/libzephyr.a(shell_ops.c.obj)
                0x000000000002b728                z_shell_print_prompt_and_cmd
 .text.z_cursor_next_line_move.isra.0
                0x000000000002b758        0xc zephyr/libzephyr.a(shell_help.c.obj)
 .text.formatted_structured_help_print
                0x000000000002b764       0x40 zephyr/libzephyr.a(shell_help.c.obj)
 .text.z_shell_help_subcmd_print
                0x000000000002b7a4       0xd0 zephyr/libzephyr.a(shell_help.c.obj)
                0x000000000002b7a4                z_shell_help_subcmd_print
 .text.z_shell_help_cmd_print
                0x000000000002b874       0x64 zephyr/libzephyr.a(shell_help.c.obj)
                0x000000000002b874                z_shell_help_cmd_print
 .text.z_shell_help_request
                0x000000000002b8d8       0x28 zephyr/libzephyr.a(shell_help.c.obj)
                0x000000000002b8d8                z_shell_help_request
 .text.cmd_resize_default
                0x000000000002b900       0x2c zephyr/libzephyr.a(shell_cmds.c.obj)
 .text.cmd_shell_stats_show
                0x000000000002b92c       0x14 zephyr/libzephyr.a(shell_cmds.c.obj)
 .text.cmd_backends
                0x000000000002b940       0x4c zephyr/libzephyr.a(shell_cmds.c.obj)
 .text.cmd_prompt_off
                0x000000000002b98c       0x10 zephyr/libzephyr.a(shell_cmds.c.obj)
 .text.cmd_history
                0x000000000002b99c       0x40 zephyr/libzephyr.a(shell_cmds.c.obj)
 .text.cmd_get_retval
                0x000000000002b9dc       0x1c zephyr/libzephyr.a(shell_cmds.c.obj)
 .text.cmd_echo
                0x000000000002b9f8       0x50 zephyr/libzephyr.a(shell_cmds.c.obj)
 .text.cmd_clear
                0x000000000002ba48       0x34 zephyr/libzephyr.a(shell_cmds.c.obj)
 .text.cmd_resize
                0x000000000002ba7c      0x1a0 zephyr/libzephyr.a(shell_cmds.c.obj)
 .text.z_shell_wildcard_process
                0x000000000002bc1c       0xe4 zephyr/libzephyr.a(shell_wildcard.c.obj)
                0x000000000002bc1c                z_shell_wildcard_process
 .text.arch_bss_zero
                0x000000000002bd00       0x18 zephyr/arch/common/libarch__common.a(init.c.obj)
                0x000000000002bd00                arch_bss_zero
 .text.arch_data_copy
                0x000000000002bd18       0x38 zephyr/arch/common/libarch__common.a(xip.c.obj)
                0x000000000002bd18                arch_data_copy
 .text.z_arm_fatal_error
                0x000000000002bd50       0xe0 zephyr/arch/arch/arm/core/libarch__arm__core.a(fatal.c.obj)
                0x000000000002bd50                z_arm_fatal_error
 .text.z_SysNmiOnReset
                0x000000000002be30        0x8 zephyr/arch/arch/arm/core/libarch__arm__core.a(nmi_on_reset.S.obj)
                0x000000000002be30                z_SysNmiOnReset
 .text.arch_tls_stack_setup
                0x000000000002be38       0x40 zephyr/arch/arch/arm/core/libarch__arm__core.a(tls.c.obj)
                0x000000000002be38                arch_tls_stack_setup
 .text._HandlerModeExit
                0x000000000002be78       0x20 zephyr/arch/arch/arm/core/cortex_m/libarch__arm__core__cortex_m.a(exc_exit.c.obj)
                0x000000000002be78                z_arm_exc_exit
                0x000000000002be78                z_arm_int_exit
 .text.bus_fault.constprop.0
                0x000000000002be98      0x108 zephyr/arch/arch/arm/core/cortex_m/libarch__arm__core__cortex_m.a(fault.c.obj)
 .text.usage_fault.constprop.0
                0x000000000002bfa0       0xdc zephyr/arch/arch/arm/core/cortex_m/libarch__arm__core__cortex_m.a(fault.c.obj)
 .text.mem_manage_fault
                0x000000000002c07c      0x140 zephyr/arch/arch/arm/core/cortex_m/libarch__arm__core__cortex_m.a(fault.c.obj)
 .text.z_arm_fault
                0x000000000002c1bc      0x20c zephyr/arch/arch/arm/core/cortex_m/libarch__arm__core__cortex_m.a(fault.c.obj)
                0x000000000002c1bc                z_arm_fault
 .text.z_arm_fault_init
                0x000000000002c3c8       0x18 zephyr/arch/arch/arm/core/cortex_m/libarch__arm__core__cortex_m.a(fault.c.obj)
                0x000000000002c3c8                z_arm_fault_init
 .text.__fault  0x000000000002c3e0       0x14 zephyr/arch/arch/arm/core/cortex_m/libarch__arm__core__cortex_m.a(fault_s.S.obj)
                0x000000000002c3e0                z_arm_bus_fault
                0x000000000002c3e0                z_arm_usage_fault
                0x000000000002c3e0                z_arm_mpu_fault
                0x000000000002c3e0                z_arm_exc_spurious
                0x000000000002c3e0                z_arm_debug_monitor
                0x000000000002c3e0                z_arm_hard_fault
 .text._reset_section
                0x000000000002c3f4       0x48 zephyr/arch/arch/arm/core/cortex_m/libarch__arm__core__cortex_m.a(reset.S.obj)
                0x000000000002c3f4                z_arm_reset
                0x000000000002c3f4                __start
 .text.z_impl_k_thread_abort
                0x000000000002c43c       0x2c zephyr/arch/arch/arm/core/cortex_m/libarch__arm__core__cortex_m.a(thread_abort.c.obj)
                0x000000000002c43c                z_impl_k_thread_abort
 .text.z_arm_pendsv
                0x000000000002c468       0x64 zephyr/arch/arch/arm/core/cortex_m/libarch__arm__core__cortex_m.a(swap_helper.S.obj)
                0x000000000002c468                z_arm_pendsv
 .text.z_arm_svc
                0x000000000002c4cc       0x24 zephyr/arch/arch/arm/core/cortex_m/libarch__arm__core__cortex_m.a(swap_helper.S.obj)
                0x000000000002c4cc                z_arm_svc
 .text.arm_irq_enable
                0x000000000002c4f0       0x1c zephyr/arch/arch/arm/core/cortex_m/libarch__arm__core__cortex_m.a(irq_manage.c.obj)
                0x000000000002c4f0                arm_irq_enable
 .text.arm_irq_disable
                0x000000000002c50c       0x28 zephyr/arch/arch/arm/core/cortex_m/libarch__arm__core__cortex_m.a(irq_manage.c.obj)
                0x000000000002c50c                arm_irq_disable
 .text.arm_irq_is_enabled
                0x000000000002c534       0x1c zephyr/arch/arch/arm/core/cortex_m/libarch__arm__core__cortex_m.a(irq_manage.c.obj)
                0x000000000002c534                arm_irq_is_enabled
 .text.arm_irq_priority_set
                0x000000000002c550       0x30 zephyr/arch/arch/arm/core/cortex_m/libarch__arm__core__cortex_m.a(irq_manage.c.obj)
                0x000000000002c550                arm_irq_priority_set
 .text.relocate_vector_table
                0x000000000002c580       0x1c zephyr/arch/arch/arm/core/cortex_m/libarch__arm__core__cortex_m.a(prep_c.c.obj)
                0x000000000002c580                relocate_vector_table
 .text.z_prep_c
                0x000000000002c59c       0x38 zephyr/arch/arch/arm/core/cortex_m/libarch__arm__core__cortex_m.a(prep_c.c.obj)
                0x000000000002c59c                z_prep_c
 .text.arch_new_thread
                0x000000000002c5d4       0x38 zephyr/arch/arch/arm/core/cortex_m/libarch__arm__core__cortex_m.a(thread.c.obj)
                0x000000000002c5d4                arch_new_thread
 .text.z_check_thread_stack_fail
                0x000000000002c60c       0x30 zephyr/arch/arch/arm/core/cortex_m/libarch__arm__core__cortex_m.a(thread.c.obj)
                0x000000000002c60c                z_check_thread_stack_fail
 .text.arch_switch_to_main_thread
                0x000000000002c63c       0x40 zephyr/arch/arch/arm/core/cortex_m/libarch__arm__core__cortex_m.a(thread.c.obj)
                0x000000000002c63c                arch_switch_to_main_thread
 .text.z_arm_cpu_idle_init
                0x000000000002c67c        0xc zephyr/arch/arch/arm/core/cortex_m/libarch__arm__core__cortex_m.a(cpu_idle.c.obj)
                0x000000000002c67c                z_arm_cpu_idle_init
 .text.z_arm_interrupt_init
                0x000000000002c688       0x18 zephyr/arch/arch/arm/core/cortex_m/libarch__arm__core__cortex_m.a(irq_init.c.obj)
                0x000000000002c688                z_arm_interrupt_init
 .text._isr_wrapper
                0x000000000002c6a0       0x24 zephyr/arch/arch/arm/core/cortex_m/libarch__arm__core__cortex_m.a(isr_wrapper.c.obj)
                0x000000000002c6a0                _isr_wrapper
 .text.z_arm_configure_static_mpu_regions
                0x000000000002c6c4       0x18 zephyr/arch/arch/arm/core/mpu/libarch__arm__core__mpu.a(arm_core_mpu.c.obj)
                0x000000000002c6c4                z_arm_configure_static_mpu_regions
 .text.z_arm_configure_dynamic_mpu_regions
                0x000000000002c6dc       0x24 zephyr/arch/arch/arm/core/mpu/libarch__arm__core__mpu.a(arm_core_mpu.c.obj)
                0x000000000002c6dc                z_arm_configure_dynamic_mpu_regions
 .text.region_allocate_and_init
                0x000000000002c700       0x58 zephyr/arch/arch/arm/core/mpu/libarch__arm__core__mpu.a(arm_mpu.c.obj)
 .text.mpu_configure_regions
                0x000000000002c758       0x70 zephyr/arch/arch/arm/core/mpu/libarch__arm__core__mpu.a(arm_mpu.c.obj)
 .text.arm_core_mpu_enable
                0x000000000002c7c8       0x18 zephyr/arch/arch/arm/core/mpu/libarch__arm__core__mpu.a(arm_mpu.c.obj)
                0x000000000002c7c8                arm_core_mpu_enable
 .text.arm_core_mpu_disable
                0x000000000002c7e0       0x14 zephyr/arch/arch/arm/core/mpu/libarch__arm__core__mpu.a(arm_mpu.c.obj)
                0x000000000002c7e0                arm_core_mpu_disable
 .text.arm_core_mpu_configure_static_mpu_regions
                0x000000000002c7f4       0x14 zephyr/arch/arch/arm/core/mpu/libarch__arm__core__mpu.a(arm_mpu.c.obj)
                0x000000000002c7f4                arm_core_mpu_configure_static_mpu_regions
 .text.arm_core_mpu_configure_dynamic_mpu_regions
                0x000000000002c808       0x38 zephyr/arch/arch/arm/core/mpu/libarch__arm__core__mpu.a(arm_mpu.c.obj)
                0x000000000002c808                arm_core_mpu_configure_dynamic_mpu_regions
 .text.z_arm_mpu_init
                0x000000000002c840      0x17c zephyr/arch/arch/arm/core/mpu/libarch__arm__core__mpu.a(arm_mpu.c.obj)
                0x000000000002c840                z_arm_mpu_init
 .text.cbvprintf
                0x000000000002c9bc       0x38 zephyr/lib/libc/picolibc/liblib__libc__picolibc.a(cbprintf.c.obj)
                0x000000000002c9bc                cbvprintf
 .text.z_impl_zephyr_fputc
                0x000000000002c9f4       0x10 zephyr/lib/libc/picolibc/liblib__libc__picolibc.a(stdio.c.obj)
                0x000000000002c9f4                z_impl_zephyr_fputc
 .text.__stdout_hook_install
                0x000000000002ca04       0x18 zephyr/lib/libc/picolibc/liblib__libc__picolibc.a(stdio.c.obj)
                0x000000000002ca04                __stdout_hook_install
 .text.malloc_prepare
                0x000000000002ca1c       0x24 zephyr/lib/libc/common/liblib__libc__common.a(malloc.c.obj)
 .text.getopt_init
                0x000000000002ca40       0x48 zephyr/lib/posix/c_lib_ext/liblib__posix__c_lib_ext.a(getopt.c.obj)
                0x000000000002ca40                getopt_init
 .text.getopt   0x000000000002ca88       0xf8 zephyr/lib/posix/c_lib_ext/liblib__posix__c_lib_ext.a(getopt.c.obj)
                0x000000000002ca88                getopt
 .text.z_getopt_global_state_update
                0x000000000002cb80       0x34 zephyr/lib/posix/c_lib_ext/liblib__posix__c_lib_ext.a(getopt_common.c.obj)
                0x000000000002cb80                z_getopt_global_state_update
 .text.getopt_state_get
                0x000000000002cbb4        0x8 zephyr/lib/posix/c_lib_ext/liblib__posix__c_lib_ext.a(getopt_common.c.obj)
                0x000000000002cbb4                getopt_state_get
 .text.net_buf_destroy
                0x000000000002cbbc       0x38 zephyr/lib/net_buf/liblib__net_buf.a(buf.c.obj)
 .text.net_buf_pool_get
                0x000000000002cbf4       0x10 zephyr/lib/net_buf/liblib__net_buf.a(buf.c.obj)
                0x000000000002cbf4                net_buf_pool_get
 .text.net_buf_id
                0x000000000002cc04       0x20 zephyr/lib/net_buf/liblib__net_buf.a(buf.c.obj)
                0x000000000002cc04                net_buf_id
 .text.fixed_data_alloc
                0x000000000002cc24       0x24 zephyr/lib/net_buf/liblib__net_buf.a(buf.c.obj)
 .text.net_buf_alloc_len
                0x000000000002cc48       0xfc zephyr/lib/net_buf/liblib__net_buf.a(buf.c.obj)
                0x000000000002cc48                net_buf_alloc_len
 .text.net_buf_unref
                0x000000000002cd44       0x3c zephyr/lib/net_buf/liblib__net_buf.a(buf.c.obj)
                0x000000000002cd44                net_buf_unref
 .text.nordicsemi_nrf52_init
                0x000000000002cd80       0x44 zephyr/soc/soc/nrf52840/libsoc__nordic.a(soc.c.obj)
 .text.arch_busy_wait
                0x000000000002cdc4       0x14 zephyr/soc/soc/nrf52840/libsoc__nordic.a(soc.c.obj)
                0x000000000002cdc4                arch_busy_wait
 .text.nonstd_request
                0x000000000002cdd8       0xa4 zephyr/subsys/usb/device_next/libsubsys__usb__device_next.a(usbd_ch9.c.obj)
 .text.usbd_handle_ctrl_xfer
                0x000000000002ce7c      0x914 zephyr/subsys/usb/device_next/libsubsys__usb__device_next.a(usbd_ch9.c.obj)
                0x000000000002ce7c                usbd_handle_ctrl_xfer
 .text.usbd_event_carrier
                0x000000000002d790       0x10 zephyr/subsys/usb/device_next/libsubsys__usb__device_next.a(usbd_core.c.obj)
 .text.usbd_thread
                0x000000000002d7a0      0x150 zephyr/subsys/usb/device_next/libsubsys__usb__device_next.a(usbd_core.c.obj)
 .text.usbd_pre_init
                0x000000000002d8f0       0xa4 zephyr/subsys/usb/device_next/libsubsys__usb__device_next.a(usbd_core.c.obj)
 .text.usbd_device_init_core
                0x000000000002d994       0x30 zephyr/subsys/usb/device_next/libsubsys__usb__device_next.a(usbd_core.c.obj)
                0x000000000002d994                usbd_device_init_core
 .text.usbd_class_node_get.part.0
                0x000000000002d9c4       0x2c zephyr/subsys/usb/device_next/libsubsys__usb__device_next.a(usbd_class.c.obj)
 .text.msg_work_handler
                0x000000000002d9f0       0x90 zephyr/subsys/usb/device_next/libsubsys__usb__device_next.a(usbd_msg.c.obj)
 .text.usbd_msg_pub
                0x000000000002da80       0x70 zephyr/subsys/usb/device_next/libsubsys__usb__device_next.a(usbd_msg.c.obj)
 .text.usbd_cdc_acm_ctd
                0x000000000002daf0       0x60 zephyr/subsys/usb/device_next/libsubsys__usb__device_next.a(usbd_cdc_acm.c.obj)
 .text.usbd_cdc_acm_cth
                0x000000000002db50       0x48 zephyr/subsys/usb/device_next/libsubsys__usb__device_next.a(usbd_cdc_acm.c.obj)
 .text.cdc_acm_poll_out
                0x000000000002db98       0x74 zephyr/subsys/usb/device_next/libsubsys__usb__device_next.a(usbd_cdc_acm.c.obj)
 .text.usbd_cdc_acm_preinit
                0x000000000002dc0c       0x4c zephyr/subsys/usb/device_next/libsubsys__usb__device_next.a(usbd_cdc_acm.c.obj)
 .text.bt_hex   0x000000000002dc58       0x44 zephyr/subsys/bluetooth/common/libsubsys__bluetooth__common.a(bt_str.c.obj)
                0x000000000002dc58                bt_hex
 .text.bt_addr_le_str
                0x000000000002dc9c       0x7c zephyr/subsys/bluetooth/common/libsubsys__bluetooth__common.a(bt_str.c.obj)
                0x000000000002dc9c                bt_addr_le_str
 .text.hci_rx_pool_destroy
                0x000000000002dd18       0x20 zephyr/subsys/bluetooth/host/libsubsys__bluetooth__host.a(buf.c.obj)
 .text.bt_buf_get_rx
                0x000000000002dd38       0x30 zephyr/subsys/bluetooth/host/libsubsys__bluetooth__host.a(buf.c.obj)
                0x000000000002dd38                bt_buf_get_rx
 .text.bt_buf_get_evt
                0x000000000002dd68       0x38 zephyr/subsys/bluetooth/host/libsubsys__bluetooth__host.a(buf.c.obj)
                0x000000000002dd68                bt_buf_get_evt
 .text.hci_hardware_error
                0x000000000002dda0       0x2c zephyr/subsys/bluetooth/host/libsubsys__bluetooth__host.a(hci_core.c.obj)
 .text.handle_event.part.0
                0x000000000002ddcc       0x48 zephyr/subsys/bluetooth/host/libsubsys__bluetooth__host.a(hci_core.c.obj)
 .text.handle_event_common
                0x000000000002de14       0x54 zephyr/subsys/bluetooth/host/libsubsys__bluetooth__host.a(hci_core.c.obj)
 .text.handle_event
                0x000000000002de68       0x2c zephyr/subsys/bluetooth/host/libsubsys__bluetooth__host.a(hci_core.c.obj)
 .text.hci_le_meta_prio_event
                0x000000000002de94       0x20 zephyr/subsys/bluetooth/host/libsubsys__bluetooth__host.a(hci_core.c.obj)
 .text.hci_le_meta_event
                0x000000000002deb4       0x20 zephyr/subsys/bluetooth/host/libsubsys__bluetooth__host.a(hci_core.c.obj)
 .text.hci_vendor_event
                0x000000000002ded4       0x78 zephyr/subsys/bluetooth/host/libsubsys__bluetooth__host.a(hci_core.c.obj)
 .text.hci_cmd_done.part.0
                0x000000000002df4c      0x148 zephyr/subsys/bluetooth/host/libsubsys__bluetooth__host.a(hci_core.c.obj)
 .text.hci_reset_complete
                0x000000000002e094       0x2c zephyr/subsys/bluetooth/host/libsubsys__bluetooth__host.a(hci_core.c.obj)
 .text.bt_hci_recv
                0x000000000002e0c0      0x170 zephyr/subsys/bluetooth/host/libsubsys__bluetooth__host.a(hci_core.c.obj)
                0x000000000002e0c0                bt_hci_recv
 .text.rx_work_handler
                0x000000000002e230       0xc8 zephyr/subsys/bluetooth/host/libsubsys__bluetooth__host.a(hci_core.c.obj)
 .text.bt_hci_cmd_state_set_init
                0x000000000002e2f8       0x24 zephyr/subsys/bluetooth/host/libsubsys__bluetooth__host.a(hci_core.c.obj)
                0x000000000002e2f8                bt_hci_cmd_state_set_init
 .text.bt_hci_cmd_alloc
                0x000000000002e31c       0x50 zephyr/subsys/bluetooth/host/libsubsys__bluetooth__host.a(hci_core.c.obj)
                0x000000000002e31c                bt_hci_cmd_alloc
 .text.bt_hci_get_ver_str
                0x000000000002e36c       0x2c zephyr/subsys/bluetooth/host/libsubsys__bluetooth__host.a(hci_core.c.obj)
                0x000000000002e36c                bt_hci_get_ver_str
 .text.bt_send  0x000000000002e398       0x14 zephyr/subsys/bluetooth/host/libsubsys__bluetooth__host.a(hci_core.c.obj)
                0x000000000002e398                bt_send
 .text.bt_finalize_init
                0x000000000002e3ac      0x19c zephyr/subsys/bluetooth/host/libsubsys__bluetooth__host.a(hci_core.c.obj)
                0x000000000002e3ac                bt_finalize_init
 .text.bt_tx_irq_raise
                0x000000000002e548        0xc zephyr/subsys/bluetooth/host/libsubsys__bluetooth__host.a(hci_core.c.obj)
                0x000000000002e548                bt_tx_irq_raise
 .text.bt_hci_cmd_send
                0x000000000002e554       0xa0 zephyr/subsys/bluetooth/host/libsubsys__bluetooth__host.a(hci_core.c.obj)
                0x000000000002e554                bt_hci_cmd_send
 .text.process_pending_cmd
                0x000000000002e5f4       0xe4 zephyr/subsys/bluetooth/host/libsubsys__bluetooth__host.a(hci_core.c.obj)
 .text.bt_hci_cmd_send_sync
                0x000000000002e6d8      0x1c4 zephyr/subsys/bluetooth/host/libsubsys__bluetooth__host.a(hci_core.c.obj)
                0x000000000002e6d8                bt_hci_cmd_send_sync
 .text.hci_init
                0x000000000002e89c      0x3b8 zephyr/subsys/bluetooth/host/libsubsys__bluetooth__host.a(hci_core.c.obj)
 .text.bt_enable
                0x000000000002ec54       0xe4 zephyr/subsys/bluetooth/host/libsubsys__bluetooth__host.a(hci_core.c.obj)
                0x000000000002ec54                bt_enable
 .text.init_work
                0x000000000002ed38       0x24 zephyr/subsys/bluetooth/host/libsubsys__bluetooth__host.a(hci_core.c.obj)
 .text.hci_cmd_status
                0x000000000002ed5c       0x34 zephyr/subsys/bluetooth/host/libsubsys__bluetooth__host.a(hci_core.c.obj)
 .text.hci_cmd_complete
                0x000000000002ed90       0x80 zephyr/subsys/bluetooth/host/libsubsys__bluetooth__host.a(hci_core.c.obj)
 .text.bt_hci_evt_create
                0x000000000002ee10       0x50 zephyr/subsys/bluetooth/host/libsubsys__bluetooth__host.a(hci_common.c.obj)
                0x000000000002ee10                bt_hci_evt_create
 .text.id_find  0x000000000002ee60       0x30 zephyr/subsys/bluetooth/host/libsubsys__bluetooth__host.a(id.c.obj)
 .text.set_random_address
                0x000000000002ee90       0x80 zephyr/subsys/bluetooth/host/libsubsys__bluetooth__host.a(id.c.obj)
 .text.id_create.constprop.0
                0x000000000002ef10       0x74 zephyr/subsys/bluetooth/host/libsubsys__bluetooth__host.a(id.c.obj)
 .text.bt_id_create
                0x000000000002ef84       0xa0 zephyr/subsys/bluetooth/host/libsubsys__bluetooth__host.a(id.c.obj)
                0x000000000002ef84                bt_id_create
 .text.bt_id_read_public_addr
                0x000000000002f024       0x98 zephyr/subsys/bluetooth/host/libsubsys__bluetooth__host.a(id.c.obj)
                0x000000000002f024                bt_id_read_public_addr
 .text.bt_setup_public_id_addr
                0x000000000002f0bc       0x20 zephyr/subsys/bluetooth/host/libsubsys__bluetooth__host.a(id.c.obj)
                0x000000000002f0bc                bt_setup_public_id_addr
 .text.bt_setup_random_id_addr
                0x000000000002f0dc       0xf0 zephyr/subsys/bluetooth/host/libsubsys__bluetooth__host.a(id.c.obj)
                0x000000000002f0dc                bt_setup_random_id_addr
 .text.bt_id_set_adv_own_addr
                0x000000000002f1cc       0xe4 zephyr/subsys/bluetooth/host/libsubsys__bluetooth__host.a(id.c.obj)
                0x000000000002f1cc                bt_id_set_adv_own_addr
 .text.bt_id_init
                0x000000000002f2b0       0x60 zephyr/subsys/bluetooth/host/libsubsys__bluetooth__host.a(id.c.obj)
                0x000000000002f2b0                bt_id_init
 .text.hci_set_ad.constprop.0
                0x000000000002f310       0xcc zephyr/subsys/bluetooth/host/libsubsys__bluetooth__host.a(adv.c.obj)
 .text.valid_adv_param
                0x000000000002f3dc       0x84 zephyr/subsys/bluetooth/host/libsubsys__bluetooth__host.a(adv.c.obj)
 .text.le_adv_update.constprop.0
                0x000000000002f460       0x58 zephyr/subsys/bluetooth/host/libsubsys__bluetooth__host.a(adv.c.obj)
 .text.bt_le_adv_update_data
                0x000000000002f4b8       0x34 zephyr/subsys/bluetooth/host/libsubsys__bluetooth__host.a(adv.c.obj)
                0x000000000002f4b8                bt_le_adv_update_data
 .text.bt_le_adv_start
                0x000000000002f4ec      0x234 zephyr/subsys/bluetooth/host/libsubsys__bluetooth__host.a(adv.c.obj)
                0x000000000002f4ec                bt_le_adv_start
 .text.bt_le_adv_stop
                0x000000000002f720       0x30 zephyr/subsys/bluetooth/host/libsubsys__bluetooth__host.a(adv.c.obj)
                0x000000000002f720                bt_le_adv_stop
 .text.adv_timeout
                0x000000000002f750       0x2c zephyr/subsys/bluetooth/host/libsubsys__bluetooth__host.a(adv.c.obj)
 .text.mem_init
                0x000000000002f77c       0x48 zephyr/subsys/bluetooth/controller/libsubsys__bluetooth__controller.a(mem.c.obj)
                0x000000000002f77c                mem_init
 .text.mem_acquire
                0x000000000002f7c4       0x2c zephyr/subsys/bluetooth/controller/libsubsys__bluetooth__controller.a(mem.c.obj)
                0x000000000002f7c4                mem_acquire
 .text.mem_release
                0x000000000002f7f0       0x28 zephyr/subsys/bluetooth/controller/libsubsys__bluetooth__controller.a(mem.c.obj)
                0x000000000002f7f0                mem_release
 .text.mem_rcopy
                0x000000000002f818       0x1c zephyr/subsys/bluetooth/controller/libsubsys__bluetooth__controller.a(mem.c.obj)
                0x000000000002f818                mem_rcopy
 .text.mem_nz   0x000000000002f834       0x18 zephyr/subsys/bluetooth/controller/libsubsys__bluetooth__controller.a(mem.c.obj)
                0x000000000002f834                mem_nz
 .text.memq_init
                0x000000000002f84c        0x8 zephyr/subsys/bluetooth/controller/libsubsys__bluetooth__controller.a(memq.c.obj)
                0x000000000002f84c                memq_init
 .text.memq_enqueue
                0x000000000002f854       0x14 zephyr/subsys/bluetooth/controller/libsubsys__bluetooth__controller.a(memq.c.obj)
                0x000000000002f854                memq_enqueue
 .text.memq_peek
                0x000000000002f868       0x10 zephyr/subsys/bluetooth/controller/libsubsys__bluetooth__controller.a(memq.c.obj)
                0x000000000002f868                memq_peek
 .text.memq_dequeue
                0x000000000002f878       0x20 zephyr/subsys/bluetooth/controller/libsubsys__bluetooth__controller.a(memq.c.obj)
                0x000000000002f878                memq_dequeue
 .text.mayfly_init
                0x000000000002f898       0x40 zephyr/subsys/bluetooth/controller/libsubsys__bluetooth__controller.a(mayfly.c.obj)
                0x000000000002f898                mayfly_init
 .text.mayfly_enqueue
                0x000000000002f8d8       0xbc zephyr/subsys/bluetooth/controller/libsubsys__bluetooth__controller.a(mayfly.c.obj)
                0x000000000002f8d8                mayfly_enqueue
 .text.mayfly_run
                0x000000000002f994      0x174 zephyr/subsys/bluetooth/controller/libsubsys__bluetooth__controller.a(mayfly.c.obj)
                0x000000000002f994                mayfly_run
 .text.util_ones_count_get
                0x000000000002fb08       0x28 zephyr/subsys/bluetooth/controller/libsubsys__bluetooth__controller.a(util.c.obj)
                0x000000000002fb08                util_ones_count_get
 .text.ticker_dequeue
                0x000000000002fb30       0x74 zephyr/subsys/bluetooth/controller/libsubsys__bluetooth__controller.a(ticker.c.obj)
 .text.ticks_to_expire_prep
                0x000000000002fba4       0x48 zephyr/subsys/bluetooth/controller/libsubsys__bluetooth__controller.a(ticker.c.obj)
 .text.start_us.constprop.0
                0x000000000002fbec       0xac zephyr/subsys/bluetooth/controller/libsubsys__bluetooth__controller.a(ticker.c.obj)
 .text.ticker_job_list_insert
                0x000000000002fc98      0x218 zephyr/subsys/bluetooth/controller/libsubsys__bluetooth__controller.a(ticker.c.obj)
 .text.ticker_worker
                0x000000000002feb0      0x390 zephyr/subsys/bluetooth/controller/libsubsys__bluetooth__controller.a(ticker.c.obj)
                0x000000000002feb0                ticker_worker
 .text.ticker_job
                0x0000000000030240      0x988 zephyr/subsys/bluetooth/controller/libsubsys__bluetooth__controller.a(ticker.c.obj)
                0x0000000000030240                ticker_job
 .text.ticker_init
                0x0000000000030bc8       0x64 zephyr/subsys/bluetooth/controller/libsubsys__bluetooth__controller.a(ticker.c.obj)
                0x0000000000030bc8                ticker_init
 .text.ticker_deinit
                0x0000000000030c2c       0x20 zephyr/subsys/bluetooth/controller/libsubsys__bluetooth__controller.a(ticker.c.obj)
                0x0000000000030c2c                ticker_deinit
 .text.ticker_trigger
                0x0000000000030c4c       0x30 zephyr/subsys/bluetooth/controller/libsubsys__bluetooth__controller.a(ticker.c.obj)
                0x0000000000030c4c                ticker_trigger
 .text.ticker_start
                0x0000000000030c7c       0x38 zephyr/subsys/bluetooth/controller/libsubsys__bluetooth__controller.a(ticker.c.obj)
                0x0000000000030c7c                ticker_start
 .text.ticker_start_ext
                0x0000000000030cb4       0x10 zephyr/subsys/bluetooth/controller/libsubsys__bluetooth__controller.a(ticker.c.obj)
                0x0000000000030cb4                ticker_start_ext
 .text.ticker_update_ext
                0x0000000000030cc4       0xb0 zephyr/subsys/bluetooth/controller/libsubsys__bluetooth__controller.a(ticker.c.obj)
                0x0000000000030cc4                ticker_update_ext
 .text.ticker_update
                0x0000000000030d74       0x30 zephyr/subsys/bluetooth/controller/libsubsys__bluetooth__controller.a(ticker.c.obj)
                0x0000000000030d74                ticker_update
 .text.ticker_stop
                0x0000000000030da4       0x84 zephyr/subsys/bluetooth/controller/libsubsys__bluetooth__controller.a(ticker.c.obj)
                0x0000000000030da4                ticker_stop
 .text.ticker_ticks_now_get
                0x0000000000030e28        0x4 zephyr/subsys/bluetooth/controller/libsubsys__bluetooth__controller.a(ticker.c.obj)
                0x0000000000030e28                ticker_ticks_now_get
 .text.ticker_ticks_diff_get
                0x0000000000030e2c        0x8 zephyr/subsys/bluetooth/controller/libsubsys__bluetooth__controller.a(ticker.c.obj)
                0x0000000000030e2c                ticker_ticks_diff_get
 .text.ll_feat_get
                0x0000000000030e34        0x8 zephyr/subsys/bluetooth/controller/libsubsys__bluetooth__controller.a(ll_feat.c.obj)
                0x0000000000030e34                ll_feat_get
 .text.ll_tx_pwr_get
                0x0000000000030e3c        0x8 zephyr/subsys/bluetooth/controller/libsubsys__bluetooth__controller.a(ll_tx_pwr.c.obj)
                0x0000000000030e3c                ll_tx_pwr_get
 .text.ll_addr_set
                0x0000000000030e44       0x38 zephyr/subsys/bluetooth/controller/libsubsys__bluetooth__controller.a(ll_addr.c.obj)
                0x0000000000030e44                ll_addr_set
 .text.ll_addr_get
                0x0000000000030e7c       0x20 zephyr/subsys/bluetooth/controller/libsubsys__bluetooth__controller.a(ll_addr.c.obj)
                0x0000000000030e7c                ll_addr_get
 .text.ll_addr_read
                0x0000000000030e9c       0x28 zephyr/subsys/bluetooth/controller/libsubsys__bluetooth__controller.a(ll_addr.c.obj)
                0x0000000000030e9c                ll_addr_read
 .text.perform_lll_reset
                0x0000000000030ec4       0x30 zephyr/subsys/bluetooth/controller/libsubsys__bluetooth__controller.a(ull.c.obj)
 .text.ull_ticker_status_give
                0x0000000000030ef4        0xc zephyr/subsys/bluetooth/controller/libsubsys__bluetooth__controller.a(ull.c.obj)
                0x0000000000030ef4                ull_ticker_status_give
 .text.disabled_cb
                0x0000000000030f00        0x4 zephyr/subsys/bluetooth/controller/libsubsys__bluetooth__controller.a(ull.c.obj)
 .text.rx_demux
                0x0000000000030f04       0xb0 zephyr/subsys/bluetooth/controller/libsubsys__bluetooth__controller.a(ull.c.obj)
 .text.rx_replenish.constprop.0
                0x0000000000030fb4       0x88 zephyr/subsys/bluetooth/controller/libsubsys__bluetooth__controller.a(ull.c.obj)
 .text.init_reset
                0x000000000003103c       0xe8 zephyr/subsys/bluetooth/controller/libsubsys__bluetooth__controller.a(ull.c.obj)
 .text.ll_init  0x0000000000031124       0xa4 zephyr/subsys/bluetooth/controller/libsubsys__bluetooth__controller.a(ull.c.obj)
                0x0000000000031124                ll_init
 .text.ll_reset
                0x00000000000311c8       0x7c zephyr/subsys/bluetooth/controller/libsubsys__bluetooth__controller.a(ull.c.obj)
                0x00000000000311c8                ll_reset
 .text.ll_deinit
                0x0000000000031244       0x18 zephyr/subsys/bluetooth/controller/libsubsys__bluetooth__controller.a(ull.c.obj)
                0x0000000000031244                ll_deinit
 .text.ll_rx_get
                0x000000000003125c       0x28 zephyr/subsys/bluetooth/controller/libsubsys__bluetooth__controller.a(ull.c.obj)
                0x000000000003125c                ll_rx_get
 .text.ll_rx_dequeue
                0x0000000000031284       0x38 zephyr/subsys/bluetooth/controller/libsubsys__bluetooth__controller.a(ull.c.obj)
                0x0000000000031284                ll_rx_dequeue
 .text.ll_rx_mem_release
                0x00000000000312bc       0x50 zephyr/subsys/bluetooth/controller/libsubsys__bluetooth__controller.a(ull.c.obj)
                0x00000000000312bc                ll_rx_mem_release
 .text.ull_ticker_status_take
                0x000000000003130c       0x24 zephyr/subsys/bluetooth/controller/libsubsys__bluetooth__controller.a(ull.c.obj)
                0x000000000003130c                ull_ticker_status_take
 .text.ull_disable_mark
                0x0000000000031330       0x18 zephyr/subsys/bluetooth/controller/libsubsys__bluetooth__controller.a(ull.c.obj)
                0x0000000000031330                ull_disable_mark
 .text.ull_disable_unmark
                0x0000000000031348       0x18 zephyr/subsys/bluetooth/controller/libsubsys__bluetooth__controller.a(ull.c.obj)
                0x0000000000031348                ull_disable_unmark
 .text.ull_disable_mark_get
                0x0000000000031360        0xc zephyr/subsys/bluetooth/controller/libsubsys__bluetooth__controller.a(ull.c.obj)
                0x0000000000031360                ull_disable_mark_get
 .text.ull_disable
                0x000000000003136c       0x54 zephyr/subsys/bluetooth/controller/libsubsys__bluetooth__controller.a(ull.c.obj)
                0x000000000003136c                ull_disable
 .text.ull_pdu_rx_alloc_peek
                0x00000000000313c0       0x34 zephyr/subsys/bluetooth/controller/libsubsys__bluetooth__controller.a(ull.c.obj)
                0x00000000000313c0                ull_pdu_rx_alloc_peek
 .text.ull_prepare_enqueue
                0x00000000000313f4       0x74 zephyr/subsys/bluetooth/controller/libsubsys__bluetooth__controller.a(ull.c.obj)
                0x00000000000313f4                ull_prepare_enqueue
 .text.ull_prepare_dequeue_get
                0x0000000000031468       0x1c zephyr/subsys/bluetooth/controller/libsubsys__bluetooth__controller.a(ull.c.obj)
                0x0000000000031468                ull_prepare_dequeue_get
 .text.ull_prepare_dequeue_iter
                0x0000000000031484       0x34 zephyr/subsys/bluetooth/controller/libsubsys__bluetooth__controller.a(ull.c.obj)
                0x0000000000031484                ull_prepare_dequeue_iter
 .text.ull_prepare_dequeue
                0x00000000000314b8      0x104 zephyr/subsys/bluetooth/controller/libsubsys__bluetooth__controller.a(ull.c.obj)
                0x00000000000314b8                ull_prepare_dequeue
 .text.ull_event_done
                0x00000000000315bc       0x54 zephyr/subsys/bluetooth/controller/libsubsys__bluetooth__controller.a(ull.c.obj)
                0x00000000000315bc                ull_event_done
 .text.lll_prepare
                0x0000000000031610       0x1c zephyr/subsys/bluetooth/controller/libsubsys__bluetooth__controller.a(lll_common.c.obj)
                0x0000000000031610                lll_prepare
 .text.lll_resume
                0x000000000003162c       0x28 zephyr/subsys/bluetooth/controller/libsubsys__bluetooth__controller.a(lll_common.c.obj)
                0x000000000003162c                lll_resume
 .text.hci_driver_send
                0x0000000000031654       0xa8 zephyr/subsys/bluetooth/controller/libsubsys__bluetooth__controller.a(hci_driver.c.obj)
 .text.hci_driver_close
                0x00000000000316fc       0x28 zephyr/subsys/bluetooth/controller/libsubsys__bluetooth__controller.a(hci_driver.c.obj)
 .text.recv_thread
                0x0000000000031724       0xc4 zephyr/subsys/bluetooth/controller/libsubsys__bluetooth__controller.a(hci_driver.c.obj)
 .text.prio_recv_thread
                0x00000000000317e8       0x50 zephyr/subsys/bluetooth/controller/libsubsys__bluetooth__controller.a(hci_driver.c.obj)
 .text.hci_driver_open
                0x0000000000031838       0xe0 zephyr/subsys/bluetooth/controller/libsubsys__bluetooth__controller.a(hci_driver.c.obj)
 .text.hci_recv_fifo_reset
                0x0000000000031918       0x20 zephyr/subsys/bluetooth/controller/libsubsys__bluetooth__controller.a(hci_driver.c.obj)
                0x0000000000031918                hci_recv_fifo_reset
 .text.hci_vendor_cmd_handle_common
                0x0000000000031938      0x164 zephyr/subsys/bluetooth/controller/libsubsys__bluetooth__controller.a(hci.c.obj)
                0x0000000000031938                hci_vendor_cmd_handle_common
 .text.hci_cmd_handle
                0x0000000000031a9c      0x478 zephyr/subsys/bluetooth/controller/libsubsys__bluetooth__controller.a(hci.c.obj)
                0x0000000000031a9c                hci_cmd_handle
 .text.hci_evt_encode
                0x0000000000031f14        0xc zephyr/subsys/bluetooth/controller/libsubsys__bluetooth__controller.a(hci.c.obj)
                0x0000000000031f14                hci_evt_encode
 .text.hci_get_class
                0x0000000000031f20        0x4 zephyr/subsys/bluetooth/controller/libsubsys__bluetooth__controller.a(hci.c.obj)
                0x0000000000031f20                hci_get_class
 .text.hci_init
                0x0000000000031f24        0x4 zephyr/subsys/bluetooth/controller/libsubsys__bluetooth__controller.a(hci.c.obj)
                0x0000000000031f24                hci_init
 .text.ticker_update_op_cb
                0x0000000000031f28       0x30 zephyr/subsys/bluetooth/controller/libsubsys__bluetooth__controller.a(ull_adv.c.obj)
 .text.init_set.constprop.0
                0x0000000000031f58       0x3c zephyr/subsys/bluetooth/controller/libsubsys__bluetooth__controller.a(ull_adv.c.obj)
 .text.adv_time_get.constprop.0
                0x0000000000031f94       0x74 zephyr/subsys/bluetooth/controller/libsubsys__bluetooth__controller.a(ull_adv.c.obj)
 .text.ticker_cb
                0x0000000000032008       0xdc zephyr/subsys/bluetooth/controller/libsubsys__bluetooth__controller.a(ull_adv.c.obj)
 .text.ll_adv_params_set
                0x00000000000320e4       0xdc zephyr/subsys/bluetooth/controller/libsubsys__bluetooth__controller.a(ull_adv.c.obj)
                0x00000000000320e4                ll_adv_params_set
 .text.ull_adv_init
                0x00000000000321c0       0x20 zephyr/subsys/bluetooth/controller/libsubsys__bluetooth__controller.a(ull_adv.c.obj)
                0x00000000000321c0                ull_adv_init
 .text.ull_adv_reset
                0x00000000000321e0       0x80 zephyr/subsys/bluetooth/controller/libsubsys__bluetooth__controller.a(ull_adv.c.obj)
                0x00000000000321e0                ull_adv_reset
 .text.ull_adv_reset_finalize
                0x0000000000032260       0x2c zephyr/subsys/bluetooth/controller/libsubsys__bluetooth__controller.a(ull_adv.c.obj)
                0x0000000000032260                ull_adv_reset_finalize
 .text.ull_adv_lll_handle_get
                0x000000000003228c       0x1c zephyr/subsys/bluetooth/controller/libsubsys__bluetooth__controller.a(ull_adv.c.obj)
                0x000000000003228c                ull_adv_lll_handle_get
 .text.ull_adv_is_enabled
                0x00000000000322a8       0x18 zephyr/subsys/bluetooth/controller/libsubsys__bluetooth__controller.a(ull_adv.c.obj)
                0x00000000000322a8                ull_adv_is_enabled
 .text.ull_adv_data_set
                0x00000000000322c0       0xb0 zephyr/subsys/bluetooth/controller/libsubsys__bluetooth__controller.a(ull_adv.c.obj)
                0x00000000000322c0                ull_adv_data_set
 .text.ll_adv_data_set
                0x0000000000032370       0x10 zephyr/subsys/bluetooth/controller/libsubsys__bluetooth__controller.a(ull_adv.c.obj)
                0x0000000000032370                ll_adv_data_set
 .text.ull_scan_rsp_set
                0x0000000000032380       0xcc zephyr/subsys/bluetooth/controller/libsubsys__bluetooth__controller.a(ull_adv.c.obj)
                0x0000000000032380                ull_scan_rsp_set
 .text.ll_adv_scan_rsp_set
                0x000000000003244c       0x10 zephyr/subsys/bluetooth/controller/libsubsys__bluetooth__controller.a(ull_adv.c.obj)
                0x000000000003244c                ll_adv_scan_rsp_set
 .text.bt_rand  0x000000000003245c        0x4 zephyr/subsys/bluetooth/controller/libsubsys__bluetooth__controller.a(crypto.c.obj)
                0x000000000003245c                bt_rand
 .text.radio_nrf5_isr
                0x0000000000032460       0x1c zephyr/subsys/bluetooth/controller/ll_sw/nordic/libsubsys__bluetooth__controller__ll_sw__nordic.a(lll.c.obj)
                0x0000000000032460                radio_nrf5_isr
 .text.rtc0_nrf5_isr
                0x000000000003247c       0x30 zephyr/subsys/bluetooth/controller/ll_sw/nordic/libsubsys__bluetooth__controller__ll_sw__nordic.a(lll.c.obj)
 .text.swi_lll_nrf5_isr
                0x00000000000324ac        0x8 zephyr/subsys/bluetooth/controller/ll_sw/nordic/libsubsys__bluetooth__controller__ll_sw__nordic.a(lll.c.obj)
 .text.ticker_start_op_cb
                0x00000000000324b4       0x4c zephyr/subsys/bluetooth/controller/ll_sw/nordic/libsubsys__bluetooth__controller__ll_sw__nordic.a(lll.c.obj)
 .text.ticker_stop_op_cb
                0x0000000000032500       0x40 zephyr/subsys/bluetooth/controller/ll_sw/nordic/libsubsys__bluetooth__controller__ll_sw__nordic.a(lll.c.obj)
 .text.isr_race
                0x0000000000032540        0x4 zephyr/subsys/bluetooth/controller/ll_sw/nordic/libsubsys__bluetooth__controller__ll_sw__nordic.a(lll.c.obj)
 .text.preempt_ticker_cb
                0x0000000000032544       0x3c zephyr/subsys/bluetooth/controller/ll_sw/nordic/libsubsys__bluetooth__controller__ll_sw__nordic.a(lll.c.obj)
 .text.preempt_ticker_start.constprop.0
                0x0000000000032580       0xf0 zephyr/subsys/bluetooth/controller/ll_sw/nordic/libsubsys__bluetooth__controller__ll_sw__nordic.a(lll.c.obj)
 .text.preempt  0x0000000000032670      0x1f0 zephyr/subsys/bluetooth/controller/ll_sw/nordic/libsubsys__bluetooth__controller__ll_sw__nordic.a(lll.c.obj)
 .text.lll_init
                0x0000000000032860       0x6c zephyr/subsys/bluetooth/controller/ll_sw/nordic/libsubsys__bluetooth__controller__ll_sw__nordic.a(lll.c.obj)
                0x0000000000032860                lll_init
 .text.lll_deinit
                0x00000000000328cc       0x20 zephyr/subsys/bluetooth/controller/ll_sw/nordic/libsubsys__bluetooth__controller__ll_sw__nordic.a(lll.c.obj)
                0x00000000000328cc                lll_deinit
 .text.lll_csrand_get
                0x00000000000328ec       0x14 zephyr/subsys/bluetooth/controller/ll_sw/nordic/libsubsys__bluetooth__controller__ll_sw__nordic.a(lll.c.obj)
                0x00000000000328ec                lll_csrand_get
 .text.lll_rand_isr_get
                0x0000000000032900       0x24 zephyr/subsys/bluetooth/controller/ll_sw/nordic/libsubsys__bluetooth__controller__ll_sw__nordic.a(lll.c.obj)
                0x0000000000032900                lll_rand_isr_get
 .text.lll_reset
                0x0000000000032924        0x4 zephyr/subsys/bluetooth/controller/ll_sw/nordic/libsubsys__bluetooth__controller__ll_sw__nordic.a(lll.c.obj)
                0x0000000000032924                lll_reset
 .text.lll_disable
                0x0000000000032928       0x84 zephyr/subsys/bluetooth/controller/ll_sw/nordic/libsubsys__bluetooth__controller__ll_sw__nordic.a(lll.c.obj)
                0x0000000000032928                lll_disable
 .text.lll_prepare_done
                0x00000000000329ac        0x4 zephyr/subsys/bluetooth/controller/ll_sw/nordic/libsubsys__bluetooth__controller__ll_sw__nordic.a(lll.c.obj)
                0x00000000000329ac                lll_prepare_done
 .text.lll_done
                0x00000000000329b0       0x44 zephyr/subsys/bluetooth/controller/ll_sw/nordic/libsubsys__bluetooth__controller__ll_sw__nordic.a(lll.c.obj)
                0x00000000000329b0                lll_done
 .text.lll_event_offset_get
                0x00000000000329f4        0x4 zephyr/subsys/bluetooth/controller/ll_sw/nordic/libsubsys__bluetooth__controller__ll_sw__nordic.a(lll.c.obj)
                0x00000000000329f4                lll_event_offset_get
 .text.lll_preempt_calc
                0x00000000000329f8       0x24 zephyr/subsys/bluetooth/controller/ll_sw/nordic/libsubsys__bluetooth__controller__ll_sw__nordic.a(lll.c.obj)
                0x00000000000329f8                lll_preempt_calc
 .text.lll_chan_set
                0x0000000000032a1c       0x68 zephyr/subsys/bluetooth/controller/ll_sw/nordic/libsubsys__bluetooth__controller__ll_sw__nordic.a(lll.c.obj)
                0x0000000000032a1c                lll_chan_set
 .text.lll_isr_tx_status_reset
                0x0000000000032a84       0x10 zephyr/subsys/bluetooth/controller/ll_sw/nordic/libsubsys__bluetooth__controller__ll_sw__nordic.a(lll.c.obj)
                0x0000000000032a84                lll_isr_tx_status_reset
 .text.lll_isr_status_reset
                0x0000000000032a94       0x18 zephyr/subsys/bluetooth/controller/ll_sw/nordic/libsubsys__bluetooth__controller__ll_sw__nordic.a(lll.c.obj)
                0x0000000000032a94                lll_isr_status_reset
 .text.lll_isr_cleanup
                0x0000000000032aac       0x50 zephyr/subsys/bluetooth/controller/ll_sw/nordic/libsubsys__bluetooth__controller__ll_sw__nordic.a(lll.c.obj)
                0x0000000000032aac                lll_isr_cleanup
 .text.lll_prepare_resolve
                0x0000000000032afc      0x164 zephyr/subsys/bluetooth/controller/ll_sw/nordic/libsubsys__bluetooth__controller__ll_sw__nordic.a(lll.c.obj)
                0x0000000000032afc                lll_prepare_resolve
 .text.lll_clock_init
                0x0000000000032c60       0x20 zephyr/subsys/bluetooth/controller/ll_sw/nordic/libsubsys__bluetooth__controller__ll_sw__nordic.a(lll_clock.c.obj)
                0x0000000000032c60                lll_clock_init
 .text.lll_clock_deinit
                0x0000000000032c80       0x20 zephyr/subsys/bluetooth/controller/ll_sw/nordic/libsubsys__bluetooth__controller__ll_sw__nordic.a(lll_clock.c.obj)
                0x0000000000032c80                lll_clock_deinit
 .text.lll_hfclock_on
                0x0000000000032ca0       0x30 zephyr/subsys/bluetooth/controller/ll_sw/nordic/libsubsys__bluetooth__controller__ll_sw__nordic.a(lll_clock.c.obj)
                0x0000000000032ca0                lll_hfclock_on
 .text.lll_hfclock_off
                0x0000000000032cd0       0x40 zephyr/subsys/bluetooth/controller/ll_sw/nordic/libsubsys__bluetooth__controller__ll_sw__nordic.a(lll_clock.c.obj)
                0x0000000000032cd0                lll_hfclock_off
 .text.is_abort_cb
                0x0000000000032d10        0x8 zephyr/subsys/bluetooth/controller/ll_sw/nordic/libsubsys__bluetooth__controller__ll_sw__nordic.a(lll_adv.c.obj)
 .text.isr_abort
                0x0000000000032d18       0x18 zephyr/subsys/bluetooth/controller/ll_sw/nordic/libsubsys__bluetooth__controller__ll_sw__nordic.a(lll_adv.c.obj)
 .text.isr_tx   0x0000000000032d30       0x7c zephyr/subsys/bluetooth/controller/ll_sw/nordic/libsubsys__bluetooth__controller__ll_sw__nordic.a(lll_adv.c.obj)
 .text.abort_cb
                0x0000000000032dac       0x30 zephyr/subsys/bluetooth/controller/ll_sw/nordic/libsubsys__bluetooth__controller__ll_sw__nordic.a(lll_adv.c.obj)
 .text.isr_rx   0x0000000000032ddc       0xbc zephyr/subsys/bluetooth/controller/ll_sw/nordic/libsubsys__bluetooth__controller__ll_sw__nordic.a(lll_adv.c.obj)
 .text.lll_adv_init
                0x0000000000032e98       0x30 zephyr/subsys/bluetooth/controller/ll_sw/nordic/libsubsys__bluetooth__controller__ll_sw__nordic.a(lll_adv.c.obj)
                0x0000000000032e98                lll_adv_init
 .text.lll_adv_reset
                0x0000000000032ec8       0x30 zephyr/subsys/bluetooth/controller/ll_sw/nordic/libsubsys__bluetooth__controller__ll_sw__nordic.a(lll_adv.c.obj)
                0x0000000000032ec8                lll_adv_reset
 .text.lll_adv_data_init
                0x0000000000032ef8       0x20 zephyr/subsys/bluetooth/controller/ll_sw/nordic/libsubsys__bluetooth__controller__ll_sw__nordic.a(lll_adv.c.obj)
                0x0000000000032ef8                lll_adv_data_init
 .text.lll_adv_data_reset
                0x0000000000032f18        0xc zephyr/subsys/bluetooth/controller/ll_sw/nordic/libsubsys__bluetooth__controller__ll_sw__nordic.a(lll_adv.c.obj)
                0x0000000000032f18                lll_adv_data_reset
 .text.lll_adv_pdu_alloc_pdu_adv
                0x0000000000032f24       0x88 zephyr/subsys/bluetooth/controller/ll_sw/nordic/libsubsys__bluetooth__controller__ll_sw__nordic.a(lll_adv.c.obj)
                0x0000000000032f24                lll_adv_pdu_alloc_pdu_adv
 .text.lll_adv_pdu_alloc
                0x0000000000032fac       0x44 zephyr/subsys/bluetooth/controller/ll_sw/nordic/libsubsys__bluetooth__controller__ll_sw__nordic.a(lll_adv.c.obj)
                0x0000000000032fac                lll_adv_pdu_alloc
 .text.lll_adv_pdu_latest_get
                0x0000000000032ff0       0x6c zephyr/subsys/bluetooth/controller/ll_sw/nordic/libsubsys__bluetooth__controller__ll_sw__nordic.a(lll_adv.c.obj)
                0x0000000000032ff0                lll_adv_pdu_latest_get
 .text.chan_prepare.isra.0
                0x000000000003305c       0xb0 zephyr/subsys/bluetooth/controller/ll_sw/nordic/libsubsys__bluetooth__controller__ll_sw__nordic.a(lll_adv.c.obj)
 .text.isr_done
                0x000000000003310c       0x34 zephyr/subsys/bluetooth/controller/ll_sw/nordic/libsubsys__bluetooth__controller__ll_sw__nordic.a(lll_adv.c.obj)
 .text.lll_adv_prepare
                0x0000000000033140       0x3c zephyr/subsys/bluetooth/controller/ll_sw/nordic/libsubsys__bluetooth__controller__ll_sw__nordic.a(lll_adv.c.obj)
                0x0000000000033140                lll_adv_prepare
 .text.hci_vendor_read_static_addr
                0x000000000003317c       0xa0 zephyr/subsys/bluetooth/controller/ll_sw/nordic/libsubsys__bluetooth__controller__ll_sw__nordic.a(hci_vendor.c.obj)
                0x000000000003317c                hci_vendor_read_static_addr
 .text.hci_vendor_read_key_hierarchy_roots
                0x000000000003321c       0x54 zephyr/subsys/bluetooth/controller/ll_sw/nordic/libsubsys__bluetooth__controller__ll_sw__nordic.a(hci_vendor.c.obj)
                0x000000000003321c                hci_vendor_read_key_hierarchy_roots
 .text.cntr_init
                0x0000000000033270       0x1c zephyr/subsys/bluetooth/controller/ll_sw/nordic/libsubsys__bluetooth__controller__ll_sw__nordic.a(cntr.c.obj)
                0x0000000000033270                cntr_init
 .text.cntr_start
                0x000000000003328c       0x20 zephyr/subsys/bluetooth/controller/ll_sw/nordic/libsubsys__bluetooth__controller__ll_sw__nordic.a(cntr.c.obj)
                0x000000000003328c                cntr_start
 .text.cntr_stop
                0x00000000000332ac       0x28 zephyr/subsys/bluetooth/controller/ll_sw/nordic/libsubsys__bluetooth__controller__ll_sw__nordic.a(cntr.c.obj)
                0x00000000000332ac                cntr_stop
 .text.cntr_cnt_get
                0x00000000000332d4        0xc zephyr/subsys/bluetooth/controller/ll_sw/nordic/libsubsys__bluetooth__controller__ll_sw__nordic.a(cntr.c.obj)
                0x00000000000332d4                cntr_cnt_get
 .text.cntr_cmp_set
                0x00000000000332e0       0x10 zephyr/subsys/bluetooth/controller/ll_sw/nordic/libsubsys__bluetooth__controller__ll_sw__nordic.a(cntr.c.obj)
                0x00000000000332e0                cntr_cmp_set
 .text.isr_radio
                0x00000000000332f0       0x20 zephyr/subsys/bluetooth/controller/ll_sw/nordic/libsubsys__bluetooth__controller__ll_sw__nordic.a(radio.c.obj)
                0x00000000000332f0                isr_radio
 .text.radio_isr_set
                0x0000000000033310       0x14 zephyr/subsys/bluetooth/controller/ll_sw/nordic/libsubsys__bluetooth__controller__ll_sw__nordic.a(radio.c.obj)
                0x0000000000033310                radio_isr_set
 .text.radio_setup
                0x0000000000033324       0x44 zephyr/subsys/bluetooth/controller/ll_sw/nordic/libsubsys__bluetooth__controller__ll_sw__nordic.a(radio.c.obj)
                0x0000000000033324                radio_setup
 .text.radio_reset
                0x0000000000033368       0x28 zephyr/subsys/bluetooth/controller/ll_sw/nordic/libsubsys__bluetooth__controller__ll_sw__nordic.a(radio.c.obj)
                0x0000000000033368                radio_reset
 .text.radio_stop
                0x0000000000033390        0x4 zephyr/subsys/bluetooth/controller/ll_sw/nordic/libsubsys__bluetooth__controller__ll_sw__nordic.a(radio.c.obj)
                0x0000000000033390                radio_stop
 .text.radio_phy_set
                0x0000000000033394       0x1c zephyr/subsys/bluetooth/controller/ll_sw/nordic/libsubsys__bluetooth__controller__ll_sw__nordic.a(radio.c.obj)
                0x0000000000033394                radio_phy_set
 .text.radio_tx_power_set
                0x00000000000333b0        0xc zephyr/subsys/bluetooth/controller/ll_sw/nordic/libsubsys__bluetooth__controller__ll_sw__nordic.a(radio.c.obj)
                0x00000000000333b0                radio_tx_power_set
 .text.radio_freq_chan_set
                0x00000000000333bc        0xc zephyr/subsys/bluetooth/controller/ll_sw/nordic/libsubsys__bluetooth__controller__ll_sw__nordic.a(radio.c.obj)
                0x00000000000333bc                radio_freq_chan_set
 .text.radio_whiten_iv_set
                0x00000000000333c8       0x28 zephyr/subsys/bluetooth/controller/ll_sw/nordic/libsubsys__bluetooth__controller__ll_sw__nordic.a(radio.c.obj)
                0x00000000000333c8                radio_whiten_iv_set
 .text.radio_aa_set
                0x00000000000333f0       0x28 zephyr/subsys/bluetooth/controller/ll_sw/nordic/libsubsys__bluetooth__controller__ll_sw__nordic.a(radio.c.obj)
                0x00000000000333f0                radio_aa_set
 .text.radio_pkt_configure
                0x0000000000033418       0x54 zephyr/subsys/bluetooth/controller/ll_sw/nordic/libsubsys__bluetooth__controller__ll_sw__nordic.a(radio.c.obj)
                0x0000000000033418                radio_pkt_configure
 .text.radio_pkt_rx_set
                0x000000000003346c        0xc zephyr/subsys/bluetooth/controller/ll_sw/nordic/libsubsys__bluetooth__controller__ll_sw__nordic.a(radio.c.obj)
                0x000000000003346c                radio_pkt_rx_set
 .text.radio_pkt_tx_set
                0x0000000000033478        0xc zephyr/subsys/bluetooth/controller/ll_sw/nordic/libsubsys__bluetooth__controller__ll_sw__nordic.a(radio.c.obj)
                0x0000000000033478                radio_pkt_tx_set
 .text.radio_tx_chain_delay_get
                0x0000000000033484        0x4 zephyr/subsys/bluetooth/controller/ll_sw/nordic/libsubsys__bluetooth__controller__ll_sw__nordic.a(radio.c.obj)
                0x0000000000033484                radio_tx_chain_delay_get
 .text.radio_rx_chain_delay_get
                0x0000000000033488        0xc zephyr/subsys/bluetooth/controller/ll_sw/nordic/libsubsys__bluetooth__controller__ll_sw__nordic.a(radio.c.obj)
                0x0000000000033488                radio_rx_chain_delay_get
 .text.radio_tx_enable
                0x0000000000033494        0xc zephyr/subsys/bluetooth/controller/ll_sw/nordic/libsubsys__bluetooth__controller__ll_sw__nordic.a(radio.c.obj)
                0x0000000000033494                radio_tx_enable
 .text.radio_disable
                0x00000000000334a0       0x40 zephyr/subsys/bluetooth/controller/ll_sw/nordic/libsubsys__bluetooth__controller__ll_sw__nordic.a(radio.c.obj)
                0x00000000000334a0                radio_disable
 .text.radio_status_reset
                0x00000000000334e0       0x2c zephyr/subsys/bluetooth/controller/ll_sw/nordic/libsubsys__bluetooth__controller__ll_sw__nordic.a(radio.c.obj)
                0x00000000000334e0                radio_status_reset
 .text.radio_is_ready
                0x000000000003350c       0x14 zephyr/subsys/bluetooth/controller/ll_sw/nordic/libsubsys__bluetooth__controller__ll_sw__nordic.a(radio.c.obj)
                0x000000000003350c                radio_is_ready
 .text.radio_is_done
                0x0000000000033520       0x14 zephyr/subsys/bluetooth/controller/ll_sw/nordic/libsubsys__bluetooth__controller__ll_sw__nordic.a(radio.c.obj)
                0x0000000000033520                radio_is_done
 .text.radio_is_tx_done
                0x0000000000033534        0x4 zephyr/subsys/bluetooth/controller/ll_sw/nordic/libsubsys__bluetooth__controller__ll_sw__nordic.a(radio.c.obj)
                0x0000000000033534                radio_is_tx_done
 .text.radio_is_idle
                0x0000000000033538       0x14 zephyr/subsys/bluetooth/controller/ll_sw/nordic/libsubsys__bluetooth__controller__ll_sw__nordic.a(radio.c.obj)
                0x0000000000033538                radio_is_idle
 .text.radio_crc_configure
                0x000000000003354c       0x18 zephyr/subsys/bluetooth/controller/ll_sw/nordic/libsubsys__bluetooth__controller__ll_sw__nordic.a(radio.c.obj)
                0x000000000003354c                radio_crc_configure
 .text.radio_crc_is_valid
                0x0000000000033564       0x14 zephyr/subsys/bluetooth/controller/ll_sw/nordic/libsubsys__bluetooth__controller__ll_sw__nordic.a(radio.c.obj)
                0x0000000000033564                radio_crc_is_valid
 .text.radio_switch_complete_and_rx
                0x0000000000033578       0x90 zephyr/subsys/bluetooth/controller/ll_sw/nordic/libsubsys__bluetooth__controller__ll_sw__nordic.a(radio.c.obj)
                0x0000000000033578                radio_switch_complete_and_rx
 .text.radio_switch_complete_and_tx
                0x0000000000033608       0xc0 zephyr/subsys/bluetooth/controller/ll_sw/nordic/libsubsys__bluetooth__controller__ll_sw__nordic.a(radio.c.obj)
                0x0000000000033608                radio_switch_complete_and_tx
 .text.radio_switch_complete_and_disable
                0x00000000000336c8       0x1c zephyr/subsys/bluetooth/controller/ll_sw/nordic/libsubsys__bluetooth__controller__ll_sw__nordic.a(radio.c.obj)
                0x00000000000336c8                radio_switch_complete_and_disable
 .text.radio_rssi_status_reset
                0x00000000000336e4       0x14 zephyr/subsys/bluetooth/controller/ll_sw/nordic/libsubsys__bluetooth__controller__ll_sw__nordic.a(radio.c.obj)
                0x00000000000336e4                radio_rssi_status_reset
 .text.radio_rssi_is_ready
                0x00000000000336f8       0x14 zephyr/subsys/bluetooth/controller/ll_sw/nordic/libsubsys__bluetooth__controller__ll_sw__nordic.a(radio.c.obj)
                0x00000000000336f8                radio_rssi_is_ready
 .text.radio_filter_disable
                0x000000000003370c       0x14 zephyr/subsys/bluetooth/controller/ll_sw/nordic/libsubsys__bluetooth__controller__ll_sw__nordic.a(radio.c.obj)
                0x000000000003370c                radio_filter_disable
 .text.radio_filter_status_reset
                0x0000000000033720       0x14 zephyr/subsys/bluetooth/controller/ll_sw/nordic/libsubsys__bluetooth__controller__ll_sw__nordic.a(radio.c.obj)
                0x0000000000033720                radio_filter_status_reset
 .text.radio_filter_has_match
                0x0000000000033734       0x14 zephyr/subsys/bluetooth/controller/ll_sw/nordic/libsubsys__bluetooth__controller__ll_sw__nordic.a(radio.c.obj)
                0x0000000000033734                radio_filter_has_match
 .text.radio_filter_match_get
                0x0000000000033748        0xc zephyr/subsys/bluetooth/controller/ll_sw/nordic/libsubsys__bluetooth__controller__ll_sw__nordic.a(radio.c.obj)
                0x0000000000033748                radio_filter_match_get
 .text.radio_tmr_status_reset
                0x0000000000033754       0x20 zephyr/subsys/bluetooth/controller/ll_sw/nordic/libsubsys__bluetooth__controller__ll_sw__nordic.a(radio.c.obj)
                0x0000000000033754                radio_tmr_status_reset
 .text.radio_tmr_tifs_set
                0x0000000000033774       0x18 zephyr/subsys/bluetooth/controller/ll_sw/nordic/libsubsys__bluetooth__controller__ll_sw__nordic.a(radio.c.obj)
                0x0000000000033774                radio_tmr_tifs_set
 .text.radio_tmr_start
                0x000000000003378c       0xe8 zephyr/subsys/bluetooth/controller/ll_sw/nordic/libsubsys__bluetooth__controller__ll_sw__nordic.a(radio.c.obj)
                0x000000000003378c                radio_tmr_start
 .text.radio_tmr_stop
                0x0000000000033874       0x18 zephyr/subsys/bluetooth/controller/ll_sw/nordic/libsubsys__bluetooth__controller__ll_sw__nordic.a(radio.c.obj)
                0x0000000000033874                radio_tmr_stop
 .text.radio_tmr_hcto_configure
                0x000000000003388c       0x1c zephyr/subsys/bluetooth/controller/ll_sw/nordic/libsubsys__bluetooth__controller__ll_sw__nordic.a(radio.c.obj)
                0x000000000003388c                radio_tmr_hcto_configure
 .text.radio_tmr_end_capture
                0x00000000000338a8       0x10 zephyr/subsys/bluetooth/controller/ll_sw/nordic/libsubsys__bluetooth__controller__ll_sw__nordic.a(radio.c.obj)
                0x00000000000338a8                radio_tmr_end_capture
 .text.radio_tmr_tifs_base_get
                0x00000000000338b8        0xc zephyr/subsys/bluetooth/controller/ll_sw/nordic/libsubsys__bluetooth__controller__ll_sw__nordic.a(radio.c.obj)
                0x00000000000338b8                radio_tmr_tifs_base_get
 .text.mayfly_enable_cb
                0x00000000000338c4       0x18 zephyr/subsys/bluetooth/controller/ll_sw/nordic/libsubsys__bluetooth__controller__ll_sw__nordic.a(mayfly.c.obj)
                0x00000000000338c4                mayfly_enable_cb
 .text.mayfly_is_enabled
                0x00000000000338dc       0x1c zephyr/subsys/bluetooth/controller/ll_sw/nordic/libsubsys__bluetooth__controller__ll_sw__nordic.a(mayfly.c.obj)
                0x00000000000338dc                mayfly_is_enabled
 .text.mayfly_prio_is_equal
                0x00000000000338f8       0x2c zephyr/subsys/bluetooth/controller/ll_sw/nordic/libsubsys__bluetooth__controller__ll_sw__nordic.a(mayfly.c.obj)
                0x00000000000338f8                mayfly_prio_is_equal
 .text.mayfly_pend
                0x0000000000033924       0x2c zephyr/subsys/bluetooth/controller/ll_sw/nordic/libsubsys__bluetooth__controller__ll_sw__nordic.a(mayfly.c.obj)
                0x0000000000033924                mayfly_pend
 .text.hal_ticker_instance0_caller_id_get
                0x0000000000033950       0x20 zephyr/subsys/bluetooth/controller/ll_sw/nordic/libsubsys__bluetooth__controller__ll_sw__nordic.a(ticker.c.obj)
                0x0000000000033950                hal_ticker_instance0_caller_id_get
 .text.hal_ticker_instance0_sched
                0x0000000000033970       0xa0 zephyr/subsys/bluetooth/controller/ll_sw/nordic/libsubsys__bluetooth__controller__ll_sw__nordic.a(ticker.c.obj)
                0x0000000000033970                hal_ticker_instance0_sched
 .text.hal_ticker_instance0_trigger_set
                0x0000000000033a10        0x8 zephyr/subsys/bluetooth/controller/ll_sw/nordic/libsubsys__bluetooth__controller__ll_sw__nordic.a(ticker.c.obj)
                0x0000000000033a10                hal_ticker_instance0_trigger_set
 .text.do_ecb   0x0000000000033a18       0x50 zephyr/subsys/bluetooth/controller/ll_sw/nordic/libsubsys__bluetooth__controller__ll_sw__nordic.a(ecb.c.obj)
 .text.isr_ecb  0x0000000000033a68       0x4c zephyr/subsys/bluetooth/controller/ll_sw/nordic/libsubsys__bluetooth__controller__ll_sw__nordic.a(ecb.c.obj)
 .text.ecb_encrypt
                0x0000000000033ab4       0x44 zephyr/subsys/bluetooth/controller/ll_sw/nordic/libsubsys__bluetooth__controller__ll_sw__nordic.a(ecb.c.obj)
                0x0000000000033ab4                ecb_encrypt
 .text.udc_set_suspended
                0x0000000000033af8       0x9c zephyr/drivers/usb/udc/libdrivers__usb__udc.a(udc_common.c.obj)
                0x0000000000033af8                udc_set_suspended
 .text.udc_ep_enable_internal
                0x0000000000033b94       0x9c zephyr/drivers/usb/udc/libdrivers__usb__udc.a(udc_common.c.obj)
                0x0000000000033b94                udc_ep_enable_internal
 .text.udc_ep_disable_internal
                0x0000000000033c30       0x5c zephyr/drivers/usb/udc/libdrivers__usb__udc.a(udc_common.c.obj)
                0x0000000000033c30                udc_ep_disable_internal
 .text.udc_ep_dequeue
                0x0000000000033c8c       0x6c zephyr/drivers/usb/udc/libdrivers__usb__udc.a(udc_common.c.obj)
                0x0000000000033c8c                udc_ep_dequeue
 .text.udc_ep_buf_alloc
                0x0000000000033cf8       0x58 zephyr/drivers/usb/udc/libdrivers__usb__udc.a(udc_common.c.obj)
                0x0000000000033cf8                udc_ep_buf_alloc
 .text.udc_ctrl_update_stage
                0x0000000000033d50      0x128 zephyr/drivers/usb/udc/libdrivers__usb__udc.a(udc_common.c.obj)
                0x0000000000033d50                udc_ctrl_update_stage
 .text.nrf52_errata_187
                0x0000000000033e78       0x28 zephyr/drivers/usb/udc/libdrivers__usb__udc.a(udc_nrf.c.obj)
 .text.usbd_ep_amount_get
                0x0000000000033ea0       0x38 zephyr/drivers/usb/udc/libdrivers__usb__udc.a(udc_nrf.c.obj)
 .text.usbd_ep_abort
                0x0000000000033ed8       0xac zephyr/drivers/usb/udc/libdrivers__usb__udc.a(udc_nrf.c.obj)
 .text.usbd_errata_187_211_begin
                0x0000000000033f84       0x3c zephyr/drivers/usb/udc/libdrivers__usb__udc.a(udc_nrf.c.obj)
 .text.usbd_errata_187_211_end
                0x0000000000033fc0       0x3c zephyr/drivers/usb/udc/libdrivers__usb__udc.a(udc_nrf.c.obj)
 .text.nrf_usbd_start_transfer
                0x0000000000033ffc       0x70 zephyr/drivers/usb/udc/libdrivers__usb__udc.a(udc_nrf.c.obj)
 .text.nrf_usbd_legacy_ep_stall_clear
                0x000000000003406c       0x60 zephyr/drivers/usb/udc/libdrivers__usb__udc.a(udc_nrf.c.obj)
 .text.udc_nrf_ep_enable
                0x00000000000340cc       0x68 zephyr/drivers/usb/udc/libdrivers__usb__udc.a(udc_nrf.c.obj)
 .text.udc_nrf_ep_set_halt
                0x0000000000034134       0x20 zephyr/drivers/usb/udc/libdrivers__usb__udc.a(udc_nrf.c.obj)
 .text.udc_event_xfer_ctrl_in
                0x0000000000034154       0x4c zephyr/drivers/usb/udc/libdrivers__usb__udc.a(udc_nrf.c.obj)
 .text.udc_nrf_shutdown
                0x00000000000341a0       0x2c zephyr/drivers/usb/udc/libdrivers__usb__udc.a(udc_nrf.c.obj)
 .text.udc_nrf_init
                0x00000000000341cc       0x54 zephyr/drivers/usb/udc/libdrivers__usb__udc.a(udc_nrf.c.obj)
 .text.k_event_post.constprop.0.isra.0
                0x0000000000034220        0xc zephyr/drivers/usb/udc/libdrivers__usb__udc.a(udc_nrf.c.obj)
 .text.udc_nrf_set_address
                0x000000000003422c       0x20 zephyr/drivers/usb/udc/libdrivers__usb__udc.a(udc_nrf.c.obj)
 .text.udc_nrf_driver_init
                0x000000000003424c      0x19c zephyr/drivers/usb/udc/libdrivers__usb__udc.a(udc_nrf.c.obj)
 .text.udc_nrf_ep_enqueue
                0x00000000000343e8       0x40 zephyr/drivers/usb/udc/libdrivers__usb__udc.a(udc_nrf.c.obj)
 .text.udc_nrf_ep_clear_halt
                0x0000000000034428       0x24 zephyr/drivers/usb/udc/libdrivers__usb__udc.a(udc_nrf.c.obj)
 .text.udc_nrf_ep_disable
                0x000000000003444c       0x64 zephyr/drivers/usb/udc/libdrivers__usb__udc.a(udc_nrf.c.obj)
 .text.udc_nrf_power_handler.part.0
                0x00000000000344b0       0x1c zephyr/drivers/usb/udc/libdrivers__usb__udc.a(udc_nrf.c.obj)
 .text.udc_nrf_power_handler
                0x00000000000344cc       0x50 zephyr/drivers/usb/udc/libdrivers__usb__udc.a(udc_nrf.c.obj)
 .text.udc_nrf_ep_dequeue
                0x000000000003451c       0x78 zephyr/drivers/usb/udc/libdrivers__usb__udc.a(udc_nrf.c.obj)
 .text.udc_nrf_thread
                0x0000000000034594      0x46c zephyr/drivers/usb/udc/libdrivers__usb__udc.a(udc_nrf.c.obj)
 .text.usbd_dma_pending_clear
                0x0000000000034a00       0x1c zephyr/drivers/usb/udc/libdrivers__usb__udc.a(udc_nrf.c.obj)
 .text.udc_nrf_disable
                0x0000000000034a1c      0x150 zephyr/drivers/usb/udc/libdrivers__usb__udc.a(udc_nrf.c.obj)
 .text.nrf_usbd_irq_handler
                0x0000000000034b6c      0x4b0 zephyr/drivers/usb/udc/libdrivers__usb__udc.a(udc_nrf.c.obj)
 .text.udc_nrf_host_wakeup
                0x000000000003501c       0x78 zephyr/drivers/usb/udc/libdrivers__usb__udc.a(udc_nrf.c.obj)
 .text.udc_nrf_enable
                0x0000000000035094      0x1d8 zephyr/drivers/usb/udc/libdrivers__usb__udc.a(udc_nrf.c.obj)
 .text.onoff_stop
                0x000000000003526c       0x30 zephyr/drivers/clock_control/libdrivers__clock_control.a(clock_control_nrf.c.obj)
 .text.onoff_start
                0x000000000003529c       0x44 zephyr/drivers/clock_control/libdrivers__clock_control.a(clock_control_nrf.c.obj)
 .text.generic_hfclk_stop
                0x00000000000352e0       0x34 zephyr/drivers/clock_control/libdrivers__clock_control.a(clock_control_nrf.c.obj)
 .text.clk_init
                0x0000000000035314       0x58 zephyr/drivers/clock_control/libdrivers__clock_control.a(clock_control_nrf.c.obj)
 .text.api_blocking_start
                0x000000000003536c       0x3c zephyr/drivers/clock_control/libdrivers__clock_control.a(clock_control_nrf.c.obj)
 .text.clkstarted_handle.constprop.0
                0x00000000000353a8       0x4c zephyr/drivers/clock_control/libdrivers__clock_control.a(clock_control_nrf.c.obj)
 .text.generic_hfclk_start
                0x00000000000353f4       0x78 zephyr/drivers/clock_control/libdrivers__clock_control.a(clock_control_nrf.c.obj)
 .text.clock_event_handler
                0x000000000003546c       0x1c zephyr/drivers/clock_control/libdrivers__clock_control.a(clock_control_nrf.c.obj)
 .text.z_nrf_clock_control_get_onoff
                0x0000000000035488       0x10 zephyr/drivers/clock_control/libdrivers__clock_control.a(clock_control_nrf.c.obj)
                0x0000000000035488                z_nrf_clock_control_get_onoff
 .text.z_nrf_clock_bt_ctlr_hf_request
                0x0000000000035498       0x2c zephyr/drivers/clock_control/libdrivers__clock_control.a(clock_control_nrf.c.obj)
                0x0000000000035498                z_nrf_clock_bt_ctlr_hf_request
 .text.z_nrf_clock_bt_ctlr_hf_release
                0x00000000000354c4       0x34 zephyr/drivers/clock_control/libdrivers__clock_control.a(clock_control_nrf.c.obj)
                0x00000000000354c4                z_nrf_clock_bt_ctlr_hf_release
 .text.z_nrf_clock_control_lf_on
                0x00000000000354f8       0xfc zephyr/drivers/clock_control/libdrivers__clock_control.a(clock_control_nrf.c.obj)
                0x00000000000354f8                z_nrf_clock_control_lf_on
 .text.uart_console_init
                0x00000000000355f4       0x28 zephyr/drivers/console/libdrivers__console.a(uart_console.c.obj)
 .text.console_out
                0x000000000003561c       0x28 zephyr/drivers/console/libdrivers__console.a(uart_console.c.obj)
 .text.random_byte_get
                0x0000000000035644       0x3c zephyr/drivers/entropy/libdrivers__entropy.a(entropy_nrf5.c.obj)
 .text.rng_pool_get
                0x0000000000035680       0x88 zephyr/drivers/entropy/libdrivers__entropy.a(entropy_nrf5.c.obj)
 .text.entropy_nrf5_get_entropy_isr
                0x0000000000035708       0xa8 zephyr/drivers/entropy/libdrivers__entropy.a(entropy_nrf5.c.obj)
 .text.entropy_nrf5_get_entropy
                0x00000000000357b0       0x58 zephyr/drivers/entropy/libdrivers__entropy.a(entropy_nrf5.c.obj)
 .text.entropy_nrf5_init
                0x0000000000035808       0x70 zephyr/drivers/entropy/libdrivers__entropy.a(entropy_nrf5.c.obj)
 .text.isr      0x0000000000035878       0x74 zephyr/drivers/entropy/libdrivers__entropy.a(entropy_nrf5.c.obj)
 .text.gpio_nrfx_pin_interrupt_configure
                0x00000000000358ec      0x11c zephyr/drivers/gpio/libdrivers__gpio.a(gpio_nrfx.c.obj)
 .text.nrfx_gpio_handler