Archive member included to satisfy reference by file (symbol)

app/libapp.a(main.c.obj)      (--whole-archive)
zephyr/libzephyr.a(validate_libc.c.obj)
                              (--whole-archive)
zephyr/libzephyr.a(heap.c.obj)
                              (--whole-archive)
zephyr/libzephyr.a(cbprintf_packaged.c.obj)
                              (--whole-archive)
zephyr/libzephyr.a(clock.c.obj)
                              (--whole-archive)
zephyr/libzephyr.a(printk.c.obj)
                              (--whole-archive)
zephyr/libzephyr.a(sem.c.obj)
                              (--whole-archive)
zephyr/libzephyr.a(thread_entry.c.obj)
                              (--whole-archive)
zephyr/libzephyr.a(cbprintf_complete.c.obj)
                              (--whole-archive)
zephyr/libzephyr.a(assert.c.obj)
                              (--whole-archive)
zephyr/libzephyr.a(mpsc_pbuf.c.obj)
                              (--whole-archive)
zephyr/libzephyr.a(dec.c.obj)
                              (--whole-archive)
zephyr/libzephyr.a(hex.c.obj)
                              (--whole-archive)
zephyr/libzephyr.a(rb.c.obj)  (--whole-archive)
zephyr/libzephyr.a(timeutil.c.obj)
                              (--whole-archive)
zephyr/libzephyr.a(bitarray.c.obj)
                              (--whole-archive)
zephyr/libzephyr.a(bitmask.c.obj)
                              (--whole-archive)
zephyr/libzephyr.a(onoff.c.obj)
                              (--whole-archive)
zephyr/libzephyr.a(notify.c.obj)
                              (--whole-archive)
zephyr/libzephyr.a(ring_buffer.c.obj)
                              (--whole-archive)
zephyr/libzephyr.a(last_section_id.c.obj)
                              (--whole-archive)
zephyr/libzephyr.a(configs.c.obj)
                              (--whole-archive)
zephyr/libzephyr.a(log_core.c.obj)
                              (--whole-archive)
zephyr/libzephyr.a(log_mgmt.c.obj)
                              (--whole-archive)
zephyr/libzephyr.a(log_cache.c.obj)
                              (--whole-archive)
zephyr/libzephyr.a(log_msg.c.obj)
                              (--whole-archive)
zephyr/libzephyr.a(log_output.c.obj)
                              (--whole-archive)
zephyr/libzephyr.a(log_backend_uart.c.obj)
                              (--whole-archive)
zephyr/libzephyr.a(mem_attr.c.obj)
                              (--whole-archive)
zephyr/libzephyr.a(tracing_none.c.obj)
                              (--whole-archive)
zephyr/libzephyr.a(cdc_acm_serial.c.obj)
                              (--whole-archive)
zephyr/arch/common/libarch__common.a(sw_isr_common.c.obj)
                              (--whole-archive)
zephyr/arch/common/libarch__common.a(init.c.obj)
                              (--whole-archive)
zephyr/arch/common/libarch__common.a(xip.c.obj)
                              (--whole-archive)
zephyr/arch/arch/arm/core/libarch__arm__core.a(fatal.c.obj)
                              (--whole-archive)
zephyr/arch/arch/arm/core/libarch__arm__core.a(nmi.c.obj)
                              (--whole-archive)
zephyr/arch/arch/arm/core/libarch__arm__core.a(nmi_on_reset.S.obj)
                              (--whole-archive)
zephyr/arch/arch/arm/core/libarch__arm__core.a(tls.c.obj)
                              (--whole-archive)
zephyr/arch/arch/arm/core/cortex_m/libarch__arm__core__cortex_m.a(exc_exit.c.obj)
                              (--whole-archive)
zephyr/arch/arch/arm/core/cortex_m/libarch__arm__core__cortex_m.a(fault.c.obj)
                              (--whole-archive)
zephyr/arch/arch/arm/core/cortex_m/libarch__arm__core__cortex_m.a(fault_s.S.obj)
                              (--whole-archive)
zephyr/arch/arch/arm/core/cortex_m/libarch__arm__core__cortex_m.a(fpu.c.obj)
                              (--whole-archive)
zephyr/arch/arch/arm/core/cortex_m/libarch__arm__core__cortex_m.a(reset.S.obj)
                              (--whole-archive)
zephyr/arch/arch/arm/core/cortex_m/libarch__arm__core__cortex_m.a(scb.c.obj)
                              (--whole-archive)
zephyr/arch/arch/arm/core/cortex_m/libarch__arm__core__cortex_m.a(thread_abort.c.obj)
                              (--whole-archive)
zephyr/arch/arch/arm/core/cortex_m/libarch__arm__core__cortex_m.a(vector_table.S.obj)
                              (--whole-archive)
zephyr/arch/arch/arm/core/cortex_m/libarch__arm__core__cortex_m.a(swap_helper.S.obj)
                              (--whole-archive)
zephyr/arch/arch/arm/core/cortex_m/libarch__arm__core__cortex_m.a(irq_manage.c.obj)
                              (--whole-archive)
zephyr/arch/arch/arm/core/cortex_m/libarch__arm__core__cortex_m.a(prep_c.c.obj)
                              (--whole-archive)
zephyr/arch/arch/arm/core/cortex_m/libarch__arm__core__cortex_m.a(thread.c.obj)
                              (--whole-archive)
zephyr/arch/arch/arm/core/cortex_m/libarch__arm__core__cortex_m.a(cpu_idle.c.obj)
[...]
Memory Configuration

Name             Origin             Length             Attributes
FLASH            0x0000000000027000 0x00000000000c5000 xr
RAM              0x0000000020000000 0x0000000000040000 xw
IDT_LIST         0x00000000ffff7fff 0x0000000000008000 xw
*default*        0x0000000000000000 0xffffffffffffffff

Linker script and memory map

                0x0000000000035d54                vfprintf = __l_vfprintf
                0x0000000000000000                vfscanf = __l_vfscanf
LOAD zephyr/CMakeFiles/zephyr_final.dir/misc/empty_file.c.obj
LOAD zephyr/CMakeFiles/zephyr_final.dir/isr_tables.c.obj
LOAD zephyr/CMakeFiles/offsets.dir/./arch/arm/core/offsets/offsets.c.obj
LOAD app/libapp.a
LOAD zephyr/libzephyr.a
LOAD zephyr/arch/common/libarch__common.a
LOAD zephyr/arch/arch/arm/core/libarch__arm__core.a
LOAD zephyr/arch/arch/arm/core/cortex_m/libarch__arm__core__cortex_m.a
LOAD zephyr/arch/arch/arm/core/mpu/libarch__arm__core__mpu.a
LOAD zephyr/lib/libc/picolibc/liblib__libc__picolibc.a
LOAD zephyr/lib/libc/common/liblib__libc__common.a
LOAD zephyr/lib/posix/c_lib_ext/liblib__posix__c_lib_ext.a
LOAD zephyr/lib/net_buf/liblib__net_buf.a
LOAD zephyr/soc/soc/nrf52840/libsoc__nordic.a
LOAD zephyr/subsys/random/libsubsys__random.a
LOAD zephyr/subsys/usb/device_next/libsubsys__usb__device_next.a
LOAD zephyr/subsys/bluetooth/common/libsubsys__bluetooth__common.a
LOAD zephyr/subsys/bluetooth/host/libsubsys__bluetooth__host.a
LOAD zephyr/subsys/bluetooth/controller/libsubsys__bluetooth__controller.a
LOAD zephyr/subsys/bluetooth/controller/ll_sw/nordic/libsubsys__bluetooth__controller__ll_sw__nordic.a
LOAD zephyr/drivers/usb/udc/libdrivers__usb__udc.a
LOAD zephyr/drivers/usb/common/nrf_usbd_common/libdrivers__usb__common__nrf_usbd_common.a
LOAD zephyr/drivers/clock_control/libdrivers__clock_control.a
LOAD zephyr/drivers/console/libdrivers__console.a
LOAD zephyr/drivers/entropy/libdrivers__entropy.a
LOAD zephyr/drivers/gpio/libdrivers__gpio.a
LOAD zephyr/drivers/hwinfo/libdrivers__hwinfo.a
LOAD zephyr/drivers/pinctrl/libdrivers__pinctrl.a
LOAD zephyr/drivers/pwm/libdrivers__pwm.a
LOAD zephyr/drivers/serial/libdrivers__serial.a
LOAD zephyr/drivers/timer/libdrivers__timer.a
LOAD zephyr/drivers/watchdog/libdrivers__watchdog.a
LOAD modules/hal_nordic/nrfx/libnrfx.a
LOAD zephyr/kernel/libkernel.a
LOAD zephyr/arch/common/libisr_tables.a
LOAD /Users/sunruimandepc/zephyr-sdk-0.17.4/arm-zephyr-eabi/bin/../lib/gcc/../../picolibc/arm-zephyr-eabi/lib/thumb/v7e-m/nofp/libc.a
LOAD /Users/sunruimandepc/zephyr-sdk-0.17.4/arm-zephyr-eabi/bin/../lib/gcc/arm-zephyr-eabi/12.2.0/thumb/v7e-m/nofp/libgcc.a
                0x0000000000000020                _region_min_align = 0x20

.rel.plt        0x0000000000027000        0x0
 *(SORT_BY_ALIGNMENT(.rel.plt))
                [!provide]                        PROVIDE (__rel_iplt_start = .)
 *(SORT_BY_ALIGNMENT(.rel.iplt))
 .rel.iplt      0x0000000000027000        0x0 zephyr/CMakeFiles/zephyr_final.dir/isr_tables.c.obj
                [!provide]                        PROVIDE (__rel_iplt_end = .)

.rela.plt       0x0000000000000000        0x0
 *(SORT_BY_ALIGNMENT(.rela.plt))
                [!provide]                        PROVIDE (__rela_iplt_start = .)
 *(SORT_BY_ALIGNMENT(.rela.iplt))
                [!provide]                        PROVIDE (__rela_iplt_end = .)

.rel.dyn
 *(SORT_BY_ALIGNMENT(.rel.*))

.rela.dyn
 *(SORT_BY_ALIGNMENT(.rela.*))

/DISCARD/
 *(SORT_BY_ALIGNMENT(.plt))

/DISCARD/
 *(SORT_BY_ALIGNMENT(.iplt))
                0x0000000000027000                __rom_region_start = 0x27000

rom_start       0x0000000000027000      0x100
                0x0000000000027000                __rom_start_address = .
 FILL mask 0x00
                0x0000000000027000                . = (. + (0x0 - (. - __rom_start_address)))
                0x0000000000027000                . = ALIGN (0x4)
                0x0000000000027000                . = ALIGN (0x80)
                0x0000000000027000                . = ALIGN (0x100)
                0x0000000000027000                _vector_start = .
 *(SORT_BY_ALIGNMENT(.exc_vector_table))
 *(SORT_BY_ALIGNMENT(.exc_vector_table.*))
 .exc_vector_table._vector_table_section
                0x0000000000027000       0x40 zephyr/arch/arch/arm/core/cortex_m/libarch__arm__core__cortex_m.a(vector_table.S.obj)
                0x0000000000027000                _vector_table
 *(SORT_BY_ALIGNMENT(.vectors))
                0x0000000000027100                _vector_end = .
                0x0000000000027040                . = ALIGN (0x4)
 *(SORT_BY_ALIGNMENT(.gnu.linkonce.irq_vector_table*))
 .gnu.linkonce.irq_vector_table
                0x0000000000027040       0xc0 zephyr/CMakeFiles/zephyr_final.dir/isr_tables.c.obj
                0x0000000000027040                _irq_vector_table
                0x0000000000027100                _vector_end = .

text            0x0000000000027100    0x132a8
                0x0000000000027100                __text_region_start = .
 *(SORT_BY_ALIGNMENT(.text))
 .text          0x0000000000027100       0x30 /Users/sunruimandepc/zephyr-sdk-0.17.4/arm-zephyr-eabi/bin/../lib/gcc/arm-zephyr-eabi/12.2.0/thumb/v7e-m/nofp/libgcc.a(_aeabi_uldivmod.o)
                0x0000000000027100                __aeabi_uldivmod
 .text          0x0000000000027130        0x4 /Users/sunruimandepc/zephyr-sdk-0.17.4/arm-zephyr-eabi/bin/../lib/gcc/arm-zephyr-eabi/12.2.0/thumb/v7e-m/nofp/libgcc.a(_dvmd_tls.o)
                0x0000000000027130                __aeabi_ldiv0
                0x0000000000027130                __aeabi_idiv0
 .text          0x0000000000027134       0x14 /Users/sunruimandepc/zephyr-sdk-0.17.4/arm-zephyr-eabi/bin/../lib/gcc/../../picolibc/arm-zephyr-eabi/lib/thumb/v7e-m/nofp/libc.a(strcmp.S.o)
                0x0000000000027134                strcmp
 .text          0x0000000000027148       0x10 /Users/sunruimandepc/zephyr-sdk-0.17.4/arm-zephyr-eabi/bin/../lib/gcc/../../picolibc/arm-zephyr-eabi/lib/thumb/v7e-m/nofp/libc.a(strcpy.S.o)
                0x0000000000027148                strcpy
 .text          0x0000000000027158       0x10 /Users/sunruimandepc/zephyr-sdk-0.17.4/arm-zephyr-eabi/bin/../lib/gcc/../../picolibc/arm-zephyr-eabi/lib/thumb/v7e-m/nofp/libc.a(strlen.S.o)
                0x0000000000027158                strlen
 .text          0x0000000000027168      0x2a0 /Users/sunruimandepc/zephyr-sdk-0.17.4/arm-zephyr-eabi/bin/../lib/gcc/arm-zephyr-eabi/12.2.0/thumb/v7e-m/nofp/libgcc.a(_udivmoddi4.o)
                0x0000000000027168                __udivmoddi4
 *(SORT_BY_ALIGNMENT(.text.*))
 .text.pwm_set.constprop.0
                0x0000000000027408       0xa8 app/libapp.a(main.c.obj)
 .text.ll_scan_params_set
                0x00000000000274b0       0x70 zephyr/subsys/bluetooth/controller/libsubsys__bluetooth__controller.a(ull_scan.c.obj)
                0x00000000000274b0                ll_scan_params_set
 .text.ull_scan_enable
                0x0000000000027520      0x114 zephyr/subsys/bluetooth/controller/libsubsys__bluetooth__controller.a(ull_scan.c.obj)
                0x0000000000027520                ull_scan_enable
 *fill*         0x0000000000027634        0x4 
 .text.common_prepare_cb
                0x0000000000027638      0x198 zephyr/subsys/bluetooth/controller/ll_sw/nordic/libsubsys__bluetooth__controller__ll_sw__nordic.a(lll_scan.c.obj)
 .text.motor_apply_command
                0x00000000000277d0       0xf0 app/libapp.a(main.c.obj)
 .text.scan_cb  0x00000000000278c0       0xfc app/libapp.a(main.c.obj)
 .text.main     0x00000000000279bc      0x1d0 app/libapp.a(main.c.obj)
                0x00000000000279bc                main
 .text.cbvprintf_package
                0x0000000000027b8c      0x3a4 zephyr/libzephyr.a(cbprintf_packaged.c.obj)
                0x0000000000027b8c                cbvprintf_package
 .text.cbprintf_package_convert
                0x0000000000027f30      0x3cc zephyr/libzephyr.a(cbprintf_packaged.c.obj)
                0x0000000000027f30                cbprintf_package_convert
 .text.__printk_hook_install
                0x00000000000282fc        0xc zephyr/libzephyr.a(printk.c.obj)
                0x00000000000282fc                __printk_hook_install
 .text.z_thread_entry
                0x0000000000028308       0x34 zephyr/libzephyr.a(thread_entry.c.obj)
                0x0000000000028308                z_thread_entry
 .text.process_event
                0x000000000002833c      0x21c zephyr/libzephyr.a(onoff.c.obj)
 .text.activate_foreach_backend
                0x0000000000028558       0x64 zephyr/libzephyr.a(log_core.c.obj)
 .text.enable_logger
                0x00000000000285bc       0x5c zephyr/libzephyr.a(log_core.c.obj)
 .text.log_process_thread_timer_expiry_fn
                0x0000000000028618        0xc zephyr/libzephyr.a(log_core.c.obj)
 .text.z_log_init
                0x0000000000028624       0x98 zephyr/libzephyr.a(log_core.c.obj)
 .text.log_format_func_t_get
                0x00000000000286bc        0xc zephyr/libzephyr.a(log_core.c.obj)
                0x00000000000286bc                log_format_func_t_get
 .text.log_set_timestamp_func
                0x00000000000286c8       0x20 zephyr/libzephyr.a(log_core.c.obj)
                0x00000000000286c8                log_set_timestamp_func
 .text.z_log_notify_backend_enabled
                0x00000000000286e8       0x1c zephyr/libzephyr.a(log_core.c.obj)
                0x00000000000286e8                z_log_notify_backend_enabled
 .text.z_log_dropped
                0x0000000000028704       0x44 zephyr/libzephyr.a(log_core.c.obj)
                0x0000000000028704                z_log_dropped
 .text.z_log_dropped_read_and_clear
                0x0000000000028748       0x20 zephyr/libzephyr.a(log_core.c.obj)
                0x0000000000028748                z_log_dropped_read_and_clear
 .text.dropped_notify
                0x0000000000028768       0x30 zephyr/libzephyr.a(log_core.c.obj)
                0x0000000000028768                dropped_notify
 .text.z_log_msg_init
                0x0000000000028798       0x20 zephyr/libzephyr.a(log_core.c.obj)
                0x0000000000028798                z_log_msg_init
 .text.log_core_init
                0x00000000000287b8       0x50 zephyr/libzephyr.a(log_core.c.obj)
                0x00000000000287b8                log_core_init
 .text.z_log_msg_alloc
                0x0000000000028808       0x10 zephyr/libzephyr.a(log_core.c.obj)
                0x0000000000028808                z_log_msg_alloc
 .text.z_log_msg_local_claim
                0x0000000000028818        0xc zephyr/libzephyr.a(log_core.c.obj)
                0x0000000000028818                z_log_msg_local_claim
 .text.z_log_msg_free
                0x0000000000028824       0x10 zephyr/libzephyr.a(log_core.c.obj)
                0x0000000000028824                z_log_msg_free
 .text.z_log_msg_pending
                0x0000000000028834        0xc zephyr/libzephyr.a(log_core.c.obj)
                0x0000000000028834                z_log_msg_pending
 .text.z_impl_log_process
                0x0000000000028840       0xc0 zephyr/libzephyr.a(log_core.c.obj)
                0x0000000000028840                z_impl_log_process
 .text.z_impl_log_panic
                0x0000000000028900       0x44 zephyr/libzephyr.a(log_core.c.obj)
                0x0000000000028900                z_impl_log_panic
 .text.log_process_thread_func
                0x0000000000028944       0xa4 zephyr/libzephyr.a(log_core.c.obj)
 .text.z_log_msg_post_finalize
                0x00000000000289e8       0x78 zephyr/libzephyr.a(log_core.c.obj)
 .text.z_log_msg_commit
                0x0000000000028a60       0x24 zephyr/libzephyr.a(log_core.c.obj)
                0x0000000000028a60                z_log_msg_commit
 .text.log_source_name_get
                0x0000000000028a84       0x1c zephyr/libzephyr.a(log_mgmt.c.obj)
                0x0000000000028a84                log_source_name_get
 .text.z_impl_z_log_msg_static_create
                0x0000000000028aa0      0x108 zephyr/libzephyr.a(log_msg.c.obj)
                0x0000000000028aa0                z_impl_z_log_msg_static_create
 .text.z_log_msg_runtime_vcreate
                0x0000000000028ba8       0xa0 zephyr/libzephyr.a(log_msg.c.obj)
                0x0000000000028ba8                z_log_msg_runtime_vcreate
 .text.log_msg_get_source_id
                0x0000000000028c48       0x18 zephyr/libzephyr.a(log_msg.c.obj)
                0x0000000000028c48                log_msg_get_source_id
 .text.print_formatted
                0x0000000000028c60       0x24 zephyr/libzephyr.a(log_output.c.obj)
 .text.newline_print
                0x0000000000028c84       0x1c zephyr/libzephyr.a(log_output.c.obj)
 .text.log_output_process
                0x0000000000028ca0      0x2d4 zephyr/libzephyr.a(log_output.c.obj)
                0x0000000000028ca0                log_output_process
 .text.log_output_dropped_process
                0x0000000000028f74       0x58 zephyr/libzephyr.a(log_output.c.obj)
                0x0000000000028f74                log_output_dropped_process
 .text.log_output_timestamp_freq_set
                0x0000000000028fcc       0x2c zephyr/libzephyr.a(log_output.c.obj)
                0x0000000000028fcc                log_output_timestamp_freq_set
 .text.char_out
                0x0000000000028ff8       0x24 zephyr/libzephyr.a(log_backend_uart.c.obj)
 .text.mem_attr_get_regions
                0x000000000002901c        0xc zephyr/libzephyr.a(mem_attr.c.obj)
                0x000000000002901c                mem_attr_get_regions
 .text.cdc_acm_serial_init_device
                0x0000000000029028       0x8c zephyr/libzephyr.a(cdc_acm_serial.c.obj)
 .text.arch_bss_zero
                0x00000000000290b4       0x18 zephyr/arch/common/libarch__common.a(init.c.obj)
                0x00000000000290b4                arch_bss_zero
 .text.arch_data_copy
                0x00000000000290cc       0x38 zephyr/arch/common/libarch__common.a(xip.c.obj)
                0x00000000000290cc                arch_data_copy
 .text.z_arm_fatal_error
                0x0000000000029104       0xb8 zephyr/arch/arch/arm/core/libarch__arm__core.a(fatal.c.obj)
                0x0000000000029104                z_arm_fatal_error
 .text.z_SysNmiOnReset
                0x00000000000291bc        0x8 zephyr/arch/arch/arm/core/libarch__arm__core.a(nmi_on_reset.S.obj)
                0x00000000000291bc                z_SysNmiOnReset
 .text.arch_tls_stack_setup
                0x00000000000291c4       0x40 zephyr/arch/arch/arm/core/libarch__arm__core.a(tls.c.obj)
                0x00000000000291c4                arch_tls_stack_setup
 .text._HandlerModeExit
                0x0000000000029204       0x20 zephyr/arch/arch/arm/core/cortex_m/libarch__arm__core__cortex_m.a(exc_exit.c.obj)
                0x0000000000029204                z_arm_exc_exit
                0x0000000000029204                z_arm_int_exit
 .text.bus_fault.constprop.0
                0x0000000000029224       0xd0 zephyr/arch/arch/arm/core/cortex_m/libarch__arm__core__cortex_m.a(fault.c.obj)
 .text.usage_fault.constprop.0
                0x00000000000292f4       0xa8 zephyr/arch/arch/arm/core/cortex_m/libarch__arm__core__cortex_m.a(fault.c.obj)
 .text.mem_manage_fault
                0x000000000002939c      0x104 zephyr/arch/arch/arm/core/cortex_m/libarch__arm__core__cortex_m.a(fault.c.obj)
 .text.z_arm_fault
                0x00000000000294a0      0x1d4 zephyr/arch/arch/arm/core/cortex_m/libarch__arm__core__cortex_m.a(fault.c.obj)
                0x00000000000294a0                z_arm_fault
 .text.z_arm_fault_init
                0x0000000000029674       0x18 zephyr/arch/arch/arm/core/cortex_m/libarch__arm__core__cortex_m.a(fault.c.obj)
                0x0000000000029674                z_arm_fault_init
 .text.__fault  0x000000000002968c       0x14 zephyr/arch/arch/arm/core/cortex_m/libarch__arm__core__cortex_m.a(fault_s.S.obj)
                0x000000000002968c                z_arm_bus_fault
                0x000000000002968c                z_arm_usage_fault
                0x000000000002968c                z_arm_mpu_fault
                0x000000000002968c                z_arm_exc_spurious
                0x000000000002968c                z_arm_debug_monitor
                0x000000000002968c                z_arm_hard_fault
 .text._reset_section
                0x00000000000296a0       0x38 zephyr/arch/arch/arm/core/cortex_m/libarch__arm__core__cortex_m.a(reset.S.obj)
                0x00000000000296a0                z_arm_reset
                0x00000000000296a0                __start
 .text.z_impl_k_thread_abort
                0x00000000000296d8       0x2c zephyr/arch/arch/arm/core/cortex_m/libarch__arm__core__cortex_m.a(thread_abort.c.obj)
                0x00000000000296d8                z_impl_k_thread_abort
 .text.z_arm_pendsv
                0x0000000000029704       0x64 zephyr/arch/arch/arm/core/cortex_m/libarch__arm__core__cortex_m.a(swap_helper.S.obj)
                0x0000000000029704                z_arm_pendsv
 .text.z_arm_svc
                0x0000000000029768       0x24 zephyr/arch/arch/arm/core/cortex_m/libarch__arm__core__cortex_m.a(swap_helper.S.obj)
                0x0000000000029768                z_arm_svc
 .text.arm_irq_enable
                0x000000000002978c       0x1c zephyr/arch/arch/arm/core/cortex_m/libarch__arm__core__cortex_m.a(irq_manage.c.obj)
                0x000000000002978c                arm_irq_enable
 .text.arm_irq_disable
                0x00000000000297a8       0x28 zephyr/arch/arch/arm/core/cortex_m/libarch__arm__core__cortex_m.a(irq_manage.c.obj)
                0x00000000000297a8                arm_irq_disable
 .text.arm_irq_is_enabled
                0x00000000000297d0       0x1c zephyr/arch/arch/arm/core/cortex_m/libarch__arm__core__cortex_m.a(irq_manage.c.obj)
                0x00000000000297d0                arm_irq_is_enabled
 .text.arm_irq_priority_set
                0x00000000000297ec       0x30 zephyr/arch/arch/arm/core/cortex_m/libarch__arm__core__cortex_m.a(irq_manage.c.obj)
                0x00000000000297ec                arm_irq_priority_set
 .text.relocate_vector_table
                0x000000000002981c       0x1c zephyr/arch/arch/arm/core/cortex_m/libarch__arm__core__cortex_m.a(prep_c.c.obj)
                0x000000000002981c                relocate_vector_table
 .text.z_prep_c
                0x0000000000029838       0x38 zephyr/arch/arch/arm/core/cortex_m/libarch__arm__core__cortex_m.a(prep_c.c.obj)
                0x0000000000029838                z_prep_c
 .text.arch_new_thread
                0x0000000000029870       0x38 zephyr/arch/arch/arm/core/cortex_m/libarch__arm__core__cortex_m.a(thread.c.obj)
                0x0000000000029870                arch_new_thread
 .text.z_check_thread_stack_fail
                0x00000000000298a8       0x2c zephyr/arch/arch/arm/core/cortex_m/libarch__arm__core__cortex_m.a(thread.c.obj)
                0x00000000000298a8                z_check_thread_stack_fail
 .text.arch_switch_to_main_thread
                0x00000000000298d4       0x40 zephyr/arch/arch/arm/core/cortex_m/libarch__arm__core__cortex_m.a(thread.c.obj)
                0x00000000000298d4                arch_switch_to_main_thread
 .text.z_arm_cpu_idle_init
                0x0000000000029914        0xc zephyr/arch/arch/arm/core/cortex_m/libarch__arm__core__cortex_m.a(cpu_idle.c.obj)
                0x0000000000029914                z_arm_cpu_idle_init
 .text.z_arm_interrupt_init
                0x0000000000029920       0x18 zephyr/arch/arch/arm/core/cortex_m/libarch__arm__core__cortex_m.a(irq_init.c.obj)
                0x0000000000029920                z_arm_interrupt_init
 .text._isr_wrapper
                0x0000000000029938       0x24 zephyr/arch/arch/arm/core/cortex_m/libarch__arm__core__cortex_m.a(isr_wrapper.c.obj)
                0x0000000000029938                _isr_wrapper
 .text.z_arm_configure_static_mpu_regions
                0x000000000002995c       0x18 zephyr/arch/arch/arm/core/mpu/libarch__arm__core__mpu.a(arm_core_mpu.c.obj)
                0x000000000002995c                z_arm_configure_static_mpu_regions
 .text.z_arm_configure_dynamic_mpu_regions
                0x0000000000029974       0x20 zephyr/arch/arch/arm/core/mpu/libarch__arm__core__mpu.a(arm_core_mpu.c.obj)
                0x0000000000029974                z_arm_configure_dynamic_mpu_regions
 .text.region_allocate_and_init
                0x0000000000029994       0x54 zephyr/arch/arch/arm/core/mpu/libarch__arm__core__mpu.a(arm_mpu.c.obj)
 .text.mpu_configure_regions
                0x00000000000299e8       0x68 zephyr/arch/arch/arm/core/mpu/libarch__arm__core__mpu.a(arm_mpu.c.obj)
 .text.arm_core_mpu_enable
                0x0000000000029a50       0x18 zephyr/arch/arch/arm/core/mpu/libarch__arm__core__mpu.a(arm_mpu.c.obj)
                0x0000000000029a50                arm_core_mpu_enable
 .text.arm_core_mpu_disable
                0x0000000000029a68       0x14 zephyr/arch/arch/arm/core/mpu/libarch__arm__core__mpu.a(arm_mpu.c.obj)
                0x0000000000029a68                arm_core_mpu_disable
 .text.arm_core_mpu_configure_static_mpu_regions
                0x0000000000029a7c       0x14 zephyr/arch/arch/arm/core/mpu/libarch__arm__core__mpu.a(arm_mpu.c.obj)
                0x0000000000029a7c                arm_core_mpu_configure_static_mpu_regions
 .text.arm_core_mpu_configure_dynamic_mpu_regions
                0x0000000000029a90       0x38 zephyr/arch/arch/arm/core/mpu/libarch__arm__core__mpu.a(arm_mpu.c.obj)
                0x0000000000029a90                arm_core_mpu_configure_dynamic_mpu_regions
 .text.z_arm_mpu_init
                0x0000000000029ac8      0x17c zephyr/arch/arch/arm/core/mpu/libarch__arm__core__mpu.a(arm_mpu.c.obj)
                0x0000000000029ac8                z_arm_mpu_init
 .text.cbvprintf
                0x0000000000029c44       0x38 zephyr/lib/libc/picolibc/liblib__libc__picolibc.a(cbprintf.c.obj)
                0x0000000000029c44                cbvprintf
 .text.z_impl_zephyr_fputc
                0x0000000000029c7c       0x10 zephyr/lib/libc/picolibc/liblib__libc__picolibc.a(stdio.c.obj)
                0x0000000000029c7c                z_impl_zephyr_fputc
 .text.__stdout_hook_install
                0x0000000000029c8c       0x18 zephyr/lib/libc/picolibc/liblib__libc__picolibc.a(stdio.c.obj)
                0x0000000000029c8c                __stdout_hook_install
 .text.malloc_prepare
                0x0000000000029ca4       0x24 zephyr/lib/libc/common/liblib__libc__common.a(malloc.c.obj)
 .text.net_buf_destroy
                0x0000000000029cc8       0x38 zephyr/lib/net_buf/liblib__net_buf.a(buf.c.obj)
 .text.net_buf_pool_get
                0x0000000000029d00       0x10 zephyr/lib/net_buf/liblib__net_buf.a(buf.c.obj)
                0x0000000000029d00                net_buf_pool_get
 .text.net_buf_id
                0x0000000000029d10       0x20 zephyr/lib/net_buf/liblib__net_buf.a(buf.c.obj)
                0x0000000000029d10                net_buf_id
 .text.fixed_data_alloc
                0x0000000000029d30       0x24 zephyr/lib/net_buf/liblib__net_buf.a(buf.c.obj)
 .text.net_buf_alloc_len
                0x0000000000029d54       0xfc zephyr/lib/net_buf/liblib__net_buf.a(buf.c.obj)
                0x0000000000029d54                net_buf_alloc_len
 .text.net_buf_unref
                0x0000000000029e50       0x3c zephyr/lib/net_buf/liblib__net_buf.a(buf.c.obj)
                0x0000000000029e50                net_buf_unref
 .text.nordicsemi_nrf52_init
                0x0000000000029e8c       0x44 zephyr/soc/soc/nrf52840/libsoc__nordic.a(soc.c.obj)
 .text.arch_busy_wait
                0x0000000000029ed0       0x14 zephyr/soc/soc/nrf52840/libsoc__nordic.a(soc.c.obj)
                0x0000000000029ed0                arch_busy_wait
 .text.nonstd_request
                0x0000000000029ee4       0xa4 zephyr/subsys/usb/device_next/libsubsys__usb__device_next.a(usbd_ch9.c.obj)
 .text.usbd_handle_ctrl_xfer
                0x0000000000029f88      0x914 zephyr/subsys/usb/device_next/libsubsys__usb__device_next.a(usbd_ch9.c.obj)
                0x0000000000029f88                usbd_handle_ctrl_xfer
 .text.usbd_event_carrier
                0x000000000002a89c       0x10 zephyr/subsys/usb/device_next/libsubsys__usb__device_next.a(usbd_core.c.obj)
 .text.usbd_thread
                0x000000000002a8ac      0x150 zephyr/subsys/usb/device_next/libsubsys__usb__device_next.a(usbd_core.c.obj)
 .text.usbd_pre_init
                0x000000000002a9fc       0xa4 zephyr/subsys/usb/device_next/libsubsys__usb__device_next.a(usbd_core.c.obj)
 .text.usbd_device_init_core
                0x000000000002aaa0       0x30 zephyr/subsys/usb/device_next/libsubsys__usb__device_next.a(usbd_core.c.obj)
                0x000000000002aaa0                usbd_device_init_core
 .text.usbd_class_node_get.part.0
                0x000000000002aad0       0x2c zephyr/subsys/usb/device_next/libsubsys__usb__device_next.a(usbd_class.c.obj)
 .text.msg_work_handler
                0x000000000002aafc       0x90 zephyr/subsys/usb/device_next/libsubsys__usb__device_next.a(usbd_msg.c.obj)
 .text.usbd_msg_pub
                0x000000000002ab8c       0x70 zephyr/subsys/usb/device_next/libsubsys__usb__device_next.a(usbd_msg.c.obj)
 .text.usbd_cdc_acm_ctd
                0x000000000002abfc       0x60 zephyr/subsys/usb/device_next/libsubsys__usb__device_next.a(usbd_cdc_acm.c.obj)
 .text.usbd_cdc_acm_cth
                0x000000000002ac5c       0x48 zephyr/subsys/usb/device_next/libsubsys__usb__device_next.a(usbd_cdc_acm.c.obj)
 .text.cdc_acm_poll_out
                0x000000000002aca4       0x74 zephyr/subsys/usb/device_next/libsubsys__usb__device_next.a(usbd_cdc_acm.c.obj)
 .text.usbd_cdc_acm_preinit
                0x000000000002ad18       0x4c zephyr/subsys/usb/device_next/libsubsys__usb__device_next.a(usbd_cdc_acm.c.obj)
 .text.bt_hex   0x000000000002ad64       0x44 zephyr/subsys/bluetooth/common/libsubsys__bluetooth__common.a(bt_str.c.obj)
                0x000000000002ad64                bt_hex
 .text.bt_addr_le_str
                0x000000000002ada8       0x7c zephyr/subsys/bluetooth/common/libsubsys__bluetooth__common.a(bt_str.c.obj)
                0x000000000002ada8                bt_addr_le_str
 .text.hci_rx_pool_destroy
                0x000000000002ae24       0x20 zephyr/subsys/bluetooth/host/libsubsys__bluetooth__host.a(buf.c.obj)
 .text.bt_buf_get_rx
                0x000000000002ae44       0x30 zephyr/subsys/bluetooth/host/libsubsys__bluetooth__host.a(buf.c.obj)
                0x000000000002ae44                bt_buf_get_rx
 .text.bt_buf_get_evt
                0x000000000002ae74       0x38 zephyr/subsys/bluetooth/host/libsubsys__bluetooth__host.a(buf.c.obj)
                0x000000000002ae74                bt_buf_get_evt
 .text.bt_data_parse
                0x000000000002aeac       0x64 zephyr/subsys/bluetooth/host/libsubsys__bluetooth__host.a(data.c.obj)
                0x000000000002aeac                bt_data_parse
 .text.hci_hardware_error
                0x000000000002af10       0x24 zephyr/subsys/bluetooth/host/libsubsys__bluetooth__host.a(hci_core.c.obj)
 .text.rx_work_handler.part.0
                0x000000000002af34       0x3c zephyr/subsys/bluetooth/host/libsubsys__bluetooth__host.a(hci_core.c.obj)
 .text.handle_event.part.0
                0x000000000002af70       0x48 zephyr/subsys/bluetooth/host/libsubsys__bluetooth__host.a(hci_core.c.obj)
 .text.handle_event_common
                0x000000000002afb8       0x50 zephyr/subsys/bluetooth/host/libsubsys__bluetooth__host.a(hci_core.c.obj)
 .text.hci_le_meta_prio_event
                0x000000000002b008       0x20 zephyr/subsys/bluetooth/host/libsubsys__bluetooth__host.a(hci_core.c.obj)
 .text.hci_le_meta_event
                0x000000000002b028       0x20 zephyr/subsys/bluetooth/host/libsubsys__bluetooth__host.a(hci_core.c.obj)
 .text.hci_vendor_event
                0x000000000002b048       0x68 zephyr/subsys/bluetooth/host/libsubsys__bluetooth__host.a(hci_core.c.obj)
 .text.hci_cmd_done.part.0
                0x000000000002b0b0      0x138 zephyr/subsys/bluetooth/host/libsubsys__bluetooth__host.a(hci_core.c.obj)
 .text.hci_reset_complete
                0x000000000002b1e8       0x30 zephyr/subsys/bluetooth/host/libsubsys__bluetooth__host.a(hci_core.c.obj)
 .text.bt_hci_recv
                0x000000000002b218      0x154 zephyr/subsys/bluetooth/host/libsubsys__bluetooth__host.a(hci_core.c.obj)
                0x000000000002b218                bt_hci_recv
 .text.rx_work_handler
                0x000000000002b36c       0x90 zephyr/subsys/bluetooth/host/libsubsys__bluetooth__host.a(hci_core.c.obj)
 .text.bt_hci_cmd_state_set_init
                0x000000000002b3fc       0x24 zephyr/subsys/bluetooth/host/libsubsys__bluetooth__host.a(hci_core.c.obj)
                0x000000000002b3fc                bt_hci_cmd_state_set_init
 .text.bt_hci_cmd_alloc
                0x000000000002b420       0x50 zephyr/subsys/bluetooth/host/libsubsys__bluetooth__host.a(hci_core.c.obj)
                0x000000000002b420                bt_hci_cmd_alloc
 .text.bt_hci_get_ver_str
                0x000000000002b470       0x2c zephyr/subsys/bluetooth/host/libsubsys__bluetooth__host.a(hci_core.c.obj)
                0x000000000002b470                bt_hci_get_ver_str
 .text.bt_send  0x000000000002b49c       0x14 zephyr/subsys/bluetooth/host/libsubsys__bluetooth__host.a(hci_core.c.obj)
                0x000000000002b49c                bt_send
 .text.bt_finalize_init
                0x000000000002b4b0      0x168 zephyr/subsys/bluetooth/host/libsubsys__bluetooth__host.a(hci_core.c.obj)
                0x000000000002b4b0                bt_finalize_init
 .text.bt_tx_irq_raise
                0x000000000002b618        0xc zephyr/subsys/bluetooth/host/libsubsys__bluetooth__host.a(hci_core.c.obj)
                0x000000000002b618                bt_tx_irq_raise
 .text.bt_hci_cmd_send
                0x000000000002b624       0x9c zephyr/subsys/bluetooth/host/libsubsys__bluetooth__host.a(hci_core.c.obj)
                0x000000000002b624                bt_hci_cmd_send
 .text.process_pending_cmd
                0x000000000002b6c0       0xd8 zephyr/subsys/bluetooth/host/libsubsys__bluetooth__host.a(hci_core.c.obj)
 .text.bt_hci_cmd_send_sync
                0x000000000002b798      0x1bc zephyr/subsys/bluetooth/host/libsubsys__bluetooth__host.a(hci_core.c.obj)
                0x000000000002b798                bt_hci_cmd_send_sync
 .text.hci_init
                0x000000000002b954      0x368 zephyr/subsys/bluetooth/host/libsubsys__bluetooth__host.a(hci_core.c.obj)
 .text.bt_enable
                0x000000000002bcbc       0xd8 zephyr/subsys/bluetooth/host/libsubsys__bluetooth__host.a(hci_core.c.obj)
                0x000000000002bcbc                bt_enable
 .text.init_work
                0x000000000002bd94       0x24 zephyr/subsys/bluetooth/host/libsubsys__bluetooth__host.a(hci_core.c.obj)
 .text.hci_cmd_status
                0x000000000002bdb8       0x34 zephyr/subsys/bluetooth/host/libsubsys__bluetooth__host.a(hci_core.c.obj)
 .text.hci_cmd_complete
                0x000000000002bdec       0x78 zephyr/subsys/bluetooth/host/libsubsys__bluetooth__host.a(hci_core.c.obj)
 .text.bt_hci_evt_create
                0x000000000002be64       0x50 zephyr/subsys/bluetooth/host/libsubsys__bluetooth__host.a(hci_common.c.obj)
                0x000000000002be64                bt_hci_evt_create
 .text.id_find  0x000000000002beb4       0x30 zephyr/subsys/bluetooth/host/libsubsys__bluetooth__host.a(id.c.obj)
 .text.set_random_address
                0x000000000002bee4       0x78 zephyr/subsys/bluetooth/host/libsubsys__bluetooth__host.a(id.c.obj)
 .text.id_create.constprop.0
                0x000000000002bf5c       0x74 zephyr/subsys/bluetooth/host/libsubsys__bluetooth__host.a(id.c.obj)
 .text.bt_id_create
                0x000000000002bfd0       0x9c zephyr/subsys/bluetooth/host/libsubsys__bluetooth__host.a(id.c.obj)
                0x000000000002bfd0                bt_id_create
 .text.bt_id_read_public_addr
                0x000000000002c06c       0x88 zephyr/subsys/bluetooth/host/libsubsys__bluetooth__host.a(id.c.obj)
                0x000000000002c06c                bt_id_read_public_addr
 .text.bt_setup_public_id_addr
                0x000000000002c0f4       0x20 zephyr/subsys/bluetooth/host/libsubsys__bluetooth__host.a(id.c.obj)
                0x000000000002c0f4                bt_setup_public_id_addr
 .text.bt_setup_random_id_addr
                0x000000000002c114       0xd8 zephyr/subsys/bluetooth/host/libsubsys__bluetooth__host.a(id.c.obj)
                0x000000000002c114                bt_setup_random_id_addr
 .text.bt_id_init
                0x000000000002c1ec       0x54 zephyr/subsys/bluetooth/host/libsubsys__bluetooth__host.a(id.c.obj)
                0x000000000002c1ec                bt_id_init
 .text.cmd_le_set_scan_enable_legacy
                0x000000000002c240       0x4c zephyr/subsys/bluetooth/host/libsubsys__bluetooth__host.a(scan.c.obj)
 .text.scan_check_if_state_allowed
                0x000000000002c28c       0x3c zephyr/subsys/bluetooth/host/libsubsys__bluetooth__host.a(scan.c.obj)
 .text.atomic_clear_bit.constprop.0
                0x000000000002c2c8       0x30 zephyr/subsys/bluetooth/host/libsubsys__bluetooth__host.a(scan.c.obj)
 .text.scan_update
                0x000000000002c2f8      0x194 zephyr/subsys/bluetooth/host/libsubsys__bluetooth__host.a(scan.c.obj)
 .text.bt_scan_reset
                0x000000000002c48c       0x30 zephyr/subsys/bluetooth/host/libsubsys__bluetooth__host.a(scan.c.obj)
                0x000000000002c48c                bt_scan_reset
 .text.bt_le_scan_user_add
                0x000000000002c4bc       0x54 zephyr/subsys/bluetooth/host/libsubsys__bluetooth__host.a(scan.c.obj)
                0x000000000002c4bc                bt_le_scan_user_add
 .text.bt_hci_le_adv_report
                0x000000000002c510      0x1c0 zephyr/subsys/bluetooth/host/libsubsys__bluetooth__host.a(scan.c.obj)
                0x000000000002c510                bt_hci_le_adv_report
 .text.bt_le_scan_start
                0x000000000002c6d0       0xa0 zephyr/subsys/bluetooth/host/libsubsys__bluetooth__host.a(scan.c.obj)
                0x000000000002c6d0                bt_le_scan_start
 .text.mem_init
                0x000000000002c770       0x48 zephyr/subsys/bluetooth/controller/libsubsys__bluetooth__controller.a(mem.c.obj)
                0x000000000002c770                mem_init
 .text.mem_acquire
                0x000000000002c7b8       0x2c zephyr/subsys/bluetooth/controller/libsubsys__bluetooth__controller.a(mem.c.obj)
                0x000000000002c7b8                mem_acquire
 .text.mem_release
                0x000000000002c7e4       0x28 zephyr/subsys/bluetooth/controller/libsubsys__bluetooth__controller.a(mem.c.obj)
                0x000000000002c7e4                mem_release
 .text.mem_rcopy
                0x000000000002c80c       0x1c zephyr/subsys/bluetooth/controller/libsubsys__bluetooth__controller.a(mem.c.obj)
                0x000000000002c80c                mem_rcopy
 .text.mem_nz   0x000000000002c828       0x18 zephyr/subsys/bluetooth/controller/libsubsys__bluetooth__controller.a(mem.c.obj)
                0x000000000002c828                mem_nz
 .text.memq_init
                0x000000000002c840        0x8 zephyr/subsys/bluetooth/controller/libsubsys__bluetooth__controller.a(memq.c.obj)
                0x000000000002c840                memq_init
 .text.memq_enqueue
                0x000000000002c848       0x14 zephyr/subsys/bluetooth/controller/libsubsys__bluetooth__controller.a(memq.c.obj)
                0x000000000002c848                memq_enqueue
 .text.memq_peek
                0x000000000002c85c       0x10 zephyr/subsys/bluetooth/controller/libsubsys__bluetooth__controller.a(memq.c.obj)
                0x000000000002c85c                memq_peek
 .text.memq_dequeue
                0x000000000002c86c       0x20 zephyr/subsys/bluetooth/controller/libsubsys__bluetooth__controller.a(memq.c.obj)
                0x000000000002c86c                memq_dequeue
 .text.mayfly_init
                0x000000000002c88c       0x40 zephyr/subsys/bluetooth/controller/libsubsys__bluetooth__controller.a(mayfly.c.obj)
                0x000000000002c88c                mayfly_init
 .text.mayfly_enqueue
                0x000000000002c8cc       0xbc zephyr/subsys/bluetooth/controller/libsubsys__bluetooth__controller.a(mayfly.c.obj)
                0x000000000002c8cc                mayfly_enqueue
 .text.mayfly_run
                0x000000000002c988      0x174 zephyr/subsys/bluetooth/controller/libsubsys__bluetooth__controller.a(mayfly.c.obj)
                0x000000000002c988                mayfly_run
 .text.ticks_to_expire_prep
                0x000000000002cafc       0x48 zephyr/subsys/bluetooth/controller/libsubsys__bluetooth__controller.a(ticker.c.obj)
 .text.ticker_job_list_insert
                0x000000000002cb44      0x200 zephyr/subsys/bluetooth/controller/libsubsys__bluetooth__controller.a(ticker.c.obj)
 .text.ticker_worker
                0x000000000002cd44      0x2d8 zephyr/subsys/bluetooth/controller/libsubsys__bluetooth__controller.a(ticker.c.obj)
                0x000000000002cd44                ticker_worker
 .text.ticker_job
                0x000000000002d01c      0x588 zephyr/subsys/bluetooth/controller/libsubsys__bluetooth__controller.a(ticker.c.obj)
                0x000000000002d01c                ticker_job
 .text.ticker_init
                0x000000000002d5a4       0x68 zephyr/subsys/bluetooth/controller/libsubsys__bluetooth__controller.a(ticker.c.obj)
                0x000000000002d5a4                ticker_init
 .text.ticker_deinit
                0x000000000002d60c       0x20 zephyr/subsys/bluetooth/controller/libsubsys__bluetooth__controller.a(ticker.c.obj)
                0x000000000002d60c                ticker_deinit
 .text.ticker_trigger
                0x000000000002d62c       0x30 zephyr/subsys/bluetooth/controller/libsubsys__bluetooth__controller.a(ticker.c.obj)
                0x000000000002d62c                ticker_trigger
 .text.ticker_start_us
                0x000000000002d65c       0xa8 zephyr/subsys/bluetooth/controller/libsubsys__bluetooth__controller.a(ticker.c.obj)
                0x000000000002d65c                ticker_start_us
 .text.ticker_start
                0x000000000002d704       0x38 zephyr/subsys/bluetooth/controller/libsubsys__bluetooth__controller.a(ticker.c.obj)
                0x000000000002d704                ticker_start
 .text.ticker_stop
                0x000000000002d73c       0x84 zephyr/subsys/bluetooth/controller/libsubsys__bluetooth__controller.a(ticker.c.obj)
                0x000000000002d73c                ticker_stop
 .text.ticker_ticks_now_get
                0x000000000002d7c0        0x4 zephyr/subsys/bluetooth/controller/libsubsys__bluetooth__controller.a(ticker.c.obj)
                0x000000000002d7c0                ticker_ticks_now_get
 .text.ticker_ticks_diff_get
                0x000000000002d7c4        0x8 zephyr/subsys/bluetooth/controller/libsubsys__bluetooth__controller.a(ticker.c.obj)
                0x000000000002d7c4                ticker_ticks_diff_get
 .text.ll_feat_get
                0x000000000002d7cc        0x8 zephyr/subsys/bluetooth/controller/libsubsys__bluetooth__controller.a(ll_feat.c.obj)
                0x000000000002d7cc                ll_feat_get
 .text.ll_tx_pwr_get
                0x000000000002d7d4        0x8 zephyr/subsys/bluetooth/controller/libsubsys__bluetooth__controller.a(ll_tx_pwr.c.obj)
                0x000000000002d7d4                ll_tx_pwr_get
 .text.ll_addr_set
                0x000000000002d7dc       0x3c zephyr/subsys/bluetooth/controller/libsubsys__bluetooth__controller.a(ll_addr.c.obj)
                0x000000000002d7dc                ll_addr_set
 .text.ll_addr_get
                0x000000000002d818       0x20 zephyr/subsys/bluetooth/controller/libsubsys__bluetooth__controller.a(ll_addr.c.obj)
                0x000000000002d818                ll_addr_get
 .text.ll_addr_read
                0x000000000002d838       0x28 zephyr/subsys/bluetooth/controller/libsubsys__bluetooth__controller.a(ll_addr.c.obj)
                0x000000000002d838                ll_addr_read
 .text.perform_lll_reset
                0x000000000002d860       0x30 zephyr/subsys/bluetooth/controller/libsubsys__bluetooth__controller.a(ull.c.obj)
 .text.ull_ticker_status_give
                0x000000000002d890        0xc zephyr/subsys/bluetooth/controller/libsubsys__bluetooth__controller.a(ull.c.obj)
                0x000000000002d890                ull_ticker_status_give
 .text.disabled_cb
                0x000000000002d89c        0x4 zephyr/subsys/bluetooth/controller/libsubsys__bluetooth__controller.a(ull.c.obj)
 .text.rx_replenish.constprop.0
                0x000000000002d8a0       0x88 zephyr/subsys/bluetooth/controller/libsubsys__bluetooth__controller.a(ull.c.obj)
 .text.rx_demux
                0x000000000002d928       0xe4 zephyr/subsys/bluetooth/controller/libsubsys__bluetooth__controller.a(ull.c.obj)
 .text.init_reset
                0x000000000002da0c       0xe8 zephyr/subsys/bluetooth/controller/libsubsys__bluetooth__controller.a(ull.c.obj)
 .text.ll_init  0x000000000002daf4       0xa4 zephyr/subsys/bluetooth/controller/libsubsys__bluetooth__controller.a(ull.c.obj)
                0x000000000002daf4                ll_init
 .text.ll_reset
                0x000000000002db98       0x6c zephyr/subsys/bluetooth/controller/libsubsys__bluetooth__controller.a(ull.c.obj)
                0x000000000002db98                ll_reset
 .text.ll_deinit
                0x000000000002dc04       0x18 zephyr/subsys/bluetooth/controller/libsubsys__bluetooth__controller.a(ull.c.obj)
                0x000000000002dc04                ll_deinit
 .text.ll_rx_get
                0x000000000002dc1c       0x28 zephyr/subsys/bluetooth/controller/libsubsys__bluetooth__controller.a(ull.c.obj)
                0x000000000002dc1c                ll_rx_get
 .text.ll_rx_dequeue
                0x000000000002dc44       0x3c zephyr/subsys/bluetooth/controller/libsubsys__bluetooth__controller.a(ull.c.obj)
                0x000000000002dc44                ll_rx_dequeue
 .text.ll_rx_mem_release
                0x000000000002dc80       0x54 zephyr/subsys/bluetooth/controller/libsubsys__bluetooth__controller.a(ull.c.obj)
                0x000000000002dc80                ll_rx_mem_release
 .text.ull_ticker_status_take
                0x000000000002dcd4       0x24 zephyr/subsys/bluetooth/controller/libsubsys__bluetooth__controller.a(ull.c.obj)
                0x000000000002dcd4                ull_ticker_status_take
 .text.ull_disable
                0x000000000002dcf8       0x54 zephyr/subsys/bluetooth/controller/libsubsys__bluetooth__controller.a(ull.c.obj)
                0x000000000002dcf8                ull_disable
 .text.ull_ticker_stop_with_mark
                0x000000000002dd4c       0xa4 zephyr/subsys/bluetooth/controller/libsubsys__bluetooth__controller.a(ull.c.obj)
                0x000000000002dd4c                ull_ticker_stop_with_mark
 .text.ull_pdu_rx_alloc_peek
                0x000000000002ddf0       0x34 zephyr/subsys/bluetooth/controller/libsubsys__bluetooth__controller.a(ull.c.obj)
                0x000000000002ddf0                ull_pdu_rx_alloc_peek
 .text.ull_pdu_rx_alloc
                0x000000000002de24       0x24 zephyr/subsys/bluetooth/controller/libsubsys__bluetooth__controller.a(ull.c.obj)
                0x000000000002de24                ull_pdu_rx_alloc
 .text.ull_rx_put_sched
                0x000000000002de48       0x20 zephyr/subsys/bluetooth/controller/libsubsys__bluetooth__controller.a(ull.c.obj)
                0x000000000002de48                ull_rx_put_sched
 .text.ull_prepare_enqueue
                0x000000000002de68       0x74 zephyr/subsys/bluetooth/controller/libsubsys__bluetooth__controller.a(ull.c.obj)
                0x000000000002de68                ull_prepare_enqueue
 .text.ull_prepare_dequeue_get
                0x000000000002dedc       0x1c zephyr/subsys/bluetooth/controller/libsubsys__bluetooth__controller.a(ull.c.obj)
                0x000000000002dedc                ull_prepare_dequeue_get
 .text.ull_prepare_dequeue_iter
                0x000000000002def8       0x34 zephyr/subsys/bluetooth/controller/libsubsys__bluetooth__controller.a(ull.c.obj)
                0x000000000002def8                ull_prepare_dequeue_iter
 .text.ull_prepare_dequeue
                0x000000000002df2c      0x104 zephyr/subsys/bluetooth/controller/libsubsys__bluetooth__controller.a(ull.c.obj)
                0x000000000002df2c                ull_prepare_dequeue
 .text.ull_event_done
                0x000000000002e030       0x54 zephyr/subsys/bluetooth/controller/libsubsys__bluetooth__controller.a(ull.c.obj)
                0x000000000002e030                ull_event_done
 .text.lll_prepare
                0x000000000002e084       0x1c zephyr/subsys/bluetooth/controller/libsubsys__bluetooth__controller.a(lll_common.c.obj)
                0x000000000002e084                lll_prepare
 .text.lll_resume
                0x000000000002e0a0       0x28 zephyr/subsys/bluetooth/controller/libsubsys__bluetooth__controller.a(lll_common.c.obj)
                0x000000000002e0a0                lll_resume
 .text.hci_driver_send
                0x000000000002e0c8       0x98 zephyr/subsys/bluetooth/controller/libsubsys__bluetooth__controller.a(hci_driver.c.obj)
 .text.hci_driver_close
                0x000000000002e160       0x28 zephyr/subsys/bluetooth/controller/libsubsys__bluetooth__controller.a(hci_driver.c.obj)
 .text.recv_thread
                0x000000000002e188       0xc4 zephyr/subsys/bluetooth/controller/libsubsys__bluetooth__controller.a(hci_driver.c.obj)
 .text.prio_recv_thread
                0x000000000002e24c       0x50 zephyr/subsys/bluetooth/controller/libsubsys__bluetooth__controller.a(hci_driver.c.obj)
 .text.hci_driver_open
                0x000000000002e29c       0xcc zephyr/subsys/bluetooth/controller/libsubsys__bluetooth__controller.a(hci_driver.c.obj)
 .text.hci_recv_fifo_reset
                0x000000000002e368       0x20 zephyr/subsys/bluetooth/controller/libsubsys__bluetooth__controller.a(hci_driver.c.obj)
                0x000000000002e368                hci_recv_fifo_reset
 .text.dup_found.constprop.0
                0x000000000002e388       0xb0 zephyr/subsys/bluetooth/controller/libsubsys__bluetooth__controller.a(hci.c.obj)
 .text.hci_vendor_cmd_handle_common
                0x000000000002e438      0x164 zephyr/subsys/bluetooth/controller/libsubsys__bluetooth__controller.a(hci.c.obj)
                0x000000000002e438                hci_vendor_cmd_handle_common
 .text.hci_cmd_handle
                0x000000000002e59c      0x4b4 zephyr/subsys/bluetooth/controller/libsubsys__bluetooth__controller.a(hci.c.obj)
                0x000000000002e59c                hci_cmd_handle
 .text.hci_evt_encode
                0x000000000002ea50      0x1a0 zephyr/subsys/bluetooth/controller/libsubsys__bluetooth__controller.a(hci.c.obj)
                0x000000000002ea50                hci_evt_encode
 .text.hci_get_class
                0x000000000002ebf0       0x10 zephyr/subsys/bluetooth/controller/libsubsys__bluetooth__controller.a(hci.c.obj)
                0x000000000002ebf0                hci_get_class
 .text.hci_init
                0x000000000002ec00       0x30 zephyr/subsys/bluetooth/controller/libsubsys__bluetooth__controller.a(hci.c.obj)
                0x000000000002ec00                hci_init
 .text.ticker_cb
                0x000000000002ec30       0x4c zephyr/subsys/bluetooth/controller/libsubsys__bluetooth__controller.a(ull_scan.c.obj)
 .text.ull_scan_init
                0x000000000002ec7c        0x4 zephyr/subsys/bluetooth/controller/libsubsys__bluetooth__controller.a(ull_scan.c.obj)
                0x000000000002ec7c                ull_scan_init
 .text.ull_scan_reset
                0x000000000002ec80       0x88 zephyr/subsys/bluetooth/controller/libsubsys__bluetooth__controller.a(ull_scan.c.obj)
                0x000000000002ec80                ull_scan_reset
 .text.ull_scan_disable
                0x000000000002ed08       0x5c zephyr/subsys/bluetooth/controller/libsubsys__bluetooth__controller.a(ull_scan.c.obj)
                0x000000000002ed08                ull_scan_disable
 .text.ll_scan_enable
                0x000000000002ed64       0x50 zephyr/subsys/bluetooth/controller/libsubsys__bluetooth__controller.a(ull_scan.c.obj)
                0x000000000002ed64                ll_scan_enable
 .text.ull_scan_lll_handle_get
                0x000000000002edb4       0x1c zephyr/subsys/bluetooth/controller/libsubsys__bluetooth__controller.a(ull_scan.c.obj)
                0x000000000002edb4                ull_scan_lll_handle_get
 .text.ull_scan_is_enabled
                0x000000000002edd0       0x28 zephyr/subsys/bluetooth/controller/libsubsys__bluetooth__controller.a(ull_scan.c.obj)
                0x000000000002edd0                ull_scan_is_enabled
 .text.bt_rand  0x000000000002edf8        0x4 zephyr/subsys/bluetooth/controller/libsubsys__bluetooth__controller.a(crypto.c.obj)
                0x000000000002edf8                bt_rand
 .text.radio_nrf5_isr
                0x000000000002edfc       0x1c zephyr/subsys/bluetooth/controller/ll_sw/nordic/libsubsys__bluetooth__controller__ll_sw__nordic.a(lll.c.obj)
                0x000000000002edfc                radio_nrf5_isr
 .text.rtc0_nrf5_isr
                0x000000000002ee18       0x30 zephyr/subsys/bluetooth/controller/ll_sw/nordic/libsubsys__bluetooth__controller__ll_sw__nordic.a(lll.c.obj)
 .text.swi_lll_nrf5_isr
                0x000000000002ee48        0x8 zephyr/subsys/bluetooth/controller/ll_sw/nordic/libsubsys__bluetooth__controller__ll_sw__nordic.a(lll.c.obj)
 .text.ticker_start_op_cb
                0x000000000002ee50       0x4c zephyr/subsys/bluetooth/controller/ll_sw/nordic/libsubsys__bluetooth__controller__ll_sw__nordic.a(lll.c.obj)
 .text.ticker_stop_op_cb
                0x000000000002ee9c       0x40 zephyr/subsys/bluetooth/controller/ll_sw/nordic/libsubsys__bluetooth__controller__ll_sw__nordic.a(lll.c.obj)
 .text.isr_race
                0x000000000002eedc        0x4 zephyr/subsys/bluetooth/controller/ll_sw/nordic/libsubsys__bluetooth__controller__ll_sw__nordic.a(lll.c.obj)
 .text.preempt_ticker_cb
                0x000000000002eee0       0x3c zephyr/subsys/bluetooth/controller/ll_sw/nordic/libsubsys__bluetooth__controller__ll_sw__nordic.a(lll.c.obj)
 .text.preempt_ticker_start.constprop.0
                0x000000000002ef1c       0xf0 zephyr/subsys/bluetooth/controller/ll_sw/nordic/libsubsys__bluetooth__controller__ll_sw__nordic.a(lll.c.obj)
 .text.preempt  0x000000000002f00c      0x1f0 zephyr/subsys/bluetooth/controller/ll_sw/nordic/libsubsys__bluetooth__controller__ll_sw__nordic.a(lll.c.obj)
 .text.lll_init
                0x000000000002f1fc       0x6c zephyr/subsys/bluetooth/controller/ll_sw/nordic/libsubsys__bluetooth__controller__ll_sw__nordic.a(lll.c.obj)
                0x000000000002f1fc                lll_init
 .text.lll_deinit
                0x000000000002f268       0x20 zephyr/subsys/bluetooth/controller/ll_sw/nordic/libsubsys__bluetooth__controller__ll_sw__nordic.a(lll.c.obj)
                0x000000000002f268                lll_deinit
 .text.lll_csrand_get
                0x000000000002f288       0x14 zephyr/subsys/bluetooth/controller/ll_sw/nordic/libsubsys__bluetooth__controller__ll_sw__nordic.a(lll.c.obj)
                0x000000000002f288                lll_csrand_get
 .text.lll_reset
                0x000000000002f29c        0x4 zephyr/subsys/bluetooth/controller/ll_sw/nordic/libsubsys__bluetooth__controller__ll_sw__nordic.a(lll.c.obj)
                0x000000000002f29c                lll_reset
 .text.lll_disable
                0x000000000002f2a0       0x84 zephyr/subsys/bluetooth/controller/ll_sw/nordic/libsubsys__bluetooth__controller__ll_sw__nordic.a(lll.c.obj)
                0x000000000002f2a0                lll_disable
 .text.lll_prepare_done
                0x000000000002f324        0x4 zephyr/subsys/bluetooth/controller/ll_sw/nordic/libsubsys__bluetooth__controller__ll_sw__nordic.a(lll.c.obj)
                0x000000000002f324                lll_prepare_done
 .text.lll_done
                0x000000000002f328       0x44 zephyr/subsys/bluetooth/controller/ll_sw/nordic/libsubsys__bluetooth__controller__ll_sw__nordic.a(lll.c.obj)
                0x000000000002f328                lll_done
 .text.lll_is_done
                0x000000000002f36c       0x1c zephyr/subsys/bluetooth/controller/ll_sw/nordic/libsubsys__bluetooth__controller__ll_sw__nordic.a(lll.c.obj)
                0x000000000002f36c                lll_is_done
 .text.lll_event_offset_get
                0x000000000002f388        0x4 zephyr/subsys/bluetooth/controller/ll_sw/nordic/libsubsys__bluetooth__controller__ll_sw__nordic.a(lll.c.obj)
                0x000000000002f388                lll_event_offset_get
 .text.lll_preempt_calc
                0x000000000002f38c       0x24 zephyr/subsys/bluetooth/controller/ll_sw/nordic/libsubsys__bluetooth__controller__ll_sw__nordic.a(lll.c.obj)
                0x000000000002f38c                lll_preempt_calc
 .text.lll_chan_set
                0x000000000002f3b0       0x68 zephyr/subsys/bluetooth/controller/ll_sw/nordic/libsubsys__bluetooth__controller__ll_sw__nordic.a(lll.c.obj)
                0x000000000002f3b0                lll_chan_set
 .text.lll_isr_tx_status_reset
                0x000000000002f418       0x10 zephyr/subsys/bluetooth/controller/ll_sw/nordic/libsubsys__bluetooth__controller__ll_sw__nordic.a(lll.c.obj)
                0x000000000002f418                lll_isr_tx_status_reset
 .text.lll_isr_status_reset
                0x000000000002f428       0x18 zephyr/subsys/bluetooth/controller/ll_sw/nordic/libsubsys__bluetooth__controller__ll_sw__nordic.a(lll.c.obj)
                0x000000000002f428                lll_isr_status_reset
 .text.lll_isr_cleanup
                0x000000000002f440       0x50 zephyr/subsys/bluetooth/controller/ll_sw/nordic/libsubsys__bluetooth__controller__ll_sw__nordic.a(lll.c.obj)
                0x000000000002f440                lll_isr_cleanup
 .text.lll_prepare_resolve
                0x000000000002f490      0x164 zephyr/subsys/bluetooth/controller/ll_sw/nordic/libsubsys__bluetooth__controller__ll_sw__nordic.a(lll.c.obj)
                0x000000000002f490                lll_prepare_resolve
 .text.lll_clock_init
                0x000000000002f5f4       0x20 zephyr/subsys/bluetooth/controller/ll_sw/nordic/libsubsys__bluetooth__controller__ll_sw__nordic.a(lll_clock.c.obj)
                0x000000000002f5f4                lll_clock_init
 .text.lll_clock_deinit
                0x000000000002f614       0x20 zephyr/subsys/bluetooth/controller/ll_sw/nordic/libsubsys__bluetooth__controller__ll_sw__nordic.a(lll_clock.c.obj)
                0x000000000002f614                lll_clock_deinit
 .text.lll_hfclock_on
                0x000000000002f634       0x30 zephyr/subsys/bluetooth/controller/ll_sw/nordic/libsubsys__bluetooth__controller__ll_sw__nordic.a(lll_clock.c.obj)
                0x000000000002f634                lll_hfclock_on
 .text.lll_hfclock_off
                0x000000000002f664       0x40 zephyr/subsys/bluetooth/controller/ll_sw/nordic/libsubsys__bluetooth__controller__ll_sw__nordic.a(lll_clock.c.obj)
                0x000000000002f664                lll_hfclock_off
 .text.ticker_op_start_cb
                0x000000000002f6a4        0x8 zephyr/subsys/bluetooth/controller/ll_sw/nordic/libsubsys__bluetooth__controller__ll_sw__nordic.a(lll_scan.c.obj)
 .text.prepare_cb
                0x000000000002f6ac        0x8 zephyr/subsys/bluetooth/controller/ll_sw/nordic/libsubsys__bluetooth__controller__ll_sw__nordic.a(lll_scan.c.obj)
 .text.ticker_stop_cb
                0x000000000002f6b4       0x20 zephyr/subsys/bluetooth/controller/ll_sw/nordic/libsubsys__bluetooth__controller__ll_sw__nordic.a(lll_scan.c.obj)
 .text.isr_common_done
                0x000000000002f6d4       0x5c zephyr/subsys/bluetooth/controller/ll_sw/nordic/libsubsys__bluetooth__controller__ll_sw__nordic.a(lll_scan.c.obj)
 .text.isr_abort
                0x000000000002f730       0x18 zephyr/subsys/bluetooth/controller/ll_sw/nordic/libsubsys__bluetooth__controller__ll_sw__nordic.a(lll_scan.c.obj)
 .text.isr_done
                0x000000000002f748       0x14 zephyr/subsys/bluetooth/controller/ll_sw/nordic/libsubsys__bluetooth__controller__ll_sw__nordic.a(lll_scan.c.obj)
 .text.isr_tx   0x000000000002f75c       0x6c zephyr/subsys/bluetooth/controller/ll_sw/nordic/libsubsys__bluetooth__controller__ll_sw__nordic.a(lll_scan.c.obj)
 .text.isr_window
                0x000000000002f7c8       0x3c zephyr/subsys/bluetooth/controller/ll_sw/nordic/libsubsys__bluetooth__controller__ll_sw__nordic.a(lll_scan.c.obj)
 .text.resume_prepare_cb
                0x000000000002f804       0x2c zephyr/subsys/bluetooth/controller/ll_sw/nordic/libsubsys__bluetooth__controller__ll_sw__nordic.a(lll_scan.c.obj)
 .text.is_abort_cb
                0x000000000002f830       0x3c zephyr/subsys/bluetooth/controller/ll_sw/nordic/libsubsys__bluetooth__controller__ll_sw__nordic.a(lll_scan.c.obj)
 .text.abort_cb
                0x000000000002f86c       0x30 zephyr/subsys/bluetooth/controller/ll_sw/nordic/libsubsys__bluetooth__controller__ll_sw__nordic.a(lll_scan.c.obj)
 .text.isr_done_cleanup
                0x000000000002f89c       0x74 zephyr/subsys/bluetooth/controller/ll_sw/nordic/libsubsys__bluetooth__controller__ll_sw__nordic.a(lll_scan.c.obj)
 .text.isr_rx   0x000000000002f910      0x238 zephyr/subsys/bluetooth/controller/ll_sw/nordic/libsubsys__bluetooth__controller__ll_sw__nordic.a(lll_scan.c.obj)
 .text.lll_scan_init
                0x000000000002fb48        0x4 zephyr/subsys/bluetooth/controller/ll_sw/nordic/libsubsys__bluetooth__controller__ll_sw__nordic.a(lll_scan.c.obj)
                0x000000000002fb48                lll_scan_init
 .text.lll_scan_reset
                0x000000000002fb4c        0x4 zephyr/subsys/bluetooth/controller/ll_sw/nordic/libsubsys__bluetooth__controller__ll_sw__nordic.a(lll_scan.c.obj)
                0x000000000002fb4c                lll_scan_reset
 .text.lll_scan_prepare
                0x000000000002fb50       0x3c zephyr/subsys/bluetooth/controller/ll_sw/nordic/libsubsys__bluetooth__controller__ll_sw__nordic.a(lll_scan.c.obj)
                0x000000000002fb50                lll_scan_prepare
 .text.hci_vendor_read_static_addr
                0x000000000002fb8c       0xa0 zephyr/subsys/bluetooth/controller/ll_sw/nordic/libsubsys__bluetooth__controller__ll_sw__nordic.a(hci_vendor.c.obj)
                0x000000000002fb8c                hci_vendor_read_static_addr
 .text.hci_vendor_read_key_hierarchy_roots
                0x000000000002fc2c       0x54 zephyr/subsys/bluetooth/controller/ll_sw/nordic/libsubsys__bluetooth__controller__ll_sw__nordic.a(hci_vendor.c.obj)
                0x000000000002fc2c                hci_vendor_read_key_hierarchy_roots
 .text.cntr_init
                0x000000000002fc80       0x1c zephyr/subsys/bluetooth/controller/ll_sw/nordic/libsubsys__bluetooth__controller__ll_sw__nordic.a(cntr.c.obj)
                0x000000000002fc80                cntr_init
 .text.cntr_start
                0x000000000002fc9c       0x20 zephyr/subsys/bluetooth/controller/ll_sw/nordic/libsubsys__bluetooth__controller__ll_sw__nordic.a(cntr.c.obj)
                0x000000000002fc9c                cntr_start
 .text.cntr_stop
                0x000000000002fcbc       0x28 zephyr/subsys/bluetooth/controller/ll_sw/nordic/libsubsys__bluetooth__controller__ll_sw__nordic.a(cntr.c.obj)
                0x000000000002fcbc                cntr_stop
 .text.cntr_cnt_get
                0x000000000002fce4        0xc zephyr/subsys/bluetooth/controller/ll_sw/nordic/libsubsys__bluetooth__controller__ll_sw__nordic.a(cntr.c.obj)
                0x000000000002fce4                cntr_cnt_get
 .text.cntr_cmp_set
                0x000000000002fcf0       0x10 zephyr/subsys/bluetooth/controller/ll_sw/nordic/libsubsys__bluetooth__controller__ll_sw__nordic.a(cntr.c.obj)
                0x000000000002fcf0                cntr_cmp_set
 .text.isr_radio
                0x000000000002fd00       0x20 zephyr/subsys/bluetooth/controller/ll_sw/nordic/libsubsys__bluetooth__controller__ll_sw__nordic.a(radio.c.obj)
                0x000000000002fd00                isr_radio
 .text.radio_isr_set
                0x000000000002fd20       0x14 zephyr/subsys/bluetooth/controller/ll_sw/nordic/libsubsys__bluetooth__controller__ll_sw__nordic.a(radio.c.obj)
                0x000000000002fd20                radio_isr_set
 .text.radio_setup
                0x000000000002fd34       0x44 zephyr/subsys/bluetooth/controller/ll_sw/nordic/libsubsys__bluetooth__controller__ll_sw__nordic.a(radio.c.obj)
                0x000000000002fd34                radio_setup
 .text.radio_reset
                0x000000000002fd78       0x28 zephyr/subsys/bluetooth/controller/ll_sw/nordic/libsubsys__bluetooth__controller__ll_sw__nordic.a(radio.c.obj)
                0x000000000002fd78                radio_reset
 .text.radio_stop
                0x000000000002fda0        0x4 zephyr/subsys/bluetooth/controller/ll_sw/nordic/libsubsys__bluetooth__controller__ll_sw__nordic.a(radio.c.obj)
                0x000000000002fda0                radio_stop
 .text.radio_phy_set
                0x000000000002fda4       0x1c zephyr/subsys/bluetooth/controller/ll_sw/nordic/libsubsys__bluetooth__controller__ll_sw__nordic.a(radio.c.obj)
                0x000000000002fda4                radio_phy_set
 .text.radio_tx_power_set
                0x000000000002fdc0        0xc zephyr/subsys/bluetooth/controller/ll_sw/nordic/libsubsys__bluetooth__controller__ll_sw__nordic.a(radio.c.obj)
                0x000000000002fdc0                radio_tx_power_set
 .text.radio_freq_chan_set
                0x000000000002fdcc        0xc zephyr/subsys/bluetooth/controller/ll_sw/nordic/libsubsys__bluetooth__controller__ll_sw__nordic.a(radio.c.obj)
                0x000000000002fdcc                radio_freq_chan_set
 .text.radio_whiten_iv_set
                0x000000000002fdd8       0x28 zephyr/subsys/bluetooth/controller/ll_sw/nordic/libsubsys__bluetooth__controller__ll_sw__nordic.a(radio.c.obj)
                0x000000000002fdd8                radio_whiten_iv_set
 .text.radio_aa_set
                0x000000000002fe00       0x28 zephyr/subsys/bluetooth/controller/ll_sw/nordic/libsubsys__bluetooth__controller__ll_sw__nordic.a(radio.c.obj)
                0x000000000002fe00                radio_aa_set
 .text.radio_pkt_configure
                0x000000000002fe28       0x54 zephyr/subsys/bluetooth/controller/ll_sw/nordic/libsubsys__bluetooth__controller__ll_sw__nordic.a(radio.c.obj)
                0x000000000002fe28                radio_pkt_configure
 .text.radio_pkt_rx_set
                0x000000000002fe7c        0xc zephyr/subsys/bluetooth/controller/ll_sw/nordic/libsubsys__bluetooth__controller__ll_sw__nordic.a(radio.c.obj)
                0x000000000002fe7c                radio_pkt_rx_set
 .text.radio_pkt_tx_set
                0x000000000002fe88        0xc zephyr/subsys/bluetooth/controller/ll_sw/nordic/libsubsys__bluetooth__controller__ll_sw__nordic.a(radio.c.obj)
                0x000000000002fe88                radio_pkt_tx_set
 .text.radio_tx_chain_delay_get
                0x000000000002fe94        0x4 zephyr/subsys/bluetooth/controller/ll_sw/nordic/libsubsys__bluetooth__controller__ll_sw__nordic.a(radio.c.obj)
                0x000000000002fe94                radio_tx_chain_delay_get
 .text.radio_rx_chain_delay_get
                0x000000000002fe98        0xc zephyr/subsys/bluetooth/controller/ll_sw/nordic/libsubsys__bluetooth__controller__ll_sw__nordic.a(radio.c.obj)
                0x000000000002fe98                radio_rx_chain_delay_get
 .text.radio_rx_enable
                0x000000000002fea4        0xc zephyr/subsys/bluetooth/controller/ll_sw/nordic/libsubsys__bluetooth__controller__ll_sw__nordic.a(radio.c.obj)
                0x000000000002fea4                radio_rx_enable
 .text.radio_disable
                0x000000000002feb0       0x40 zephyr/subsys/bluetooth/controller/ll_sw/nordic/libsubsys__bluetooth__controller__ll_sw__nordic.a(radio.c.obj)
                0x000000000002feb0                radio_disable
 .text.radio_status_reset
                0x000000000002fef0       0x2c zephyr/subsys/bluetooth/controller/ll_sw/nordic/libsubsys__bluetooth__controller__ll_sw__nordic.a(radio.c.obj)
                0x000000000002fef0                radio_status_reset
 .text.radio_is_ready
                0x000000000002ff1c       0x14 zephyr/subsys/bluetooth/controller/ll_sw/nordic/libsubsys__bluetooth__controller__ll_sw__nordic.a(radio.c.obj)
                0x000000000002ff1c                radio_is_ready
 .text.radio_is_done
                0x000000000002ff30       0x14 zephyr/subsys/bluetooth/controller/ll_sw/nordic/libsubsys__bluetooth__controller__ll_sw__nordic.a(radio.c.obj)
                0x000000000002ff30                radio_is_done
 .text.radio_is_idle
                0x000000000002ff44       0x14 zephyr/subsys/bluetooth/controller/ll_sw/nordic/libsubsys__bluetooth__controller__ll_sw__nordic.a(radio.c.obj)
                0x000000000002ff44                radio_is_idle
 .text.radio_crc_configure
                0x000000000002ff58       0x18 zephyr/subsys/bluetooth/controller/ll_sw/nordic/libsubsys__bluetooth__controller__ll_sw__nordic.a(radio.c.obj)
                0x000000000002ff58                radio_crc_configure
 .text.radio_crc_is_valid
                0x000000000002ff70       0x14 zephyr/subsys/bluetooth/controller/ll_sw/nordic/libsubsys__bluetooth__controller__ll_sw__nordic.a(radio.c.obj)
                0x000000000002ff70                radio_crc_is_valid
 .text.radio_pkt_scratch_get
                0x000000000002ff84        0x8 zephyr/subsys/bluetooth/controller/ll_sw/nordic/libsubsys__bluetooth__controller__ll_sw__nordic.a(radio.c.obj)
                0x000000000002ff84                radio_pkt_scratch_get
 .text.radio_switch_complete_and_rx
                0x000000000002ff8c       0x90 zephyr/subsys/bluetooth/controller/ll_sw/nordic/libsubsys__bluetooth__controller__ll_sw__nordic.a(radio.c.obj)
                0x000000000002ff8c                radio_switch_complete_and_rx
 .text.radio_switch_complete_and_tx
                0x000000000003001c       0xc0 zephyr/subsys/bluetooth/controller/ll_sw/nordic/libsubsys__bluetooth__controller__ll_sw__nordic.a(radio.c.obj)
                0x000000000003001c                radio_switch_complete_and_tx
 .text.radio_switch_complete_and_disable
                0x00000000000300dc       0x1c zephyr/subsys/bluetooth/controller/ll_sw/nordic/libsubsys__bluetooth__controller__ll_sw__nordic.a(radio.c.obj)
                0x00000000000300dc                radio_switch_complete_and_disable
 .text.radio_phy_flags_rx_get
                0x00000000000300f8        0x4 zephyr/subsys/bluetooth/controller/ll_sw/nordic/libsubsys__bluetooth__controller__ll_sw__nordic.a(radio.c.obj)
                0x00000000000300f8                radio_phy_flags_rx_get
 .text.radio_rssi_measure
                0x00000000000300fc       0x14 zephyr/subsys/bluetooth/controller/ll_sw/nordic/libsubsys__bluetooth__controller__ll_sw__nordic.a(radio.c.obj)
                0x00000000000300fc                radio_rssi_measure
 .text.radio_rssi_get
                0x0000000000030110        0xc zephyr/subsys/bluetooth/controller/ll_sw/nordic/libsubsys__bluetooth__controller__ll_sw__nordic.a(radio.c.obj)
                0x0000000000030110                radio_rssi_get
 .text.radio_rssi_status_reset
                0x000000000003011c       0x14 zephyr/subsys/bluetooth/controller/ll_sw/nordic/libsubsys__bluetooth__controller__ll_sw__nordic.a(radio.c.obj)
                0x000000000003011c                radio_rssi_status_reset
 .text.radio_rssi_is_ready
                0x0000000000030130       0x14 zephyr/subsys/bluetooth/controller/ll_sw/nordic/libsubsys__bluetooth__controller__ll_sw__nordic.a(radio.c.obj)
                0x0000000000030130                radio_rssi_is_ready
 .text.radio_filter_disable
                0x0000000000030144       0x14 zephyr/subsys/bluetooth/controller/ll_sw/nordic/libsubsys__bluetooth__controller__ll_sw__nordic.a(radio.c.obj)
                0x0000000000030144                radio_filter_disable
 .text.radio_filter_status_reset
                0x0000000000030158       0x14 zephyr/subsys/bluetooth/controller/ll_sw/nordic/libsubsys__bluetooth__controller__ll_sw__nordic.a(radio.c.obj)
                0x0000000000030158                radio_filter_status_reset
 .text.radio_filter_has_match
                0x000000000003016c       0x14 zephyr/subsys/bluetooth/controller/ll_sw/nordic/libsubsys__bluetooth__controller__ll_sw__nordic.a(radio.c.obj)
                0x000000000003016c                radio_filter_has_match
 .text.radio_filter_match_get
                0x0000000000030180        0xc zephyr/subsys/bluetooth/controller/ll_sw/nordic/libsubsys__bluetooth__controller__ll_sw__nordic.a(radio.c.obj)
                0x0000000000030180                radio_filter_match_get
 .text.radio_tmr_status_reset
                0x000000000003018c       0x20 zephyr/subsys/bluetooth/controller/ll_sw/nordic/libsubsys__bluetooth__controller__ll_sw__nordic.a(radio.c.obj)
                0x000000000003018c                radio_tmr_status_reset
 .text.radio_tmr_tifs_set
                0x00000000000301ac       0x18 zephyr/subsys/bluetooth/controller/ll_sw/nordic/libsubsys__bluetooth__controller__ll_sw__nordic.a(radio.c.obj)
                0x00000000000301ac                radio_tmr_tifs_set
 .text.radio_tmr_start
                0x00000000000301c4       0xe8 zephyr/subsys/bluetooth/controller/ll_sw/nordic/libsubsys__bluetooth__controller__ll_sw__nordic.a(radio.c.obj)
                0x00000000000301c4                radio_tmr_start
 .text.radio_tmr_start_now
                0x00000000000302ac       0x60 zephyr/subsys/bluetooth/controller/ll_sw/nordic/libsubsys__bluetooth__controller__ll_sw__nordic.a(radio.c.obj)
                0x00000000000302ac                radio_tmr_start_now
 .text.radio_tmr_stop
                0x000000000003030c       0x18 zephyr/subsys/bluetooth/controller/ll_sw/nordic/libsubsys__bluetooth__controller__ll_sw__nordic.a(radio.c.obj)
                0x000000000003030c                radio_tmr_stop
 .text.radio_tmr_hcto_configure
                0x0000000000030324       0x1c zephyr/subsys/bluetooth/controller/ll_sw/nordic/libsubsys__bluetooth__controller__ll_sw__nordic.a(radio.c.obj)
                0x0000000000030324                radio_tmr_hcto_configure
 .text.radio_tmr_end_capture
                0x0000000000030340       0x10 zephyr/subsys/bluetooth/controller/ll_sw/nordic/libsubsys__bluetooth__controller__ll_sw__nordic.a(radio.c.obj)
                0x0000000000030340                radio_tmr_end_capture
 .text.radio_tmr_tifs_base_get
                0x0000000000030350        0xc zephyr/subsys/bluetooth/controller/ll_sw/nordic/libsubsys__bluetooth__controller__ll_sw__nordic.a(radio.c.obj)
                0x0000000000030350                radio_tmr_tifs_base_get
 .text.mayfly_enable_cb
                0x000000000003035c       0x18 zephyr/subsys/bluetooth/controller/ll_sw/nordic/libsubsys__bluetooth__controller__ll_sw__nordic.a(mayfly.c.obj)
                0x000000000003035c                mayfly_enable_cb
 .text.mayfly_is_enabled
                0x0000000000030374       0x1c zephyr/subsys/bluetooth/controller/ll_sw/nordic/libsubsys__bluetooth__controller__ll_sw__nordic.a(mayfly.c.obj)
                0x0000000000030374                mayfly_is_enabled
 .text.mayfly_prio_is_equal
                0x0000000000030390       0x2c zephyr/subsys/bluetooth/controller/ll_sw/nordic/libsubsys__bluetooth__controller__ll_sw__nordic.a(mayfly.c.obj)
                0x0000000000030390                mayfly_prio_is_equal
 .text.mayfly_pend
                0x00000000000303bc       0x2c zephyr/subsys/bluetooth/controller/ll_sw/nordic/libsubsys__bluetooth__controller__ll_sw__nordic.a(mayfly.c.obj)
                0x00000000000303bc                mayfly_pend
 .text.hal_ticker_instance0_caller_id_get
                0x00000000000303e8       0x20 zephyr/subsys/bluetooth/controller/ll_sw/nordic/libsubsys__bluetooth__controller__ll_sw__nordic.a(ticker.c.obj)
                0x00000000000303e8                hal_ticker_instance0_caller_id_get
 .text.hal_ticker_instance0_sched
                0x0000000000030408       0xa0 zephyr/subsys/bluetooth/controller/ll_sw/nordic/libsubsys__bluetooth__controller__ll_sw__nordic.a(ticker.c.obj)
                0x0000000000030408                hal_ticker_instance0_sched
 .text.hal_ticker_instance0_trigger_set
                0x00000000000304a8        0x8 zephyr/subsys/bluetooth/controller/ll_sw/nordic/libsubsys__bluetooth__controller__ll_sw__nordic.a(ticker.c.obj)
                0x00000000000304a8                hal_ticker_instance0_trigger_set
 .text.do_ecb   0x00000000000304b0       0x50 zephyr/subsys/bluetooth/controller/ll_sw/nordic/libsubsys__bluetooth__controller__ll_sw__nordic.a(ecb.c.obj)
 .text.isr_ecb  0x0000000000030500       0x4c zephyr/subsys/bluetooth/controller/ll_sw/nordic/libsubsys__bluetooth__controller__ll_sw__nordic.a(ecb.c.obj)
 .text.ecb_encrypt
                0x000000000003054c       0x44 zephyr/subsys/bluetooth/controller/ll_sw/nordic/libsubsys__bluetooth__controller__ll_sw__nordic.a(ecb.c.obj)
                0x000000000003054c                ecb_encrypt
 .text.udc_set_suspended
                0x0000000000030590       0x94 zephyr/drivers/usb/udc/libdrivers__usb__udc.a(udc_common.c.obj)
                0x0000000000030590                udc_set_suspended
 .text.udc_ep_enable_internal
                0x0000000000030624       0x90 zephyr/drivers/usb/udc/libdrivers__usb__udc.a(udc_common.c.obj)
                0x0000000000030624                udc_ep_enable_internal
 .text.udc_ep_disable_internal
                0x00000000000306b4       0x54 zephyr/drivers/usb/udc/libdrivers__usb__udc.a(udc_common.c.obj)
                0x00000000000306b4                udc_ep_disable_internal
 .text.udc_ep_dequeue
                0x0000000000030708       0x60 zephyr/drivers/usb/udc/libdrivers__usb__udc.a(udc_common.c.obj)
                0x0000000000030708                udc_ep_dequeue
 .text.udc_ep_buf_alloc
                0x0000000000030768       0x54 zephyr/drivers/usb/udc/libdrivers__usb__udc.a(udc_common.c.obj)
                0x0000000000030768                udc_ep_buf_alloc
 .text.udc_ctrl_update_stage
                0x00000000000307bc       0xf8 zephyr/drivers/usb/udc/libdrivers__usb__udc.a(udc_common.c.obj)
                0x00000000000307bc                udc_ctrl_update_stage
 .text.nrf52_errata_187
                0x00000000000308b4       0x28 zephyr/drivers/usb/udc/libdrivers__usb__udc.a(udc_nrf.c.obj)
 .text.usbd_ep_amount_get
                0x00000000000308dc       0x38 zephyr/drivers/usb/udc/libdrivers__usb__udc.a(udc_nrf.c.obj)
 .text.usbd_ep_abort
                0x0000000000030914       0xac zephyr/drivers/usb/udc/libdrivers__usb__udc.a(udc_nrf.c.obj)
 .text.usbd_errata_187_211_begin
                0x00000000000309c0       0x3c zephyr/drivers/usb/udc/libdrivers__usb__udc.a(udc_nrf.c.obj)
 .text.usbd_errata_187_211_end
                0x00000000000309fc       0x3c zephyr/drivers/usb/udc/libdrivers__usb__udc.a(udc_nrf.c.obj)
 .text.nrf_usbd_start_transfer
                0x0000000000030a38       0x70 zephyr/drivers/usb/udc/libdrivers__usb__udc.a(udc_nrf.c.obj)
 .text.nrf_usbd_legacy_ep_stall_clear
                0x0000000000030aa8       0x60 zephyr/drivers/usb/udc/libdrivers__usb__udc.a(udc_nrf.c.obj)
 .text.udc_nrf_ep_enable
                0x0000000000030b08       0x68 zephyr/drivers/usb/udc/libdrivers__usb__udc.a(udc_nrf.c.obj)
 .text.udc_nrf_ep_set_halt
                0x0000000000030b70       0x20 zephyr/drivers/usb/udc/libdrivers__usb__udc.a(udc_nrf.c.obj)
 .text.udc_event_xfer_ctrl_in
                0x0000000000030b90       0x4c zephyr/drivers/usb/udc/libdrivers__usb__udc.a(udc_nrf.c.obj)
 .text.udc_nrf_shutdown
                0x0000000000030bdc       0x20 zephyr/drivers/usb/udc/libdrivers__usb__udc.a(udc_nrf.c.obj)
 .text.udc_nrf_init
                0x0000000000030bfc       0x48 zephyr/drivers/usb/udc/libdrivers__usb__udc.a(udc_nrf.c.obj)
 .text.k_event_post.constprop.0.isra.0
                0x0000000000030c44        0xc zephyr/drivers/usb/udc/libdrivers__usb__udc.a(udc_nrf.c.obj)
 .text.udc_nrf_set_address
                0x0000000000030c50       0x20 zephyr/drivers/usb/udc/libdrivers__usb__udc.a(udc_nrf.c.obj)
 .text.udc_nrf_driver_init
                0x0000000000030c70      0x18c zephyr/drivers/usb/udc/libdrivers__usb__udc.a(udc_nrf.c.obj)
 .text.udc_nrf_ep_enqueue
                0x0000000000030dfc       0x40 zephyr/drivers/usb/udc/libdrivers__usb__udc.a(udc_nrf.c.obj)
 .text.udc_nrf_ep_clear_halt
                0x0000000000030e3c       0x24 zephyr/drivers/usb/udc/libdrivers__usb__udc.a(udc_nrf.c.obj)
 .text.udc_nrf_ep_disable
                0x0000000000030e60       0x64 zephyr/drivers/usb/udc/libdrivers__usb__udc.a(udc_nrf.c.obj)
 .text.udc_nrf_power_handler.part.0
                0x0000000000030ec4       0x14 zephyr/drivers/usb/udc/libdrivers__usb__udc.a(udc_nrf.c.obj)
 .text.udc_nrf_power_handler
                0x0000000000030ed8       0x50 zephyr/drivers/usb/udc/libdrivers__usb__udc.a(udc_nrf.c.obj)
 .text.udc_nrf_ep_dequeue
                0x0000000000030f28       0x6c zephyr/drivers/usb/udc/libdrivers__usb__udc.a(udc_nrf.c.obj)
 .text.udc_nrf_thread
                0x0000000000030f94      0x420 zephyr/drivers/usb/udc/libdrivers__usb__udc.a(udc_nrf.c.obj)
 .text.usbd_dma_pending_clear
                0x00000000000313b4       0x1c zephyr/drivers/usb/udc/libdrivers__usb__udc.a(udc_nrf.c.obj)
 .text.udc_nrf_disable
                0x00000000000313d0      0x140 zephyr/drivers/usb/udc/libdrivers__usb__udc.a(udc_nrf.c.obj)
 .text.nrf_usbd_irq_handler
                0x0000000000031510      0x498 zephyr/drivers/usb/udc/libdrivers__usb__udc.a(udc_nrf.c.obj)
 .text.udc_nrf_host_wakeup
                0x00000000000319a8       0x78 zephyr/drivers/usb/udc/libdrivers__usb__udc.a(udc_nrf.c.obj)
 .text.udc_nrf_enable
                0x0000000000031a20      0x1c8 zephyr/drivers/usb/udc/libdrivers__usb__udc.a(udc_nrf.c.obj)
 .text.onoff_stop
                0x0000000000031be8       0x30 zephyr/drivers/clock_control/libdrivers__clock_control.a(clock_control_nrf.c.obj)
 .text.onoff_start
                0x0000000000031c18       0x44 zephyr/drivers/clock_control/libdrivers__clock_control.a(clock_control_nrf.c.obj)
 .text.generic_hfclk_stop
                0x0000000000031c5c       0x34 zephyr/drivers/clock_control/libdrivers__clock_control.a(clock_control_nrf.c.obj)
 .text.clk_init
                0x0000000000031c90       0x58 zephyr/drivers/clock_control/libdrivers__clock_control.a(clock_control_nrf.c.obj)
 .text.api_blocking_start
                0x0000000000031ce8       0x3c zephyr/drivers/clock_control/libdrivers__clock_control.a(clock_control_nrf.c.obj)
 .text.clkstarted_handle.constprop.0
                0x0000000000031d24       0x4c zephyr/drivers/clock_control/libdrivers__clock_control.a(clock_control_nrf.c.obj)
 .text.generic_hfclk_start
                0x0000000000031d70       0x78 zephyr/drivers/clock_control/libdrivers__clock_control.a(clock_control_nrf.c.obj)
 .text.clock_event_handler
                0x0000000000031de8       0x1c zephyr/drivers/clock_control/libdrivers__clock_control.a(clock_control_nrf.c.obj)
 .text.z_nrf_clock_control_get_onoff
                0x0000000000031e04       0x10 zephyr/drivers/clock_control/libdrivers__clock_control.a(clock_control_nrf.c.obj)
                0x0000000000031e04                z_nrf_clock_control_get_onoff
 .text.z_nrf_clock_bt_ctlr_hf_request
                0x0000000000031e14       0x2c zephyr/drivers/clock_control/libdrivers__clock_control.a(clock_control_nrf.c.obj)
                0x0000000000031e14                z_nrf_clock_bt_ctlr_hf_request
 .text.z_nrf_clock_bt_ctlr_hf_release
                0x0000000000031e40       0x34 zephyr/drivers/clock_control/libdrivers__clock_control.a(clock_control_nrf.c.obj)
                0x0000000000031e40                z_nrf_clock_bt_ctlr_hf_release
 .text.z_nrf_clock_control_lf_on
                0x0000000000031e74       0xfc zephyr/drivers/clock_control/libdrivers__clock_control.a(clock_control_nrf.c.obj)
                0x0000000000031e74                z_nrf_clock_control_lf_on
 .text.uart_console_init
                0x0000000000031f70       0x28 zephyr/drivers/console/libdrivers__console.a(uart_console.c.obj)
 .text.console_out
                0x0000000000031f98       0x28 zephyr/drivers/console/libdrivers__console.a(uart_console.c.obj)
 .text.random_byte_get
                0x0000000000031fc0       0x3c zephyr/drivers/entropy/libdrivers__entropy.a(entropy_nrf5.c.obj)
 .text.rng_pool_get
                0x0000000000031ffc       0x88 zephyr/drivers/entropy/libdrivers__entropy.a(entropy_nrf5.c.obj)
 .text.entropy_nrf5_get_entropy_isr
                0x0000000000032084       0xa8 zephyr/drivers/entropy/libdrivers__entropy.a(entropy_nrf5.c.obj)
 .text.entropy_nrf5_get_entropy
                0x000000000003212c       0x58 zephyr/drivers/entropy/libdrivers__entropy.a(entropy_nrf5.c.obj)
 .text.entropy_nrf5_init
                0x0000000000032184       0x70 zephyr/drivers/entropy/libdrivers__entropy.a(entropy_nrf5.c.obj)
 .text.isr      0x00000000000321f4       0x74 zephyr/drivers/entropy/libdrivers__entropy.a(entropy_nrf5.c.obj)
 .text.gpio_nrfx_pin_interrupt_configure
                0x0000000000032268      0x11c zephyr/drivers/gpio/libdrivers__gpio.a(gpio_nrfx.c.obj)
 .text.nrfx_gpio_handler
                0x0000000000032384       0x4c zephyr/drivers/gpio/libdrivers__gpio.a(gpio_nrfx.c.obj)
 .text.gpio_nrfx_init
                0x00000000000323d0       0x48 zephyr/drivers/gpio/libdrivers__gpio.a(gpio_nrfx.c.obj)
 .text.gpio_nrfx_pin_configure
                0x0000000000032418      0x18c zephyr/drivers/gpio/libdrivers__gpio.a(gpio_nrfx.c.obj)
 .text.nrf_gpio_pin_port_decode
                0x00000000000325a4       0x20 zephyr/drivers/pinctrl/libdrivers__pinctrl.a(pinctrl_nrf.c.obj)
 .text.pinctrl_configure_pins
                0x00000000000325c4      0x1a4 zephyr/drivers/pinctrl/libdrivers__pinctrl.a(pinctrl_nrf.c.obj)
                0x00000000000325c4                pinctrl_configure_pins
 .text.nrf_gpio_pin_port_decode
                0x0000000000032768       0x20 zephyr/drivers/pwm/libdrivers__pwm.a(pwm_nrfx.c.obj)
 .text.pwm_nrfx_init0
                0x0000000000032788       0xe4 zephyr/drivers/pwm/libdrivers__pwm.a(pwm_nrfx.c.obj)
 .text.pwm_nrfx_set_cycles
                0x000000000003286c      0x170 zephyr/drivers/pwm/libdrivers__pwm.a(pwm_nrfx.c.obj)
 .text.uarte_nrfx_poll_out
                0x00000000000329dc       0xb8 zephyr/drivers/serial/libdrivers__serial.a(uart_nrfx_uarte.c.obj)
 .text.uarte_0_init
                0x0000000000032a94      0x10c zephyr/drivers/serial/libdrivers__serial.a(uart_nrfx_uarte.c.obj)
 .text.compare_int_lock
                0x0000000000032ba0       0x48 zephyr/drivers/timer/libdrivers__timer.a(nrf_rtc_timer.c.obj)
 .text.sys_clock_timeout_handler
                0x0000000000032be8       0x48 zephyr/drivers/timer/libdrivers__timer.a(nrf_rtc_timer.c.obj)
 .text.compare_int_unlock
                0x0000000000032c30       0x5c zephyr/drivers/timer/libdrivers__timer.a(nrf_rtc_timer.c.obj)
 .text.z_nrf_rtc_timer_read
                0x0000000000032c8c       0x44 zephyr/drivers/timer/libdrivers__timer.a(nrf_rtc_timer.c.obj)
                0x0000000000032c8c                z_nrf_rtc_timer_read
 .text.compare_set
                0x0000000000032cd0      0x130 zephyr/drivers/timer/libdrivers__timer.a(nrf_rtc_timer.c.obj)
 .text.sys_clock_driver_init
                0x0000000000032e00       0x90 zephyr/drivers/timer/libdrivers__timer.a(nrf_rtc_timer.c.obj)
 .text.rtc_nrf_isr
                0x0000000000032e90       0xd4 zephyr/drivers/timer/libdrivers__timer.a(nrf_rtc_timer.c.obj)
                0x0000000000032e90                rtc_nrf_isr
 .text.sys_clock_set_timeout
                0x0000000000032f64       0x5c zephyr/drivers/timer/libdrivers__timer.a(nrf_rtc_timer.c.obj)
                0x0000000000032f64                sys_clock_set_timeout
 .text.sys_clock_elapsed
                0x0000000000032fc0       0x14 zephyr/drivers/timer/libdrivers__timer.a(nrf_rtc_timer.c.obj)
                0x0000000000032fc0                sys_clock_elapsed
 .text.wdt_nrf_install_timeout
                0x0000000000032fd4       0x7c zephyr/drivers/watchdog/libdrivers__watchdog.a(wdt_nrfx.c.obj)
 .text.wdt_nrf_setup
                0x0000000000033050       0x54 zephyr/drivers/watchdog/libdrivers__watchdog.a(wdt_nrfx.c.obj)
 .text.wdt_0_init
                0x00000000000330a4       0x30 zephyr/drivers/watchdog/libdrivers__watchdog.a(wdt_nrfx.c.obj)
 .text.wdt_0_event_handler
                0x00000000000330d4       0x3c zephyr/drivers/watchdog/libdrivers__watchdog.a(wdt_nrfx.c.obj)
 .text.nrf52_errata_98
                0x0000000000033110       0x24 modules/hal_nordic/nrfx/libnrfx.a(system_nrf52840.c.obj)
 .text.nvmc_wait
                0x0000000000033134       0x10 modules/hal_nordic/nrfx/libnrfx.a(system_nrf52840.c.obj)
                0x0000000000033134                nvmc_wait
 .text.SystemInit
                0x0000000000033144      0x1bc modules/hal_nordic/nrfx/libnrfx.a(system_nrf52840.c.obj)
                0x0000000000033144                SystemInit
 .text.nrfx_flag32_alloc
                0x0000000000033300       0x48 modules/hal_nordic/nrfx/libnrfx.a(nrfx_flag32_allocator.c.obj)
                0x0000000000033300                nrfx_flag32_alloc
 .text.nrfx_flag32_free
                0x0000000000033348       0x40 modules/hal_nordic/nrfx/libnrfx.a(nrfx_flag32_allocator.c.obj)
                0x0000000000033348                nrfx_flag32_free
 .text.nrfx_gppi_channels_enable
                0x0000000000033388        0xc modules/hal_nordic/nrfx/libnrfx.a(nrfx_gppi_ppi.c.obj)
                0x0000000000033388                nrfx_gppi_channels_enable
 .text.clock_stop
                0x0000000000033394       0xc4 modules/hal_nordic/nrfx/libnrfx.a(nrfx_clock.c.obj)
 .text.nrfx_clock_init
                0x0000000000033458       0x20 modules/hal_nordic/nrfx/libnrfx.a(nrfx_clock.c.obj)
                0x0000000000033458                nrfx_clock_init
 .text.nrfx_clock_enable
                0x0000000000033478       0x30 modules/hal_nordic/nrfx/libnrfx.a(nrfx_clock.c.obj)
                0x0000000000033478                nrfx_clock_enable
 .text.nrfx_clock_start
                0x00000000000334a8       0xa8 modules/hal_nordic/nrfx/libnrfx.a(nrfx_clock.c.obj)
                0x00000000000334a8                nrfx_clock_start
 .text.nrfx_clock_irq_handler
                0x0000000000033550       0x7c modules/hal_nordic/nrfx/libnrfx.a(nrfx_clock.c.obj)
                0x0000000000033550                nrfx_clock_irq_handler
 .text.nrf_gpio_pin_port_decode
                0x00000000000335cc       0x20 modules/hal_nordic/nrfx/libnrfx.a(nrfx_gpiote.c.obj)
 .text.get_pin_idx
                0x00000000000335ec       0x14 modules/hal_nordic/nrfx/libnrfx.a(nrfx_gpiote.c.obj)
 .text.call_handler.constprop.0
                0x0000000000033600       0x40 modules/hal_nordic/nrfx/libnrfx.a(nrfx_gpiote.c.obj)
 .text.pin_te_get.constprop.0
                0x0000000000033640       0x18 modules/hal_nordic/nrfx/libnrfx.a(nrfx_gpiote.c.obj)
 .text.pin_is_output.constprop.0
                0x0000000000033658       0x18 modules/hal_nordic/nrfx/libnrfx.a(nrfx_gpiote.c.obj)
 .text.pin_in_use_by_te.constprop.0
                0x0000000000033670       0x18 modules/hal_nordic/nrfx/libnrfx.a(nrfx_gpiote.c.obj)
 .text.latch_pending_read_and_check
                0x0000000000033688       0x40 modules/hal_nordic/nrfx/libnrfx.a(nrfx_gpiote.c.obj)
 .text.release_handler.isra.0
                0x00000000000336c8       0x58 modules/hal_nordic/nrfx/libnrfx.a(nrfx_gpiote.c.obj)
 .text.__nrfy_internal_gpiote_events_process.constprop.0
                0x0000000000033720       0x5c modules/hal_nordic/nrfx/libnrfx.a(nrfx_gpiote.c.obj)
 .text.pin_uninit
                0x000000000003377c       0x80 modules/hal_nordic/nrfx/libnrfx.a(nrfx_gpiote.c.obj)
 .text.nrfx_gpiote_input_configure
                0x00000000000337fc      0x178 modules/hal_nordic/nrfx/libnrfx.a(nrfx_gpiote.c.obj)
                0x00000000000337fc                nrfx_gpiote_input_configure
 .text.nrfx_gpiote_output_configure
                0x0000000000033974       0xfc modules/hal_nordic/nrfx/libnrfx.a(nrfx_gpiote.c.obj)
                0x0000000000033974                nrfx_gpiote_output_configure
 .text.nrfx_gpiote_global_callback_set
                0x0000000000033a70        0xc modules/hal_nordic/nrfx/libnrfx.a(nrfx_gpiote.c.obj)
                0x0000000000033a70                nrfx_gpiote_global_callback_set
 .text.nrfx_gpiote_channel_get
                0x0000000000033a7c       0x34 modules/hal_nordic/nrfx/libnrfx.a(nrfx_gpiote.c.obj)
                0x0000000000033a7c                nrfx_gpiote_channel_get
 .text.nrfx_gpiote_init
                0x0000000000033ab0       0x48 modules/hal_nordic/nrfx/libnrfx.a(nrfx_gpiote.c.obj)
                0x0000000000033ab0                nrfx_gpiote_init
 .text.nrfx_gpiote_init_check
                0x0000000000033af8       0x14 modules/hal_nordic/nrfx/libnrfx.a(nrfx_gpiote.c.obj)
                0x0000000000033af8                nrfx_gpiote_init_check
 .text.nrfx_gpiote_channel_free
                0x0000000000033b0c       0x10 modules/hal_nordic/nrfx/libnrfx.a(nrfx_gpiote.c.obj)
                0x0000000000033b0c                nrfx_gpiote_channel_free
 .text.nrfx_gpiote_channel_alloc
                0x0000000000033b1c       0x10 modules/hal_nordic/nrfx/libnrfx.a(nrfx_gpiote.c.obj)
                0x0000000000033b1c                nrfx_gpiote_channel_alloc
 .text.nrfx_gpiote_trigger_enable
                0x0000000000033b2c       0xa8 modules/hal_nordic/nrfx/libnrfx.a(nrfx_gpiote.c.obj)
                0x0000000000033b2c                nrfx_gpiote_trigger_enable
 .text.nrfx_gpiote_0_irq_handler
                0x0000000000033bd4      0x1b0 modules/hal_nordic/nrfx/libnrfx.a(nrfx_gpiote.c.obj)
                0x0000000000033bd4                nrfx_gpiote_0_irq_handler
 .text.nrfx_power_init
                0x0000000000033d84       0x74 modules/hal_nordic/nrfx/libnrfx.a(nrfx_power.c.obj)
                0x0000000000033d84                nrfx_power_init
 .text.nrfx_power_usbevt_uninit
                0x0000000000033df8       0x18 modules/hal_nordic/nrfx/libnrfx.a(nrfx_power.c.obj)
                0x0000000000033df8                nrfx_power_usbevt_uninit
 .text.nrfx_power_usbevt_init
                0x0000000000033e10       0x14 modules/hal_nordic/nrfx/libnrfx.a(nrfx_power.c.obj)
                0x0000000000033e10                nrfx_power_usbevt_init
 .text.nrfx_power_irq_handler
                0x0000000000033e24       0xa0 modules/hal_nordic/nrfx/libnrfx.a(nrfx_power.c.obj)
                0x0000000000033e24                nrfx_power_irq_handler
 .text.nrfx_ppi_channel_alloc
                0x0000000000033ec4        0xc modules/hal_nordic/nrfx/libnrfx.a(nrfx_ppi.c.obj)
                0x0000000000033ec4                nrfx_ppi_channel_alloc
 .text.nrf_gpio_pin_port_decode
                0x0000000000033ed0       0x20 modules/hal_nordic/nrfx/libnrfx.a(nrfx_pwm.c.obj)
 .text.pwm_stopped_check
                0x0000000000033ef0       0x34 modules/hal_nordic/nrfx/libnrfx.a(nrfx_pwm.c.obj)
 .text.pwm_configure
                0x0000000000033f24       0xe8 modules/hal_nordic/nrfx/libnrfx.a(nrfx_pwm.c.obj)
 .text.nrfx_pwm_init
                0x000000000003400c       0x4c modules/hal_nordic/nrfx/libnrfx.a(nrfx_pwm.c.obj)
                0x000000000003400c                nrfx_pwm_init
 .text.nrfx_pwm_simple_playback
                0x0000000000034058       0x7c modules/hal_nordic/nrfx/libnrfx.a(nrfx_pwm.c.obj)
                0x0000000000034058                nrfx_pwm_simple_playback
 .text.nrfx_pwm_stop
                0x00000000000340d4       0x44 modules/hal_nordic/nrfx/libnrfx.a(nrfx_pwm.c.obj)
                0x00000000000340d4                nrfx_pwm_stop
 .text.nrfx_pwm_0_irq_handler
                0x0000000000034118       0x78 modules/hal_nordic/nrfx/libnrfx.a(nrfx_pwm.c.obj)
                0x0000000000034118                nrfx_pwm_0_irq_handler
 .text.wdt_configure
                0x0000000000034190       0x50 modules/hal_nordic/nrfx/libnrfx.a(nrfx_wdt.c.obj)
 .text.nrfx_wdt_init
                0x00000000000341e0       0x34 modules/hal_nordic/nrfx/libnrfx.a(nrfx_wdt.c.obj)
                0x00000000000341e0                nrfx_wdt_init
 .text.nrfx_wdt_reconfigure
                0x0000000000034214       0x34 modules/hal_nordic/nrfx/libnrfx.a(nrfx_wdt.c.obj)
                0x0000000000034214                nrfx_wdt_reconfigure
 .text.nrfx_wdt_enable
                0x0000000000034248       0x18 modules/hal_nordic/nrfx/libnrfx.a(nrfx_wdt.c.obj)
                0x0000000000034248                nrfx_wdt_enable
 .text.nrfx_wdt_channel_alloc
                0x0000000000034260       0x54 modules/hal_nordic/nrfx/libnrfx.a(nrfx_wdt.c.obj)
                0x0000000000034260                nrfx_wdt_channel_alloc
 .text.nrfx_wdt_channel_feed
                0x00000000000342b4       0x14 modules/hal_nordic/nrfx/libnrfx.a(nrfx_wdt.c.obj)
                0x00000000000342b4                nrfx_wdt_channel_feed
 .text.nrfx_wdt_0_irq_handler
                0x00000000000342c8       0x34 modules/hal_nordic/nrfx/libnrfx.a(nrfx_wdt.c.obj)
                0x00000000000342c8                nrfx_wdt_0_irq_handler
 .text.k_sys_fatal_error_handler
                0x00000000000342fc       0x20 zephyr/kernel/libkernel.a(fatal.c.obj)
                0x00000000000342fc                k_sys_fatal_error_handler
 .text.z_fatal_error
                0x000000000003431c       0xe8 zephyr/kernel/libkernel.a(fatal.c.obj)
                0x000000000003431c                z_fatal_error
 .text.z_sys_init_run_level